ADMIT {'N': 12, 'family': 'packet', 'fill': 1}
COMPLETE {'N': 12, 'family': 'packet', 'fill': 1, 'seconds': 0.0036254560109227896, 'peak_rss_kib': 221116}
ADMIT {'N': 12, 'family': 'packet', 'fill': -1}
COMPLETE {'N': 12, 'family': 'packet', 'fill': -1, 'seconds': 0.004030392970889807, 'peak_rss_kib': 222900}
ADMIT {'N': 12, 'family': 'signed_packet', 'fill': 1}
COMPLETE {'N': 12, 'family': 'signed_packet', 'fill': 1, 'seconds': 0.0040025110356509686, 'peak_rss_kib': 220372}
ADMIT {'N': 12, 'family': 'signed_packet', 'fill': -1}
COMPLETE {'N': 12, 'family': 'signed_packet', 'fill': -1, 'seconds': 0.004470593063160777, 'peak_rss_kib': 222880}
ADMIT {'N': 12, 'family': 'signed_packet_chain', 'fill': 1}
COMPLETE {'N': 12, 'family': 'signed_packet_chain', 'fill': 1, 'seconds': 0.004217734094709158, 'peak_rss_kib': 221872}
ADMIT {'N': 12, 'family': 'signed_packet_chain', 'fill': -1}
COMPLETE {'N': 12, 'family': 'signed_packet_chain', 'fill': -1, 'seconds': 0.004163011908531189, 'peak_rss_kib': 219228}
ADMIT {'N': 18, 'family': 'packet', 'fill': 1}
COMPLETE {'N': 18, 'family': 'packet', 'fill': 1, 'seconds': 0.0894630840048194, 'peak_rss_kib': 221972}
ADMIT {'N': 18, 'family': 'packet', 'fill': -1}
COMPLETE {'N': 18, 'family': 'packet', 'fill': -1, 'seconds': 0.0907232838217169, 'peak_rss_kib': 221184}
ADMIT {'N': 18, 'family': 'signed_packet', 'fill': 1}
COMPLETE {'N': 18, 'family': 'signed_packet', 'fill': 1, 'seconds': 0.12418463290669024, 'peak_rss_kib': 223036}
ADMIT {'N': 18, 'family': 'signed_packet', 'fill': -1}
COMPLETE {'N': 18, 'family': 'signed_packet', 'fill': -1, 'seconds': 0.1251802460756153, 'peak_rss_kib': 221016}
ADMIT {'N': 18, 'family': 'signed_packet_chain', 'fill': 1}
COMPLETE {'N': 18, 'family': 'signed_packet_chain', 'fill': 1, 'seconds': 0.09478498413227499, 'peak_rss_kib': 221336}
ADMIT {'N': 18, 'family': 'signed_packet_chain', 'fill': -1}
COMPLETE {'N': 18, 'family': 'signed_packet_chain', 'fill': -1, 'seconds': 0.09189472999423742, 'peak_rss_kib': 223156}
