"MATTER_SEARCH Domain, SLC-GEN4-P1 \u2014 verified; CE: SLC-GEN4-CE-P1; domain engine: GEN3-R4; Chalkboard: OFF (owner-suspended)"
Process ForkProcess-62:
Traceback (most recent call last):
  File "/usr/lib/python3.12/multiprocessing/process.py", line 314, in _bootstrap
    self.run()
  File "/usr/lib/python3.12/multiprocessing/process.py", line 108, in run
    self._target(*self._args, **self._kwargs)
  File "/opt/gen4/spin-n120-frontier1/run.py", line 30, in worker
    cp.cuda.Device(device).use();resident={}
    ^^^^^^^^^^^^^^^^^^^^^^^^^^^^
  File "/opt/gen4-learning/GEN4/frustrated_spin_pod14_learning1/runner.py", line 10, in stop
    raise KeyboardInterrupt('OWNER_OR_DEADLINE_STOP')
KeyboardInterrupt: OWNER_OR_DEADLINE_STOP
Process ForkProcess-66:
Traceback (most recent call last):
  File "/usr/lib/python3.12/multiprocessing/process.py", line 314, in _bootstrap
    self.run()
  File "/usr/lib/python3.12/multiprocessing/process.py", line 108, in run
    self._target(*self._args, **self._kwargs)
  File "/opt/gen4/spin-n120-frontier1/run.py", line 30, in worker
    cp.cuda.Device(device).use();resident={}
    ^^^^^^^^^^^^^^^^^^^^^^^^^^^^
  File "/opt/gen4-learning/GEN4/frustrated_spin_pod14_learning1/runner.py", line 10, in stop
    raise KeyboardInterrupt('OWNER_OR_DEADLINE_STOP')
KeyboardInterrupt: OWNER_OR_DEADLINE_STOP
Process ForkProcess-70:
Traceback (most recent call last):
  File "/usr/lib/python3.12/multiprocessing/process.py", line 314, in _bootstrap
    self.run()
  File "/usr/lib/python3.12/multiprocessing/process.py", line 108, in run
    self._target(*self._args, **self._kwargs)
  File "/opt/gen4/spin-n120-frontier1/run.py", line 30, in worker
    cp.cuda.Device(device).use();resident={}
    ^^^^^^^^^^^^^^^^^^^^^^^^^^^^
  File "/opt/gen4-learning/GEN4/frustrated_spin_pod14_learning1/runner.py", line 10, in stop
    raise KeyboardInterrupt('OWNER_OR_DEADLINE_STOP')
KeyboardInterrupt: OWNER_OR_DEADLINE_STOP
Process ForkProcess-67:
Traceback (most recent call last):
  File "/usr/lib/python3.12/multiprocessing/process.py", line 314, in _bootstrap
    self.run()
  File "/usr/lib/python3.12/multiprocessing/process.py", line 108, in run
    self._target(*self._args, **self._kwargs)
  File "/opt/gen4/spin-n120-frontier1/run.py", line 30, in worker
    cp.cuda.Device(device).use();resident={}
    ^^^^^^^^^^^^^^^^^^^^^^^^^^^^
  File "/opt/gen4-learning/GEN4/frustrated_spin_pod14_learning1/runner.py", line 10, in stop
    raise KeyboardInterrupt('OWNER_OR_DEADLINE_STOP')
KeyboardInterrupt: OWNER_OR_DEADLINE_STOP
Process ForkProcess-57:
Traceback (most recent call last):
  File "/usr/lib/python3.12/multiprocessing/process.py", line 314, in _bootstrap
    self.run()
  File "/usr/lib/python3.12/multiprocessing/process.py", line 108, in run
    self._target(*self._args, **self._kwargs)
  File "/opt/gen4/spin-n120-frontier1/run.py", line 30, in worker
    cp.cuda.Device(device).use();resident={}
    ^^^^^^^^^^^^^^^^^^^^^^^^^^^^
  File "/opt/gen4-learning/GEN4/frustrated_spin_pod14_learning1/runner.py", line 10, in stop
    raise KeyboardInterrupt('OWNER_OR_DEADLINE_STOP')
KeyboardInterrupt: OWNER_OR_DEADLINE_STOP
Process ForkProcess-63:
Traceback (most recent call last):
  File "/usr/lib/python3.12/multiprocessing/process.py", line 314, in _bootstrap
    self.run()
  File "/usr/lib/python3.12/multiprocessing/process.py", line 108, in run
    self._target(*self._args, **self._kwargs)
  File "/opt/gen4/spin-n120-frontier1/run.py", line 30, in worker
    cp.cuda.Device(device).use();resident={}
    ^^^^^^^^^^^^^^^^^^^^^^^^^^^^
  File "/opt/gen4-learning/GEN4/frustrated_spin_pod14_learning1/runner.py", line 10, in stop
    raise KeyboardInterrupt('OWNER_OR_DEADLINE_STOP')
KeyboardInterrupt: OWNER_OR_DEADLINE_STOP
Process ForkProcess-61:
Traceback (most recent call last):
  File "/usr/lib/python3.12/multiprocessing/process.py", line 314, in _bootstrap
    self.run()
  File "/usr/lib/python3.12/multiprocessing/process.py", line 108, in run
    self._target(*self._args, **self._kwargs)
  File "/opt/gen4/spin-n120-frontier1/run.py", line 30, in worker
    cp.cuda.Device(device).use();resident={}
    ^^^^^^^^^^^^^^^^^^^^^^^^^^^^
  File "/opt/gen4-learning/GEN4/frustrated_spin_pod14_learning1/runner.py", line 10, in stop
    raise KeyboardInterrupt('OWNER_OR_DEADLINE_STOP')
KeyboardInterrupt: OWNER_OR_DEADLINE_STOP
Process ForkProcess-69:
Traceback (most recent call last):
  File "/usr/lib/python3.12/multiprocessing/process.py", line 314, in _bootstrap
    self.run()
  File "/usr/lib/python3.12/multiprocessing/process.py", line 108, in run
    self._target(*self._args, **self._kwargs)
  File "/opt/gen4/spin-n120-frontier1/run.py", line 30, in worker
    cp.cuda.Device(device).use();resident={}
    ^^^^^^^^^^^^^^^^^^^^^^^^^^^^
  File "/opt/gen4-learning/GEN4/frustrated_spin_pod14_learning1/runner.py", line 10, in stop
    raise KeyboardInterrupt('OWNER_OR_DEADLINE_STOP')
KeyboardInterrupt: OWNER_OR_DEADLINE_STOP
Process ForkProcess-64:
Traceback (most recent call last):
  File "/usr/lib/python3.12/multiprocessing/process.py", line 314, in _bootstrap
    self.run()
  File "/usr/lib/python3.12/multiprocessing/process.py", line 108, in run
    self._target(*self._args, **self._kwargs)
  File "/opt/gen4/spin-n120-frontier1/run.py", line 30, in worker
    cp.cuda.Device(device).use();resident={}
    ^^^^^^^^^^^^^^^^^^^^^^^^^^^^
  File "/opt/gen4-learning/GEN4/frustrated_spin_pod14_learning1/runner.py", line 10, in stop
    raise KeyboardInterrupt('OWNER_OR_DEADLINE_STOP')
KeyboardInterrupt: OWNER_OR_DEADLINE_STOP
Process ForkProcess-58:
Traceback (most recent call last):
  File "/usr/lib/python3.12/multiprocessing/process.py", line 314, in _bootstrap
    self.run()
  File "/usr/lib/python3.12/multiprocessing/process.py", line 108, in run
    self._target(*self._args, **self._kwargs)
  File "/opt/gen4/spin-n120-frontier1/run.py", line 30, in worker
    cp.cuda.Device(device).use();resident={}
    ^^^^^^^^^^^^^^^^^^^^^^^^^^^^
  File "/opt/gen4-learning/GEN4/frustrated_spin_pod14_learning1/runner.py", line 10, in stop
    raise KeyboardInterrupt('OWNER_OR_DEADLINE_STOP')
KeyboardInterrupt: OWNER_OR_DEADLINE_STOP
Process ForkProcess-59:
Traceback (most recent call last):
  File "/usr/lib/python3.12/multiprocessing/process.py", line 314, in _bootstrap
    self.run()
  File "/usr/lib/python3.12/multiprocessing/process.py", line 108, in run
    self._target(*self._args, **self._kwargs)
  File "/opt/gen4/spin-n120-frontier1/run.py", line 30, in worker
    cp.cuda.Device(device).use();resident={}
    ^^^^^^^^^^^^^^^^^^^^^^^^^^^^
  File "/opt/gen4-learning/GEN4/frustrated_spin_pod14_learning1/runner.py", line 10, in stop
    raise KeyboardInterrupt('OWNER_OR_DEADLINE_STOP')
KeyboardInterrupt: OWNER_OR_DEADLINE_STOP
Process ForkProcess-60:
Traceback (most recent call last):
  File "/usr/lib/python3.12/multiprocessing/process.py", line 314, in _bootstrap
    self.run()
  File "/usr/lib/python3.12/multiprocessing/process.py", line 108, in run
    self._target(*self._args, **self._kwargs)
  File "/opt/gen4/spin-n120-frontier1/run.py", line 30, in worker
    cp.cuda.Device(device).use();resident={}
    ^^^^^^^^^^^^^^^^^^^^^^^^^^^^
  File "/opt/gen4-learning/GEN4/frustrated_spin_pod14_learning1/runner.py", line 10, in stop
    raise KeyboardInterrupt('OWNER_OR_DEADLINE_STOP')
KeyboardInterrupt: OWNER_OR_DEADLINE_STOP
Process ForkProcess-68:
Traceback (most recent call last):
  File "/usr/lib/python3.12/multiprocessing/process.py", line 314, in _bootstrap
    self.run()
  File "/usr/lib/python3.12/multiprocessing/process.py", line 108, in run
    self._target(*self._args, **self._kwargs)
  File "/opt/gen4/spin-n120-frontier1/run.py", line 30, in worker
    cp.cuda.Device(device).use();resident={}
    ^^^^^^^^^^^^^^^^^^^^^^^^^^^^
  File "/opt/gen4-learning/GEN4/frustrated_spin_pod14_learning1/runner.py", line 10, in stop
    raise KeyboardInterrupt('OWNER_OR_DEADLINE_STOP')
KeyboardInterrupt: OWNER_OR_DEADLINE_STOP
Process ForkProcess-65:
Traceback (most recent call last):
  File "/usr/lib/python3.12/multiprocessing/process.py", line 314, in _bootstrap
    self.run()
  File "/usr/lib/python3.12/multiprocessing/process.py", line 108, in run
    self._target(*self._args, **self._kwargs)
  File "/opt/gen4/spin-n120-frontier1/run.py", line 30, in worker
    cp.cuda.Device(device).use();resident={}
    ^^^^^^^^^^^^^^^^^^^^^^^^^^^^
  File "/opt/gen4-learning/GEN4/frustrated_spin_pod14_learning1/runner.py", line 10, in stop
    raise KeyboardInterrupt('OWNER_OR_DEADLINE_STOP')
KeyboardInterrupt: OWNER_OR_DEADLINE_STOP
Traceback (most recent call last):
  File "/opt/gen4-learning/GEN4/frustrated_spin_pod14_learning1/runner.py", line 77, in <module>
    else:serve()
         ^^^^^^^
  File "/opt/gen4-learning/GEN4/frustrated_spin_pod14_learning1/runner.py", line 61, in serve
    r=session.execute('GEN4_POD14_RESEARCH',dict(question=q,code_sha256=sha(P/'execution.py')),purpose=q['question'])
      ^^^^^^^^^^^^^^^^^^^^^^^^^^^^^^^^^^^^^^^^^^^^^^^^^^^^^^^^^^^^^^^^^^^^^^^^^^^^^^^^^^^^^^^^^^^^^^^^^^^^^^^^^^^^^^^
  File "/opt/gen4-learning/GEN4/frustrated_spin_pod14_learning1/runtime/SAM_PROJECT/session.py", line 201, in execute
    return self._call(operation, payload,
           ^^^^^^^^^^^^^^^^^^^^^^^^^^^^^^
  File "/opt/gen4-learning/GEN4/frustrated_spin_pod14_learning1/runtime/SAM_PROJECT/session.py", line 174, in _call
    result = action()
             ^^^^^^^^
  File "/opt/gen4-learning/GEN4/frustrated_spin_pod14_learning1/runtime/SAM_PROJECT/session.py", line 202, in <lambda>
    lambda: self.consumer.execute(operation, payload), purpose=purpose)
            ^^^^^^^^^^^^^^^^^^^^^^^^^^^^^^^^^^^^^^^^^
  File "/opt/gen4-learning/GEN4/frustrated_spin_pod14_learning1/execution.py", line 249, in execute
    if q['kind']=='gpu':return self.production.gpu(q,c)
                               ^^^^^^^^^^^^^^^^^^^^^^^^
  File "/opt/gen4-learning/GEN4/frustrated_spin_pod14_learning1/execution.py", line 184, in gpu
    if mode=='branch':r=self.adapter.execute('GEN4_N120_CHUNKED_SOLVE',dict(case=ci,source_sha256=s['source_sha256'],plan_sha256=p['mathematical_plan_sha256']));assert r['status']=='EXACT','PARTIAL_EXACT_TASKS_ONLY'
                        ^^^^^^^^^^^^^^^^^^^^^^^^^^^^^^^^^^^^^^^^^^^^^^^^^^^^^^^^^^^^^^^^^^^^^^^^^^^^^^^^^^^^^^^^^^^^^^^^^^^^^^^^^^^^^^^^^^^^^^^^^^^^^^^^^^^^^^^^
  File "/opt/gen4/spin-n120-frontier1/run.py", line 115, in execute
    ci=payload['case'];assert self.cases[ci][0]['source_sha256']==payload['source_sha256'];assert self.cases[ci][1]['mathematical_plan_sha256']==payload['plan_sha256'];r=self.solve_chunked(ci);compressed(self.ram/f'RESULT{ci}.json.gz',r);return r
                                                                                                                                                                          ^^^^^^^^^^^^^^^^^^^^^^
  File "/opt/gen4/spin-n120-frontier1/run.py", line 76, in solve_chunked
    kind,d,data=self.receive();assert kind=='READY';boot.append(dict(gpu=d,**data))
                ^^^^^^^^^^^^^^
  File "/opt/gen4/spin-focused1/engine.py", line 88, in receive
    msg=self.answers.get(timeout=2)
        ^^^^^^^^^^^^^^^^^^^^^^^^^^^
  File "/usr/lib/python3.12/multiprocessing/queues.py", line 113, in get
    if not self._poll(timeout):
           ^^^^^^^^^^^^^^^^^^^
  File "/usr/lib/python3.12/multiprocessing/connection.py", line 257, in poll
    return self._poll(timeout)
           ^^^^^^^^^^^^^^^^^^^
  File "/usr/lib/python3.12/multiprocessing/connection.py", line 440, in _poll
    r = wait([self], timeout)
        ^^^^^^^^^^^^^^^^^^^^^
  File "/usr/lib/python3.12/multiprocessing/connection.py", line 1136, in wait
    ready = selector.select(timeout)
            ^^^^^^^^^^^^^^^^^^^^^^^^
  File "/usr/lib/python3.12/selectors.py", line 415, in select
    fd_event_list = self._selector.poll(timeout)
                    ^^^^^^^^^^^^^^^^^^^^^^^^^^^^
  File "/opt/gen4-learning/GEN4/frustrated_spin_pod14_learning1/runner.py", line 10, in stop
    raise KeyboardInterrupt('OWNER_OR_DEADLINE_STOP')
KeyboardInterrupt: OWNER_OR_DEADLINE_STOP
"MATTER_SEARCH Domain, SLC-GEN4-P1 \u2014 verified; CE: SLC-GEN4-CE-P1; domain engine: GEN3-R4; Chalkboard: OFF (owner-suspended)"
{"N": 100, "case": 13, "completed_tasks": 10240, "total_tasks": 10240, "elapsed_seconds": 24.938017899, "estimated_remaining_seconds": 0.0, "roots_batch": 16, "branches_per_task": 16, "workers": 14, "time_budget_stop": false}
{"N": 105, "case": 14, "completed_tasks": 8884, "total_tasks": 20480, "elapsed_seconds": 30.002533164, "estimated_remaining_seconds": 39.161343377954076, "roots_batch": 16, "branches_per_task": 16, "workers": 14, "time_budget_stop": false}
{"N": 105, "case": 14, "completed_tasks": 17840, "total_tasks": 20480, "elapsed_seconds": 60.099885569, "estimated_remaining_seconds": 8.893705039358744, "roots_batch": 16, "branches_per_task": 16, "workers": 14, "time_budget_stop": false}
{"N": 105, "case": 14, "completed_tasks": 20480, "total_tasks": 20480, "elapsed_seconds": 68.978095246, "estimated_remaining_seconds": 0.0, "roots_batch": 16, "branches_per_task": 16, "workers": 14, "time_budget_stop": false}
{"N": 108, "case": 15, "completed_tasks": 7393, "total_tasks": 20480, "elapsed_seconds": 30.003417629, "estimated_remaining_seconds": 53.11169031661342, "roots_batch": 16, "branches_per_task": 16, "workers": 14, "time_budget_stop": false}
{"N": 108, "case": 15, "completed_tasks": 14830, "total_tasks": 20480, "elapsed_seconds": 60.085416392, "estimated_remaining_seconds": 22.89161177443021, "roots_batch": 16, "branches_per_task": 16, "workers": 14, "time_budget_stop": false}
{"N": 108, "case": 15, "completed_tasks": 20480, "total_tasks": 20480, "elapsed_seconds": 82.893600482, "estimated_remaining_seconds": 0.0, "roots_batch": 16, "branches_per_task": 16, "workers": 14, "time_budget_stop": false}
{"N": 112, "case": 16, "completed_tasks": 6409, "total_tasks": 20480, "elapsed_seconds": 30.006324905, "estimated_remaining_seconds": 65.8790759460532, "roots_batch": 16, "branches_per_task": 16, "workers": 14, "time_budget_stop": false}
{"N": 112, "case": 16, "completed_tasks": 12850, "total_tasks": 20480, "elapsed_seconds": 60.053415801, "estimated_remaining_seconds": 35.65817607483502, "roots_batch": 16, "branches_per_task": 16, "workers": 14, "time_budget_stop": false}
{"N": 112, "case": 16, "completed_tasks": 19298, "total_tasks": 20480, "elapsed_seconds": 90.144263964, "estimated_remaining_seconds": 5.521324489866722, "roots_batch": 16, "branches_per_task": 16, "workers": 14, "time_budget_stop": false}
{"N": 112, "case": 16, "completed_tasks": 20480, "total_tasks": 20480, "elapsed_seconds": 95.664190423, "estimated_remaining_seconds": 0.0, "roots_batch": 16, "branches_per_task": 16, "workers": 14, "time_budget_stop": false}
{"N": 119, "case": 17, "completed_tasks": 2398, "total_tasks": 40960, "elapsed_seconds": 30.019885659, "estimated_remaining_seconds": 482.7468018275054, "roots_batch": 16, "branches_per_task": 16, "workers": 14, "time_budget_stop": false}
{"N": 119, "case": 17, "completed_tasks": 4814, "total_tasks": 40960, "elapsed_seconds": 60.046033785, "estimated_remaining_seconds": 450.85665500469673, "roots_batch": 16, "branches_per_task": 16, "workers": 14, "time_budget_stop": false}
{"N": 119, "case": 17, "completed_tasks": 7240, "total_tasks": 40960, "elapsed_seconds": 90.116496888, "estimated_remaining_seconds": 419.7138501468729, "roots_batch": 16, "branches_per_task": 16, "workers": 14, "time_budget_stop": false}
{"N": 119, "case": 17, "completed_tasks": 9663, "total_tasks": 40960, "elapsed_seconds": 120.198998432, "estimated_remaining_seconds": 389.3064321562976, "roots_batch": 16, "branches_per_task": 16, "workers": 14, "time_budget_stop": false}
{"N": 119, "case": 17, "completed_tasks": 12086, "total_tasks": 40960, "elapsed_seconds": 150.279964784, "estimated_remaining_seconds": 359.02562495227664, "roots_batch": 16, "branches_per_task": 16, "workers": 14, "time_budget_stop": false}
{"N": 119, "case": 17, "completed_tasks": 14511, "total_tasks": 40960, "elapsed_seconds": 180.400889762, "estimated_remaining_seconds": 328.8142190969015, "roots_batch": 16, "branches_per_task": 16, "workers": 14, "time_budget_stop": false}
{"N": 119, "case": 17, "completed_tasks": 16938, "total_tasks": 40960, "elapsed_seconds": 210.506993668, "estimated_remaining_seconds": 298.5475854228773, "roots_batch": 16, "branches_per_task": 16, "workers": 14, "time_budget_stop": false}
{"N": 119, "case": 17, "completed_tasks": 19360, "total_tasks": 40960, "elapsed_seconds": 240.612369318, "estimated_remaining_seconds": 268.4518170076859, "roots_batch": 16, "branches_per_task": 16, "workers": 14, "time_budget_stop": false}
{"N": 119, "case": 17, "completed_tasks": 21789, "total_tasks": 40960, "elapsed_seconds": 270.757838321, "estimated_remaining_seconds": 238.22564222552165, "roots_batch": 16, "branches_per_task": 16, "workers": 14, "time_budget_stop": false}
{"N": 119, "case": 17, "completed_tasks": 24219, "total_tasks": 40960, "elapsed_seconds": 300.886814102, "estimated_remaining_seconds": 207.98324269712137, "roots_batch": 16, "branches_per_task": 16, "workers": 14, "time_budget_stop": false}
{"N": 119, "case": 17, "completed_tasks": 26650, "total_tasks": 40960, "elapsed_seconds": 331.064939773, "estimated_remaining_seconds": 177.76882882370091, "roots_batch": 16, "branches_per_task": 16, "workers": 14, "time_budget_stop": false}
{"N": 119, "case": 17, "completed_tasks": 29083, "total_tasks": 40960, "elapsed_seconds": 361.246441173, "estimated_remaining_seconds": 147.5268707427611, "roots_batch": 16, "branches_per_task": 16, "workers": 14, "time_budget_stop": false}
{"N": 119, "case": 17, "completed_tasks": 31515, "total_tasks": 40960, "elapsed_seconds": 391.432706016, "estimated_remaining_seconds": 117.3118168593089, "roots_batch": 16, "branches_per_task": 16, "workers": 14, "time_budget_stop": false}
{"N": 119, "case": 17, "completed_tasks": 33946, "total_tasks": 40960, "elapsed_seconds": 421.621550272, "estimated_remaining_seconds": 87.1164070467156, "roots_batch": 16, "branches_per_task": 16, "workers": 14, "time_budget_stop": false}
{"N": 119, "case": 17, "completed_tasks": 36384, "total_tasks": 40960, "elapsed_seconds": 451.838154814, "estimated_remaining_seconds": 56.82749000738963, "roots_batch": 16, "branches_per_task": 16, "workers": 14, "time_budget_stop": false}
{"N": 119, "case": 17, "completed_tasks": 38821, "total_tasks": 40960, "elapsed_seconds": 482.065429233, "estimated_remaining_seconds": 26.56134445607756, "roots_batch": 16, "branches_per_task": 16, "workers": 14, "time_budget_stop": false}
{"N": 119, "case": 17, "completed_tasks": 40960, "total_tasks": 40960, "elapsed_seconds": 508.618886175, "estimated_remaining_seconds": 0.0, "roots_batch": 16, "branches_per_task": 16, "workers": 14, "time_budget_stop": false}
{"N": 118, "case": 25, "completed_tasks": 2394, "total_tasks": 20480, "elapsed_seconds": 30.02154133, "estimated_remaining_seconds": 226.80434272948204, "roots_batch": 16, "branches_per_task": 16, "workers": 14, "time_budget_stop": false}
{"N": 118, "case": 25, "completed_tasks": 4813, "total_tasks": 20480, "elapsed_seconds": 60.08005962, "estimated_remaining_seconds": 195.56914482994804, "roots_batch": 16, "branches_per_task": 16, "workers": 14, "time_budget_stop": false}
{"N": 118, "case": 25, "completed_tasks": 7235, "total_tasks": 20480, "elapsed_seconds": 90.155168969, "estimated_remaining_seconds": 165.04564104967588, "roots_batch": 16, "branches_per_task": 16, "workers": 14, "time_budget_stop": false}
{"N": 118, "case": 25, "completed_tasks": 9660, "total_tasks": 20480, "elapsed_seconds": 120.259050857, "estimated_remaining_seconds": 134.7000963015259, "roots_batch": 16, "branches_per_task": 16, "workers": 14, "time_budget_stop": false}
{"N": 118, "case": 25, "completed_tasks": 12082, "total_tasks": 20480, "elapsed_seconds": 150.31131118, "estimated_remaining_seconds": 104.47892660897533, "roots_batch": 16, "branches_per_task": 16, "workers": 14, "time_budget_stop": false}
{"N": 118, "case": 25, "completed_tasks": 14504, "total_tasks": 20480, "elapsed_seconds": 180.41231251, "estimated_remaining_seconds": 74.33425121068395, "roots_batch": 16, "branches_per_task": 16, "workers": 14, "time_budget_stop": false}
{"N": 118, "case": 25, "completed_tasks": 16935, "total_tasks": 20480, "elapsed_seconds": 210.5408634, "estimated_remaining_seconds": 44.07247480088574, "roots_batch": 16, "branches_per_task": 16, "workers": 14, "time_budget_stop": false}
{"N": 118, "case": 25, "completed_tasks": 19357, "total_tasks": 20480, "elapsed_seconds": 240.655198917, "estimated_remaining_seconds": 13.961656681499766, "roots_batch": 16, "branches_per_task": 16, "workers": 14, "time_budget_stop": false}
{"N": 118, "case": 25, "completed_tasks": 20480, "total_tasks": 20480, "elapsed_seconds": 254.545274932, "estimated_remaining_seconds": 0.0, "roots_batch": 16, "branches_per_task": 16, "workers": 14, "time_budget_stop": false}
{"N": 99, "case": 28, "completed_tasks": 10240, "total_tasks": 10240, "elapsed_seconds": 19.481840529, "estimated_remaining_seconds": 0.0, "roots_batch": 16, "branches_per_task": 16, "workers": 14, "time_budget_stop": false}
{"N": 114, "case": 32, "completed_tasks": 4132, "total_tasks": 20480, "elapsed_seconds": 30.026045199, "estimated_remaining_seconds": 118.79617301869602, "roots_batch": 16, "branches_per_task": 16, "workers": 14, "time_budget_stop": false}
{"N": 114, "case": 32, "completed_tasks": 8309, "total_tasks": 20480, "elapsed_seconds": 60.096853235, "estimated_remaining_seconds": 88.02970281901372, "roots_batch": 16, "branches_per_task": 16, "workers": 14, "time_budget_stop": false}
{"N": 114, "case": 32, "completed_tasks": 12487, "total_tasks": 20480, "elapsed_seconds": 90.189698513, "estimated_remaining_seconds": 57.73094099578833, "roots_batch": 16, "branches_per_task": 16, "workers": 14, "time_budget_stop": false}
{"N": 114, "case": 32, "completed_tasks": 16669, "total_tasks": 20480, "elapsed_seconds": 120.317193112, "estimated_remaining_seconds": 27.507878274031555, "roots_batch": 16, "branches_per_task": 16, "workers": 14, "time_budget_stop": false}
{"N": 114, "case": 32, "completed_tasks": 20480, "total_tasks": 20480, "elapsed_seconds": 147.769713572, "estimated_remaining_seconds": 0.0, "roots_batch": 16, "branches_per_task": 16, "workers": 14, "time_budget_stop": false}
{"N": 104, "case": 36, "completed_tasks": 8920, "total_tasks": 10240, "elapsed_seconds": 30.00499574, "estimated_remaining_seconds": 4.4402011633183855, "roots_batch": 16, "branches_per_task": 16, "workers": 14, "time_budget_stop": false}
{"N": 104, "case": 36, "completed_tasks": 10240, "total_tasks": 10240, "elapsed_seconds": 34.429179924, "estimated_remaining_seconds": 0.0, "roots_batch": 16, "branches_per_task": 16, "workers": 14, "time_budget_stop": false}
{"N": 117, "case": 41, "completed_tasks": 2360, "total_tasks": 20480, "elapsed_seconds": 30.005183647, "estimated_remaining_seconds": 230.3787829167966, "roots_batch": 16, "branches_per_task": 16, "workers": 14, "time_budget_stop": false}
{"N": 117, "case": 41, "completed_tasks": 4746, "total_tasks": 20480, "elapsed_seconds": 60.095596575, "estimated_remaining_seconds": 199.2296916373894, "roots_batch": 16, "branches_per_task": 16, "workers": 14, "time_budget_stop": false}
{"N": 117, "case": 41, "completed_tasks": 7132, "total_tasks": 20480, "elapsed_seconds": 90.206927532, "estimated_remaining_seconds": 168.8281083422793, "roots_batch": 16, "branches_per_task": 16, "workers": 14, "time_budget_stop": false}
{"N": 117, "case": 41, "completed_tasks": 9520, "total_tasks": 20480, "elapsed_seconds": 120.267310999, "estimated_remaining_seconds": 138.45900509968908, "roots_batch": 16, "branches_per_task": 16, "workers": 14, "time_budget_stop": false}
{"N": 117, "case": 41, "completed_tasks": 11907, "total_tasks": 20480, "elapsed_seconds": 150.361360448, "estimated_remaining_seconds": 108.25967440335131, "roots_batch": 16, "branches_per_task": 16, "workers": 14, "time_budget_stop": false}
{"N": 117, "case": 41, "completed_tasks": 14293, "total_tasks": 20480, "elapsed_seconds": 180.4259116, "estimated_remaining_seconds": 78.10082663326104, "roots_batch": 16, "branches_per_task": 16, "workers": 14, "time_budget_stop": false}
{"N": 117, "case": 41, "completed_tasks": 16684, "total_tasks": 20480, "elapsed_seconds": 210.54980797, "estimated_remaining_seconds": 47.90500306006473, "roots_batch": 16, "branches_per_task": 16, "workers": 14, "time_budget_stop": false}
{"N": 117, "case": 41, "completed_tasks": 19076, "total_tasks": 20480, "elapsed_seconds": 240.680260901, "estimated_remaining_seconds": 17.714147950566367, "roots_batch": 16, "branches_per_task": 16, "workers": 14, "time_budget_stop": false}
{"N": 117, "case": 41, "completed_tasks": 20480, "total_tasks": 20480, "elapsed_seconds": 258.361777073, "estimated_remaining_seconds": 0.0, "roots_batch": 16, "branches_per_task": 16, "workers": 14, "time_budget_stop": false}
{"N": 98, "case": 45, "completed_tasks": 10240, "total_tasks": 10240, "elapsed_seconds": 19.374183875, "estimated_remaining_seconds": 0.0, "roots_batch": 16, "branches_per_task": 16, "workers": 14, "time_budget_stop": false}
{"N": 120, "case": 54, "completed_tasks": 1581, "total_tasks": 40960, "elapsed_seconds": 30.079002401, "estimated_remaining_seconds": 749.1973659386331, "roots_batch": 16, "branches_per_task": 16, "workers": 14, "time_budget_stop": false}
{"N": 120, "case": 54, "completed_tasks": 3180, "total_tasks": 40960, "elapsed_seconds": 60.130699125, "estimated_remaining_seconds": 714.3829600448114, "roots_batch": 16, "branches_per_task": 16, "workers": 14, "time_budget_stop": false}
{"N": 120, "case": 54, "completed_tasks": 4778, "total_tasks": 40960, "elapsed_seconds": 90.195293556, "estimated_remaining_seconds": 683.0150923907894, "roots_batch": 16, "branches_per_task": 16, "workers": 14, "time_budget_stop": false}
{"N": 120, "case": 54, "completed_tasks": 6378, "total_tasks": 40960, "elapsed_seconds": 120.251093656, "estimated_remaining_seconds": 652.0105551602057, "roots_batch": 16, "branches_per_task": 16, "workers": 14, "time_budget_stop": false}
{"N": 120, "case": 54, "completed_tasks": 7978, "total_tasks": 40960, "elapsed_seconds": 150.336915313, "estimated_remaining_seconds": 621.5106719545457, "roots_batch": 16, "branches_per_task": 16, "workers": 14, "time_budget_stop": false}
{"N": 120, "case": 54, "completed_tasks": 9580, "total_tasks": 40960, "elapsed_seconds": 180.423751263, "estimated_remaining_seconds": 590.9913689595971, "roots_batch": 16, "branches_per_task": 16, "workers": 14, "time_budget_stop": false}
{"N": 120, "case": 54, "completed_tasks": 11181, "total_tasks": 40960, "elapsed_seconds": 210.530900734, "estimated_remaining_seconds": 560.7190495445655, "roots_batch": 16, "branches_per_task": 16, "workers": 14, "time_budget_stop": false}
{"N": 120, "case": 54, "completed_tasks": 12781, "total_tasks": 40960, "elapsed_seconds": 240.643248632, "estimated_remaining_seconds": 530.5599016666245, "roots_batch": 16, "branches_per_task": 16, "workers": 14, "time_budget_stop": false}
{"N": 120, "case": 54, "completed_tasks": 14387, "total_tasks": 40960, "elapsed_seconds": 270.781513502, "estimated_remaining_seconds": 500.1374267247269, "roots_batch": 16, "branches_per_task": 16, "workers": 14, "time_budget_stop": false}
{"N": 120, "case": 54, "completed_tasks": 15988, "total_tasks": 40960, "elapsed_seconds": 300.926891044, "estimated_remaining_seconds": 470.02416331941254, "roots_batch": 16, "branches_per_task": 16, "workers": 14, "time_budget_stop": false}
{"N": 120, "case": 54, "completed_tasks": 17593, "total_tasks": 40960, "elapsed_seconds": 331.050320282, "estimated_remaining_seconds": 439.700610130705, "roots_batch": 16, "branches_per_task": 16, "workers": 14, "time_budget_stop": false}
{"N": 120, "case": 54, "completed_tasks": 19198, "total_tasks": 40960, "elapsed_seconds": 361.21092483, "estimated_remaining_seconds": 409.45265893064175, "roots_batch": 16, "branches_per_task": 16, "workers": 14, "time_budget_stop": false}
{"N": 120, "case": 54, "completed_tasks": 20802, "total_tasks": 40960, "elapsed_seconds": 391.348935135, "estimated_remaining_seconds": 379.233334989488, "roots_batch": 16, "branches_per_task": 16, "workers": 14, "time_budget_stop": false}
{"N": 120, "case": 54, "completed_tasks": 22406, "total_tasks": 40960, "elapsed_seconds": 421.508757985, "estimated_remaining_seconds": 349.04371577495715, "roots_batch": 16, "branches_per_task": 16, "workers": 14, "time_budget_stop": false}
{"N": 120, "case": 54, "completed_tasks": 24009, "total_tasks": 40960, "elapsed_seconds": 451.68167102, "estimated_remaining_seconds": 318.8994129476455, "roots_batch": 16, "branches_per_task": 16, "workers": 14, "time_budget_stop": false}
{"N": 120, "case": 54, "completed_tasks": 25616, "total_tasks": 40960, "elapsed_seconds": 481.875494206, "estimated_remaining_seconds": 288.6437220134628, "roots_batch": 16, "branches_per_task": 16, "workers": 14, "time_budget_stop": false}
{"N": 120, "case": 54, "completed_tasks": 27223, "total_tasks": 40960, "elapsed_seconds": 512.062760872, "estimated_remaining_seconds": 258.39202681918465, "roots_batch": 16, "branches_per_task": 16, "workers": 14, "time_budget_stop": false}
{"N": 120, "case": 54, "completed_tasks": 28832, "total_tasks": 40960, "elapsed_seconds": 542.254061414, "estimated_remaining_seconds": 228.0957705614939, "roots_batch": 16, "branches_per_task": 16, "workers": 14, "time_budget_stop": false}
{"N": 120, "case": 54, "completed_tasks": 30437, "total_tasks": 40960, "elapsed_seconds": 572.444912375, "estimated_remaining_seconds": 197.9116802878774, "roots_batch": 16, "branches_per_task": 16, "workers": 14, "time_budget_stop": false}
{"N": 120, "case": 54, "completed_tasks": 32042, "total_tasks": 40960, "elapsed_seconds": 602.636938984, "estimated_remaining_seconds": 167.72723993069445, "roots_batch": 16, "branches_per_task": 16, "workers": 14, "time_budget_stop": false}
{"N": 120, "case": 54, "completed_tasks": 33650, "total_tasks": 40960, "elapsed_seconds": 632.844046523, "estimated_remaining_seconds": 137.47667102773045, "roots_batch": 16, "branches_per_task": 16, "workers": 14, "time_budget_stop": false}
{"N": 120, "case": 54, "completed_tasks": 35259, "total_tasks": 40960, "elapsed_seconds": 663.057785154, "estimated_remaining_seconds": 107.20929218534144, "roots_batch": 16, "branches_per_task": 16, "workers": 14, "time_budget_stop": false}
{"N": 120, "case": 54, "completed_tasks": 36867, "total_tasks": 40960, "elapsed_seconds": 693.27918148, "estimated_remaining_seconds": 76.96833726090108, "roots_batch": 16, "branches_per_task": 16, "workers": 14, "time_budget_stop": false}
{"N": 120, "case": 54, "completed_tasks": 38477, "total_tasks": 40960, "elapsed_seconds": 723.513420078, "estimated_remaining_seconds": 46.68981006974748, "roots_batch": 16, "branches_per_task": 16, "workers": 14, "time_budget_stop": false}
{"N": 120, "case": 54, "completed_tasks": 40083, "total_tasks": 40960, "elapsed_seconds": 753.721994659, "estimated_remaining_seconds": 16.491135626473643, "roots_batch": 16, "branches_per_task": 16, "workers": 14, "time_budget_stop": false}
{"N": 120, "case": 54, "completed_tasks": 40960, "total_tasks": 40960, "elapsed_seconds": 770.197805014, "estimated_remaining_seconds": 0.0, "roots_batch": 16, "branches_per_task": 16, "workers": 14, "time_budget_stop": false}
{"N": 115, "case": 56, "completed_tasks": 3964, "total_tasks": 20480, "elapsed_seconds": 30.004688342, "estimated_remaining_seconds": 125.01448856116852, "roots_batch": 16, "branches_per_task": 16, "workers": 14, "time_budget_stop": false}
{"N": 115, "case": 56, "completed_tasks": 7964, "total_tasks": 20480, "elapsed_seconds": 60.071188429, "estimated_remaining_seconds": 94.40620220710247, "roots_batch": 16, "branches_per_task": 16, "workers": 14, "time_budget_stop": false}
{"N": 115, "case": 56, "completed_tasks": 11966, "total_tasks": 20480, "elapsed_seconds": 90.154856011, "estimated_remaining_seconds": 64.14661909390391, "roots_batch": 16, "branches_per_task": 16, "workers": 14, "time_budget_stop": false}
{"N": 115, "case": 56, "completed_tasks": 15966, "total_tasks": 20480, "elapsed_seconds": 120.22973713, "estimated_remaining_seconds": 33.992047689140676, "roots_batch": 16, "branches_per_task": 16, "workers": 14, "time_budget_stop": false}
{"N": 115, "case": 56, "completed_tasks": 19974, "total_tasks": 20480, "elapsed_seconds": 150.346410989, "estimated_remaining_seconds": 3.808715528208371, "roots_batch": 16, "branches_per_task": 16, "workers": 14, "time_budget_stop": false}
{"N": 115, "case": 56, "completed_tasks": 20480, "total_tasks": 20480, "elapsed_seconds": 154.145637112, "estimated_remaining_seconds": 0.0, "roots_batch": 16, "branches_per_task": 16, "workers": 14, "time_budget_stop": false}
Process ForkProcess-334:
Process ForkProcess-324:
Traceback (most recent call last):
  File "/usr/lib/python3.12/multiprocessing/process.py", line 314, in _bootstrap
    self.run()
  File "/usr/lib/python3.12/multiprocessing/process.py", line 108, in run
    self._target(*self._args, **self._kwargs)
  File "/opt/gen4/spin-n120-frontier1/run.py", line 48, in worker
    task,prepared=current;t=time.perf_counter_ns();events=gpu.launch(prepared);following=demand()
                                                                                         ^^^^^^^^
  File "/opt/gen4/spin-n120-frontier1/run.py", line 45, in demand
    prepared=gpu.prepare((pi,lo,hi));return task,prepared
             ^^^^^^^^^^^^^^^^^^^^^^^
  File "/opt/gen4/spin-catalog1/catalog_gpu.py", line 65, in prepare
    fs=self.exact._initial_factors(template.local_instance,points,prime);assert len(fs)==len(layout)
       ^^^^^^^^^^^^^^^^^^^^^^^^^^^^^^^^^^^^^^^^^^^^^^^^^^^^^^^^^^^^^^^^^
  File "/opt/gen4/n96-benchmark1/source/SLC/18_SAM_NATIVE_QC/SLCX025_EXACT_N72_FRUSTRATED_ISING_DOS_EXTENSION/SLCX025_EXECUTION_CAPSULE/slcx023_exact_engine.py", line 615, in _initial_factors
    factors.append(_Factor((u, v), np.ascontiguousarray(values, dtype=np.int64)))
                                   ^^^^^^^^^^^^^^^^^^^^^^^^^^^^^^^^^^^^^^^^^^^^
  File "/opt/gen4-learning/GEN4/frustrated_spin_pod14_learning1/runner.py", line 10, in stop
    raise KeyboardInterrupt('OWNER_OR_DEADLINE_STOP')
KeyboardInterrupt: OWNER_OR_DEADLINE_STOP
Traceback (most recent call last):
  File "/usr/lib/python3.12/multiprocessing/process.py", line 314, in _bootstrap
    self.run()
  File "/usr/lib/python3.12/multiprocessing/process.py", line 108, in run
    self._target(*self._args, **self._kwargs)
  File "/opt/gen4/spin-n120-frontier1/run.py", line 48, in worker
    task,prepared=current;t=time.perf_counter_ns();events=gpu.launch(prepared);following=demand()
                                                                                         ^^^^^^^^
  File "/opt/gen4/spin-n120-frontier1/run.py", line 45, in demand
    prepared=gpu.prepare((pi,lo,hi));return task,prepared
             ^^^^^^^^^^^^^^^^^^^^^^^
  File "/opt/gen4/spin-catalog1/catalog_gpu.py", line 67, in prepare
    assert tuple(f.scope)==scope and f.values.shape==shape;packed[begin:end]=f.values.reshape(-1)
                                                           ~~~~~~^^^^^^^^^^^
  File "/opt/gen4-learning/GEN4/frustrated_spin_pod14_learning1/runner.py", line 10, in stop
    raise KeyboardInterrupt('OWNER_OR_DEADLINE_STOP')
KeyboardInterrupt: OWNER_OR_DEADLINE_STOP
Process ForkProcess-325:
Traceback (most recent call last):
  File "/usr/lib/python3.12/multiprocessing/process.py", line 314, in _bootstrap
    self.run()
  File "/usr/lib/python3.12/multiprocessing/process.py", line 108, in run
    self._target(*self._args, **self._kwargs)
  File "/opt/gen4/spin-n120-frontier1/run.py", line 49, in worker
    values,ms=gpu.result(prepared,events)
              ^^^^^^^^^^^^^^^^^^^^^^^^^^^
  File "/opt/gen4/spin-catalog1/catalog_gpu.py", line 77, in result
    v=self.cp.asnumpy(prepared[1]['terminal']).astype(np.int64);ms=self.cp.cuda.get_elapsed_time(*events);return v,ms
      ^^^^^^^^^^^^^^^^^^^^^^^^^^^^^^^^^^^^^^^^
  File "/opt/gen4/venv/lib/python3.12/site-packages/cupy/__init__.py", line 807, in asnumpy
    return a.get(stream=stream, order=order, out=out, blocking=blocking)
           ^^^^^^^^^^^^^^^^^^^^^^^^^^^^^^^^^^^^^^^^^^^^^^^^^^^^^^^^^^^^^
  File "/opt/gen4-learning/GEN4/frustrated_spin_pod14_learning1/runner.py", line 10, in stop
    raise KeyboardInterrupt('OWNER_OR_DEADLINE_STOP')
KeyboardInterrupt: OWNER_OR_DEADLINE_STOP
Process ForkProcess-332:
Process ForkProcess-328:
Traceback (most recent call last):
  File "/usr/lib/python3.12/multiprocessing/process.py", line 314, in _bootstrap
    self.run()
  File "/usr/lib/python3.12/multiprocessing/process.py", line 108, in run
    self._target(*self._args, **self._kwargs)
  File "/opt/gen4/spin-n120-frontier1/run.py", line 49, in worker
    values,ms=gpu.result(prepared,events)
              ^^^^^^^^^^^^^^^^^^^^^^^^^^^
  File "/opt/gen4/spin-catalog1/catalog_gpu.py", line 77, in result
    v=self.cp.asnumpy(prepared[1]['terminal']).astype(np.int64);ms=self.cp.cuda.get_elapsed_time(*events);return v,ms
      ^^^^^^^^^^^^^^^^^^^^^^^^^^^^^^^^^^^^^^^^
  File "/opt/gen4/venv/lib/python3.12/site-packages/cupy/__init__.py", line 807, in asnumpy
    return a.get(stream=stream, order=order, out=out, blocking=blocking)
           ^^^^^^^^^^^^^^^^^^^^^^^^^^^^^^^^^^^^^^^^^^^^^^^^^^^^^^^^^^^^^
  File "/opt/gen4-learning/GEN4/frustrated_spin_pod14_learning1/runner.py", line 10, in stop
    raise KeyboardInterrupt('OWNER_OR_DEADLINE_STOP')
KeyboardInterrupt: OWNER_OR_DEADLINE_STOP
Traceback (most recent call last):
  File "/usr/lib/python3.12/multiprocessing/process.py", line 314, in _bootstrap
    self.run()
  File "/usr/lib/python3.12/multiprocessing/process.py", line 108, in run
    self._target(*self._args, **self._kwargs)
  File "/opt/gen4/spin-n120-frontier1/run.py", line 48, in worker
    task,prepared=current;t=time.perf_counter_ns();events=gpu.launch(prepared);following=demand()
                                                                                         ^^^^^^^^
  File "/opt/gen4/spin-n120-frontier1/run.py", line 45, in demand
    prepared=gpu.prepare((pi,lo,hi));return task,prepared
             ^^^^^^^^^^^^^^^^^^^^^^^
  File "/opt/gen4/spin-catalog1/catalog_gpu.py", line 65, in prepare
    fs=self.exact._initial_factors(template.local_instance,points,prime);assert len(fs)==len(layout)
       ^^^^^^^^^^^^^^^^^^^^^^^^^^^^^^^^^^^^^^^^^^^^^^^^^^^^^^^^^^^^^^^^^
  File "/opt/gen4/n96-benchmark1/source/SLC/18_SAM_NATIVE_QC/SLCX025_EXACT_N72_FRUSTRATED_ISING_DOS_EXTENSION/SLCX025_EXECUTION_CAPSULE/slcx023_exact_engine.py", line 613, in _initial_factors
    exponents.append(-coupling * left_spin * right_spin + abs(coupling))
                                                          ^^^^^^^^^^^^^
  File "/opt/gen4-learning/GEN4/frustrated_spin_pod14_learning1/runner.py", line 10, in stop
    raise KeyboardInterrupt('OWNER_OR_DEADLINE_STOP')
KeyboardInterrupt: OWNER_OR_DEADLINE_STOP
Process ForkProcess-329:
Process ForkProcess-327:
Traceback (most recent call last):
Traceback (most recent call last):
  File "/usr/lib/python3.12/multiprocessing/process.py", line 314, in _bootstrap
    self.run()
  File "/usr/lib/python3.12/multiprocessing/process.py", line 108, in run
    self._target(*self._args, **self._kwargs)
  File "/opt/gen4/spin-n120-frontier1/run.py", line 48, in worker
    task,prepared=current;t=time.perf_counter_ns();events=gpu.launch(prepared);following=demand()
                                                                                         ^^^^^^^^
  File "/opt/gen4/spin-n120-frontier1/run.py", line 45, in demand
    prepared=gpu.prepare((pi,lo,hi));return task,prepared
             ^^^^^^^^^^^^^^^^^^^^^^^
  File "/opt/gen4/spin-catalog1/catalog_gpu.py", line 65, in prepare
    fs=self.exact._initial_factors(template.local_instance,points,prime);assert len(fs)==len(layout)
       ^^^^^^^^^^^^^^^^^^^^^^^^^^^^^^^^^^^^^^^^^^^^^^^^^^^^^^^^^^^^^^^^^
  File "/opt/gen4/n96-benchmark1/source/SLC/18_SAM_NATIVE_QC/SLCX025_EXACT_N72_FRUSTRATED_ISING_DOS_EXTENSION/SLCX025_EXECUTION_CAPSULE/slcx023_exact_engine.py", line 614, in _initial_factors
    values = np.stack([powers[exponent, :] for exponent in exponents], axis=0)
             ^^^^^^^^^^^^^^^^^^^^^^^^^^^^^^^^^^^^^^^^^^^^^^^^^^^^^^^^^^^^^^^^^
  File "/opt/gen4/venv/lib/python3.12/site-packages/numpy/core/shape_base.py", line 443, in stack
    arrays = [asanyarray(arr) for arr in arrays]
              ^^^^^^^^^^^^^^^
  File "/opt/gen4-learning/GEN4/frustrated_spin_pod14_learning1/runner.py", line 10, in stop
    raise KeyboardInterrupt('OWNER_OR_DEADLINE_STOP')
KeyboardInterrupt: OWNER_OR_DEADLINE_STOP
  File "/usr/lib/python3.12/multiprocessing/process.py", line 314, in _bootstrap
    self.run()
  File "/usr/lib/python3.12/multiprocessing/process.py", line 108, in run
    self._target(*self._args, **self._kwargs)
  File "/opt/gen4/spin-n120-frontier1/run.py", line 48, in worker
    task,prepared=current;t=time.perf_counter_ns();events=gpu.launch(prepared);following=demand()
                                                                                         ^^^^^^^^
  File "/opt/gen4/spin-n120-frontier1/run.py", line 45, in demand
    prepared=gpu.prepare((pi,lo,hi));return task,prepared
             ^^^^^^^^^^^^^^^^^^^^^^^
  File "/opt/gen4/spin-catalog1/catalog_gpu.py", line 65, in prepare
    fs=self.exact._initial_factors(template.local_instance,points,prime);assert len(fs)==len(layout)
       ^^^^^^^^^^^^^^^^^^^^^^^^^^^^^^^^^^^^^^^^^^^^^^^^^^^^^^^^^^^^^^^^^
  File "/opt/gen4/n96-benchmark1/source/SLC/18_SAM_NATIVE_QC/SLCX025_EXACT_N72_FRUSTRATED_ISING_DOS_EXTENSION/SLCX025_EXECUTION_CAPSULE/slcx023_exact_engine.py", line 614, in _initial_factors
    values = np.stack([powers[exponent, :] for exponent in exponents], axis=0)
             ^^^^^^^^^^^^^^^^^^^^^^^^^^^^^^^^^^^^^^^^^^^^^^^^^^^^^^^^^^^^^^^^^
  File "/opt/gen4/venv/lib/python3.12/site-packages/numpy/core/shape_base.py", line 456, in stack
    return _nx.concatenate(expanded_arrays, axis=axis, out=out,
           ^^^^^^^^^^^^^^^^^^^^^^^^^^^^^^^^^^^^^^^^^^^^^^^^^^^^
  File "/opt/gen4-learning/GEN4/frustrated_spin_pod14_learning1/runner.py", line 10, in stop
    raise KeyboardInterrupt('OWNER_OR_DEADLINE_STOP')
KeyboardInterrupt: OWNER_OR_DEADLINE_STOP
Process ForkProcess-330:
Traceback (most recent call last):
  File "/usr/lib/python3.12/multiprocessing/process.py", line 314, in _bootstrap
    self.run()
  File "/usr/lib/python3.12/multiprocessing/process.py", line 108, in run
    self._target(*self._args, **self._kwargs)
  File "/opt/gen4/spin-n120-frontier1/run.py", line 49, in worker
    values,ms=gpu.result(prepared,events)
              ^^^^^^^^^^^^^^^^^^^^^^^^^^^
  File "/opt/gen4/spin-catalog1/catalog_gpu.py", line 77, in result
    v=self.cp.asnumpy(prepared[1]['terminal']).astype(np.int64);ms=self.cp.cuda.get_elapsed_time(*events);return v,ms
      ^^^^^^^^^^^^^^^^^^^^^^^^^^^^^^^^^^^^^^^^
  File "/opt/gen4/venv/lib/python3.12/site-packages/cupy/__init__.py", line 807, in asnumpy
    return a.get(stream=stream, order=order, out=out, blocking=blocking)
           ^^^^^^^^^^^^^^^^^^^^^^^^^^^^^^^^^^^^^^^^^^^^^^^^^^^^^^^^^^^^^
  File "/opt/gen4-learning/GEN4/frustrated_spin_pod14_learning1/runner.py", line 10, in stop
    raise KeyboardInterrupt('OWNER_OR_DEADLINE_STOP')
KeyboardInterrupt: OWNER_OR_DEADLINE_STOP
Process ForkProcess-335:
Process ForkProcess-326:
Traceback (most recent call last):
  File "/usr/lib/python3.12/multiprocessing/process.py", line 314, in _bootstrap
    self.run()
  File "/usr/lib/python3.12/multiprocessing/process.py", line 108, in run
    self._target(*self._args, **self._kwargs)
  File "/opt/gen4/spin-n120-frontier1/run.py", line 48, in worker
    task,prepared=current;t=time.perf_counter_ns();events=gpu.launch(prepared);following=demand()
                                                                                         ^^^^^^^^
  File "/opt/gen4/spin-n120-frontier1/run.py", line 45, in demand
    prepared=gpu.prepare((pi,lo,hi));return task,prepared
             ^^^^^^^^^^^^^^^^^^^^^^^
  File "/opt/gen4/spin-catalog1/catalog_gpu.py", line 65, in prepare
    fs=self.exact._initial_factors(template.local_instance,points,prime);assert len(fs)==len(layout)
       ^^^^^^^^^^^^^^^^^^^^^^^^^^^^^^^^^^^^^^^^^^^^^^^^^^^^^^^^^^^^^^^^^
  File "/opt/gen4/n96-benchmark1/source/SLC/18_SAM_NATIVE_QC/SLCX025_EXACT_N72_FRUSTRATED_ISING_DOS_EXTENSION/SLCX025_EXECUTION_CAPSULE/slcx023_exact_engine.py", line 614, in _initial_factors
    values = np.stack([powers[exponent, :] for exponent in exponents], axis=0)
             ^^^^^^^^^^^^^^^^^^^^^^^^^^^^^^^^^^^^^^^^^^^^^^^^^^^^^^^^^^^^^^^^^
  File "/opt/gen4-learning/GEN4/frustrated_spin_pod14_learning1/runner.py", line 10, in stop
    raise KeyboardInterrupt('OWNER_OR_DEADLINE_STOP')
KeyboardInterrupt: OWNER_OR_DEADLINE_STOP
Traceback (most recent call last):
Process ForkProcess-333:
  File "/usr/lib/python3.12/multiprocessing/process.py", line 314, in _bootstrap
    self.run()
  File "/usr/lib/python3.12/multiprocessing/process.py", line 108, in run
    self._target(*self._args, **self._kwargs)
  File "/opt/gen4/spin-n120-frontier1/run.py", line 48, in worker
    task,prepared=current;t=time.perf_counter_ns();events=gpu.launch(prepared);following=demand()
                                                                                         ^^^^^^^^
  File "/opt/gen4/spin-n120-frontier1/run.py", line 45, in demand
    prepared=gpu.prepare((pi,lo,hi));return task,prepared
             ^^^^^^^^^^^^^^^^^^^^^^^
  File "/opt/gen4/spin-catalog1/catalog_gpu.py", line 67, in prepare
    assert tuple(f.scope)==scope and f.values.shape==shape;packed[begin:end]=f.values.reshape(-1)
                                                                             ^^^^^^^^^^^^^^^^^^^^
  File "/opt/gen4-learning/GEN4/frustrated_spin_pod14_learning1/runner.py", line 10, in stop
    raise KeyboardInterrupt('OWNER_OR_DEADLINE_STOP')
KeyboardInterrupt: OWNER_OR_DEADLINE_STOP
Process ForkProcess-331:
Traceback (most recent call last):
Traceback (most recent call last):
  File "/usr/lib/python3.12/multiprocessing/process.py", line 314, in _bootstrap
    self.run()
  File "/usr/lib/python3.12/multiprocessing/process.py", line 108, in run
    self._target(*self._args, **self._kwargs)
  File "/opt/gen4/spin-n120-frontier1/run.py", line 48, in worker
    task,prepared=current;t=time.perf_counter_ns();events=gpu.launch(prepared);following=demand()
                                                                                         ^^^^^^^^
  File "/opt/gen4/spin-n120-frontier1/run.py", line 45, in demand
    prepared=gpu.prepare((pi,lo,hi));return task,prepared
             ^^^^^^^^^^^^^^^^^^^^^^^
  File "/opt/gen4/spin-catalog1/catalog_gpu.py", line 65, in prepare
    fs=self.exact._initial_factors(template.local_instance,points,prime);assert len(fs)==len(layout)
       ^^^^^^^^^^^^^^^^^^^^^^^^^^^^^^^^^^^^^^^^^^^^^^^^^^^^^^^^^^^^^^^^^
  File "/opt/gen4/n96-benchmark1/source/SLC/18_SAM_NATIVE_QC/SLCX025_EXACT_N72_FRUSTRATED_ISING_DOS_EXTENSION/SLCX025_EXECUTION_CAPSULE/slcx023_exact_engine.py", line 614, in _initial_factors
    values = np.stack([powers[exponent, :] for exponent in exponents], axis=0)
             ^^^^^^^^^^^^^^^^^^^^^^^^^^^^^^^^^^^^^^^^^^^^^^^^^^^^^^^^^^^^^^^^^
  File "/opt/gen4/venv/lib/python3.12/site-packages/numpy/core/shape_base.py", line 456, in stack
    return _nx.concatenate(expanded_arrays, axis=axis, out=out,
           ^^^^^^^^^^^^^^^^^^^^^^^^^^^^^^^^^^^^^^^^^^^^^^^^^^^^
  File "/opt/gen4-learning/GEN4/frustrated_spin_pod14_learning1/runner.py", line 10, in stop
    raise KeyboardInterrupt('OWNER_OR_DEADLINE_STOP')
KeyboardInterrupt: OWNER_OR_DEADLINE_STOP
  File "/usr/lib/python3.12/multiprocessing/process.py", line 314, in _bootstrap
    self.run()
  File "/usr/lib/python3.12/multiprocessing/process.py", line 108, in run
    self._target(*self._args, **self._kwargs)
  File "/opt/gen4/spin-n120-frontier1/run.py", line 48, in worker
    task,prepared=current;t=time.perf_counter_ns();events=gpu.launch(prepared);following=demand()
                                                                                         ^^^^^^^^
  File "/opt/gen4/spin-n120-frontier1/run.py", line 45, in demand
    prepared=gpu.prepare((pi,lo,hi));return task,prepared
             ^^^^^^^^^^^^^^^^^^^^^^^
  File "/opt/gen4/spin-catalog1/catalog_gpu.py", line 65, in prepare
    fs=self.exact._initial_factors(template.local_instance,points,prime);assert len(fs)==len(layout)
       ^^^^^^^^^^^^^^^^^^^^^^^^^^^^^^^^^^^^^^^^^^^^^^^^^^^^^^^^^^^^^^^^^
  File "/opt/gen4/n96-benchmark1/source/SLC/18_SAM_NATIVE_QC/SLCX025_EXACT_N72_FRUSTRATED_ISING_DOS_EXTENSION/SLCX025_EXECUTION_CAPSULE/slcx023_exact_engine.py", line 614, in _initial_factors
    values = np.stack([powers[exponent, :] for exponent in exponents], axis=0)
             ^^^^^^^^^^^^^^^^^^^^^^^^^^^^^^^^^^^^^^^^^^^^^^^^^^^^^^^^^^^^^^^^^
  File "/opt/gen4/venv/lib/python3.12/site-packages/numpy/core/shape_base.py", line 455, in stack
    expanded_arrays = [arr[sl] for arr in arrays]
                       ~~~^^^^
  File "/opt/gen4-learning/GEN4/frustrated_spin_pod14_learning1/runner.py", line 10, in stop
    raise KeyboardInterrupt('OWNER_OR_DEADLINE_STOP')
KeyboardInterrupt: OWNER_OR_DEADLINE_STOP
Process ForkProcess-323:
Traceback (most recent call last):
  File "/usr/lib/python3.12/multiprocessing/process.py", line 314, in _bootstrap
    self.run()
  File "/usr/lib/python3.12/multiprocessing/process.py", line 108, in run
    self._target(*self._args, **self._kwargs)
  File "/opt/gen4/spin-n120-frontier1/run.py", line 48, in worker
    task,prepared=current;t=time.perf_counter_ns();events=gpu.launch(prepared);following=demand()
                                                                                         ^^^^^^^^
  File "/opt/gen4/spin-n120-frontier1/run.py", line 45, in demand
    prepared=gpu.prepare((pi,lo,hi));return task,prepared
             ^^^^^^^^^^^^^^^^^^^^^^^
  File "/opt/gen4/spin-catalog1/catalog_gpu.py", line 65, in prepare
    fs=self.exact._initial_factors(template.local_instance,points,prime);assert len(fs)==len(layout)
       ^^^^^^^^^^^^^^^^^^^^^^^^^^^^^^^^^^^^^^^^^^^^^^^^^^^^^^^^^^^^^^^^^
  File "/opt/gen4/n96-benchmark1/source/SLC/18_SAM_NATIVE_QC/SLCX025_EXACT_N72_FRUSTRATED_ISING_DOS_EXTENSION/SLCX025_EXECUTION_CAPSULE/slcx023_exact_engine.py", line 615, in _initial_factors
    factors.append(_Factor((u, v), np.ascontiguousarray(values, dtype=np.int64)))
                   ^^^^^^^^^^^^^^^^^^^^^^^^^^^^^^^^^^^^^^^^^^^^^^^^^^^^^^^^^^^^^
  File "<string>", line 3, in __init__
  File "/opt/gen4-learning/GEN4/frustrated_spin_pod14_learning1/runner.py", line 10, in stop
    raise KeyboardInterrupt('OWNER_OR_DEADLINE_STOP')
KeyboardInterrupt: OWNER_OR_DEADLINE_STOP
Process ForkProcess-336:
Traceback (most recent call last):
  File "/usr/lib/python3.12/multiprocessing/process.py", line 314, in _bootstrap
    self.run()
  File "/usr/lib/python3.12/multiprocessing/process.py", line 108, in run
    self._target(*self._args, **self._kwargs)
  File "/opt/gen4/spin-n120-frontier1/run.py", line 48, in worker
    task,prepared=current;t=time.perf_counter_ns();events=gpu.launch(prepared);following=demand()
                                                                                         ^^^^^^^^
  File "/opt/gen4/spin-n120-frontier1/run.py", line 45, in demand
    prepared=gpu.prepare((pi,lo,hi));return task,prepared
             ^^^^^^^^^^^^^^^^^^^^^^^
  File "/opt/gen4/spin-catalog1/catalog_gpu.py", line 65, in prepare
    fs=self.exact._initial_factors(template.local_instance,points,prime);assert len(fs)==len(layout)
       ^^^^^^^^^^^^^^^^^^^^^^^^^^^^^^^^^^^^^^^^^^^^^^^^^^^^^^^^^^^^^^^^^
  File "/opt/gen4/n96-benchmark1/source/SLC/18_SAM_NATIVE_QC/SLCX025_EXACT_N72_FRUSTRATED_ISING_DOS_EXTENSION/SLCX025_EXECUTION_CAPSULE/slcx023_exact_engine.py", line 615, in _initial_factors
    factors.append(_Factor((u, v), np.ascontiguousarray(values, dtype=np.int64)))
                   ^^^^^^^^^^^^^^^^^^^^^^^^^^^^^^^^^^^^^^^^^^^^^^^^^^^^^^^^^^^^^
  File "<string>", line 2, in __init__
  File "/opt/gen4-learning/GEN4/frustrated_spin_pod14_learning1/runner.py", line 10, in stop
    raise KeyboardInterrupt('OWNER_OR_DEADLINE_STOP')
KeyboardInterrupt: OWNER_OR_DEADLINE_STOP
Traceback (most recent call last):
  File "/opt/gen4-learning/GEN4/frustrated_spin_pod14_learning1/runner.py", line 77, in <module>
    else:serve()
         ^^^^^^^
  File "/opt/gen4-learning/GEN4/frustrated_spin_pod14_learning1/runner.py", line 61, in serve
    r=session.execute('GEN4_POD14_RESEARCH',dict(question=q,code_sha256=sha(P/'execution.py')),purpose=q['question'])
      ^^^^^^^^^^^^^^^^^^^^^^^^^^^^^^^^^^^^^^^^^^^^^^^^^^^^^^^^^^^^^^^^^^^^^^^^^^^^^^^^^^^^^^^^^^^^^^^^^^^^^^^^^^^^^^^
  File "/opt/gen4-learning/GEN4/frustrated_spin_pod14_learning1/runtime/SAM_PROJECT/session.py", line 201, in execute
    return self._call(operation, payload,
           ^^^^^^^^^^^^^^^^^^^^^^^^^^^^^^
  File "/opt/gen4-learning/GEN4/frustrated_spin_pod14_learning1/runtime/SAM_PROJECT/session.py", line 174, in _call
    result = action()
             ^^^^^^^^
  File "/opt/gen4-learning/GEN4/frustrated_spin_pod14_learning1/runtime/SAM_PROJECT/session.py", line 202, in <lambda>
    lambda: self.consumer.execute(operation, payload), purpose=purpose)
            ^^^^^^^^^^^^^^^^^^^^^^^^^^^^^^^^^^^^^^^^^
  File "/opt/gen4-learning/GEN4/frustrated_spin_pod14_learning1/execution.py", line 259, in execute
    if q['kind']=='gpu':return self.production.gpu(q,c)
                               ^^^^^^^^^^^^^^^^^^^^^^^^
  File "/opt/gen4-learning/GEN4/frustrated_spin_pod14_learning1/execution.py", line 194, in gpu
    if mode=='branch':r=self.adapter.execute('GEN4_N120_CHUNKED_SOLVE',dict(case=ci,source_sha256=s['source_sha256'],plan_sha256=p['mathematical_plan_sha256']));assert r['status']=='EXACT','PARTIAL_EXACT_TASKS_ONLY'
                        ^^^^^^^^^^^^^^^^^^^^^^^^^^^^^^^^^^^^^^^^^^^^^^^^^^^^^^^^^^^^^^^^^^^^^^^^^^^^^^^^^^^^^^^^^^^^^^^^^^^^^^^^^^^^^^^^^^^^^^^^^^^^^^^^^^^^^^^^
  File "/opt/gen4/spin-n120-frontier1/run.py", line 115, in execute
    ci=payload['case'];assert self.cases[ci][0]['source_sha256']==payload['source_sha256'];assert self.cases[ci][1]['mathematical_plan_sha256']==payload['plan_sha256'];r=self.solve_chunked(ci);compressed(self.ram/f'RESULT{ci}.json.gz',r);return r
                                                                                                                                                                          ^^^^^^^^^^^^^^^^^^^^^^
  File "/opt/gen4/spin-n120-frontier1/run.py", line 91, in solve_chunked
    kind,d,data=self.receive()
                ^^^^^^^^^^^^^^
  File "/opt/gen4/spin-focused1/engine.py", line 88, in receive
    msg=self.answers.get(timeout=2)
        ^^^^^^^^^^^^^^^^^^^^^^^^^^^
  File "/usr/lib/python3.12/multiprocessing/queues.py", line 113, in get
    if not self._poll(timeout):
           ^^^^^^^^^^^^^^^^^^^
  File "/usr/lib/python3.12/multiprocessing/connection.py", line 257, in poll
    return self._poll(timeout)
           ^^^^^^^^^^^^^^^^^^^
  File "/usr/lib/python3.12/multiprocessing/connection.py", line 440, in _poll
    r = wait([self], timeout)
        ^^^^^^^^^^^^^^^^^^^^^
  File "/usr/lib/python3.12/multiprocessing/connection.py", line 1136, in wait
    ready = selector.select(timeout)
            ^^^^^^^^^^^^^^^^^^^^^^^^
  File "/usr/lib/python3.12/selectors.py", line 415, in select
    fd_event_list = self._selector.poll(timeout)
                    ^^^^^^^^^^^^^^^^^^^^^^^^^^^^
  File "/opt/gen4-learning/GEN4/frustrated_spin_pod14_learning1/runner.py", line 10, in stop
    raise KeyboardInterrupt('OWNER_OR_DEADLINE_STOP')
KeyboardInterrupt: OWNER_OR_DEADLINE_STOP
