MATTER_SEARCH Domain, SLC-GEN4-P1 — verified; CE: SLC-GEN4-CE-P1; domain engine: GEN3-R4; Chalkboard: OFF (owner-suspended) worker 4995
MATTER_SEARCH Domain, SLC-GEN4-P1 — verified; CE: SLC-GEN4-CE-P1; domain engine: GEN3-R4; Chalkboard: OFF (owner-suspended) worker 4992
MATTER_SEARCH Domain, SLC-GEN4-P1 — verified; CE: SLC-GEN4-CE-P1; domain engine: GEN3-R4; Chalkboard: OFF (owner-suspended) worker 4996
{
  "status": "QUALIFIED",
  "pid": 4989,
  "start_utc": "2026-09-26T21:13:48.094704+00:00",
  "deadline_utc": "2026-09-26T22:13:48.094692+00:00",
  "last_completed_N": 120,
  "next_N": 121,
  "completed_source_cases": 0,
  "workers": 3,
  "project_path": "/opt/gen4-spin-continuation1/project",
  "mirror": "/workspace/gen4/runs/frustrated-spin-packet-continuation1",
  "safe_stop": "touch /opt/gen4-spin-continuation1/project/STOP",
  "stop_signal": "kill -TERM 4989",
  "fresh_window": true,
  "resumed_after_N": 120,
  "current_N": 120,
  "last_heartbeat_utc": "2026-09-26T21:13:48.721770+00:00",
  "disk_free_bytes": 4293528997888,
  "memory_available_bytes": 36822286336,
  "finished_utc": "2026-09-26T21:13:48.721763+00:00"
}
