MATTER_SEARCH Domain, SLC-GEN4-P1 — verified; CE: SLC-GEN4-CE-P1; domain engine: GEN3-R4; Chalkboard: OFF (owner-suspended) worker 5914
MATTER_SEARCH Domain, SLC-GEN4-P1 — verified; CE: SLC-GEN4-CE-P1; domain engine: GEN3-R4; Chalkboard: OFF (owner-suspended) worker 5917
MATTER_SEARCH Domain, SLC-GEN4-P1 — verified; CE: SLC-GEN4-CE-P1; domain engine: GEN3-R4; Chalkboard: OFF (owner-suspended) worker 5918
COMPLETE 123 {'packet': 5.434, 'signed_packet': 5.483, 'signed_packet_chain': 5.676}
COMPLETE 124 {'packet': 5.6, 'signed_packet': 5.629, 'signed_packet_chain': 5.892}
COMPLETE 125 {'packet': 5.611, 'signed_packet': 5.7, 'signed_packet_chain': 6.003}
COMPLETE 126 {'packet': 5.622, 'signed_packet': 5.741, 'signed_packet_chain': 5.951}
COMPLETE 127 {'packet': 5.636, 'signed_packet_chain': 5.907, 'signed_packet': 5.822}
COMPLETE 128 {'packet': 7.531, 'signed_packet': 6.148, 'signed_packet_chain': 7.958}
COMPLETE 129 {'packet': 5.867, 'signed_packet': 5.892, 'signed_packet_chain': 6.166}
COMPLETE 130 {'packet': 5.96, 'signed_packet': 6.193, 'signed_packet_chain': 6.141}
COMPLETE 131 {'packet': 7.249, 'signed_packet': 6.051, 'signed_packet_chain': 6.294}
COMPLETE 132 {'packet': 7.289, 'signed_packet': 7.006, 'signed_packet_chain': 7.188}
COMPLETE 133 {'packet': 6.247, 'signed_packet': 6.272, 'signed_packet_chain': 6.637}
COMPLETE 134 {'packet': 6.517, 'signed_packet': 6.897, 'signed_packet_chain': 6.747}
COMPLETE 135 {'packet': 6.558, 'signed_packet': 6.579, 'signed_packet_chain': 6.537}
COMPLETE 136 {'packet': 6.797, 'signed_packet': 7.018, 'signed_packet_chain': 9.016}
COMPLETE 137 {'signed_packet': 6.594, 'packet': 6.462, 'signed_packet_chain': 6.707}
COMPLETE 138 {'packet': 6.899, 'signed_packet_chain': 7.14, 'signed_packet': 7.748}
COMPLETE 139 {'packet': 6.76, 'signed_packet': 6.67, 'signed_packet_chain': 6.992}
COMPLETE 140 {'packet': 6.964, 'signed_packet': 6.895, 'signed_packet_chain': 6.685}
COMPLETE 141 {'packet': 6.628, 'signed_packet': 6.981, 'signed_packet_chain': 7.475}
COMPLETE 142 {'packet': 6.756, 'signed_packet': 7.254, 'signed_packet_chain': 6.956}
COMPLETE 143 {'packet': 6.71, 'signed_packet': 7.133, 'signed_packet_chain': 6.96}
COMPLETE 144 {'packet': 7.154, 'signed_packet': 7.225, 'signed_packet_chain': 7.468}
COMPLETE 145 {'packet': 7.024, 'signed_packet': 6.923, 'signed_packet_chain': 7.177}
COMPLETE 146 {'packet': 9.587, 'signed_packet': 10.3, 'signed_packet_chain': 9.815}
COMPLETE 147 {'packet': 9.82, 'signed_packet': 9.86, 'signed_packet_chain': 9.929}
COMPLETE 148 {'packet': 9.839, 'signed_packet': 11.309, 'signed_packet_chain': 10.133}
COMPLETE 149 {'packet': 9.88, 'signed_packet': 10.62, 'signed_packet_chain': 10.36}
COMPLETE 150 {'packet': 10.071, 'signed_packet': 10.29, 'signed_packet_chain': 10.47}
COMPLETE 151 {'packet': 10.036, 'signed_packet': 11.533, 'signed_packet_chain': 13.581}
COMPLETE 152 {'packet': 10.042, 'signed_packet': 10.456, 'signed_packet_chain': 10.886}
COMPLETE 153 {'packet': 10.272, 'signed_packet': 10.374, 'signed_packet_chain': 10.687}
COMPLETE 154 {'packet': 10.197, 'signed_packet': 11.117, 'signed_packet_chain': 10.721}
COMPLETE 155 {'packet': 10.412, 'signed_packet': 11.171, 'signed_packet_chain': 11.441}
COMPLETE 156 {'packet': 10.568, 'signed_packet': 10.662, 'signed_packet_chain': 11.062}
COMPLETE 157 {'packet': 7.772, 'signed_packet': 8.411, 'signed_packet_chain': 7.909}
COMPLETE 158 {'packet': 7.616, 'signed_packet': 7.951, 'signed_packet_chain': 8.192}
COMPLETE 159 {'signed_packet_chain': 8.151, 'signed_packet': 8.721, 'packet': 7.717}
COMPLETE 160 {'packet': 7.981, 'signed_packet': 8.315, 'signed_packet_chain': 8.349}
COMPLETE 161 {'packet': 7.865, 'signed_packet': 8.158, 'signed_packet_chain': 8.182}
COMPLETE 162 {'packet': 8.618, 'signed_packet': 8.859, 'signed_packet_chain': 8.431}
COMPLETE 163 {'packet': 8.721, 'signed_packet': 8.304, 'signed_packet_chain': 8.401}
COMPLETE 164 {'packet': 8.098, 'signed_packet': 8.548, 'signed_packet_chain': 8.544}
COMPLETE 165 {'packet': 9.677, 'signed_packet': 8.722, 'signed_packet_chain': 9.448}
COMPLETE 166 {'packet': 8.425, 'signed_packet': 8.503, 'signed_packet_chain': 8.628}
COMPLETE 167 {'packet': 8.246, 'signed_packet': 8.826, 'signed_packet_chain': 8.89}
COMPLETE 168 {'packet': 9.075, 'signed_packet': 8.978, 'signed_packet_chain': 8.94}
COMPLETE 169 {'packet': 8.535, 'signed_packet': 8.701, 'signed_packet_chain': 9.031}
COMPLETE 170 {'packet': 8.544, 'signed_packet': 9.089, 'signed_packet_chain': 9.311}
COMPLETE 171 {'packet': 8.615, 'signed_packet': 8.885, 'signed_packet_chain': 9.001}
COMPLETE 172 {'packet': 8.695, 'signed_packet': 9.262, 'signed_packet_chain': 9.418}
COMPLETE 173 {'packet': 9.357, 'signed_packet': 8.886, 'signed_packet_chain': 9.016}
COMPLETE 174 {'packet': 9.287, 'signed_packet': 9.305, 'signed_packet_chain': 9.444}
COMPLETE 175 {'packet': 9.466, 'signed_packet': 9.573, 'signed_packet_chain': 10.043}
COMPLETE 176 {'packet': 8.873, 'signed_packet': 9.391, 'signed_packet_chain': 9.999}
COMPLETE 177 {'packet': 9.084, 'signed_packet': 9.333, 'signed_packet_chain': 10.571}
COMPLETE 178 {'packet': 9.514, 'signed_packet': 9.77, 'signed_packet_chain': 10.658}
COMPLETE 179 {'packet': 12.816, 'signed_packet': 13.276, 'signed_packet_chain': 13.511}
COMPLETE 180 {'packet': 13.393, 'signed_packet': 13.354, 'signed_packet_chain': 13.739}
COMPLETE 181 {'packet': 13.035, 'signed_packet': 13.437, 'signed_packet_chain': 13.639}
COMPLETE 182 {'packet': 10.026, 'signed_packet': 9.832, 'signed_packet_chain': 9.779}
COMPLETE 183 {'packet': 10.022, 'signed_packet': 9.753, 'signed_packet_chain': 11.588}
COMPLETE 184 {'packet': 10.073, 'signed_packet': 10.28, 'signed_packet_chain': 11.498}
COMPLETE 185 {'packet': 9.815, 'signed_packet': 9.97, 'signed_packet_chain': 10.498}
COMPLETE 186 {'packet': 10.438, 'signed_packet': 10.106, 'signed_packet_chain': 10.284}
COMPLETE 187 {'signed_packet': 10.445, 'packet': 10.478, 'signed_packet_chain': 10.926}
COMPLETE 188 {'signed_packet': 10.143, 'packet': 9.926, 'signed_packet_chain': 10.817}
COMPLETE 189 {'signed_packet': 10.29, 'signed_packet_chain': 10.66, 'packet': 10.443}
COMPLETE 190 {'signed_packet': 10.868, 'packet': 9.786, 'signed_packet_chain': 11.065}
COMPLETE 191 {'signed_packet': 10.458, 'signed_packet_chain': 10.739, 'packet': 11.805}
COMPLETE 192 {'signed_packet': 10.83, 'packet': 10.044, 'signed_packet_chain': 11.283}
COMPLETE 193 {'signed_packet': 10.418, 'packet': 10.269, 'signed_packet_chain': 11.231}
COMPLETE 194 {'signed_packet': 10.627, 'packet': 10.183, 'signed_packet_chain': 10.619}
COMPLETE 195 {'signed_packet': 11.934, 'packet': 11.07, 'signed_packet_chain': 11.612}
COMPLETE 196 {'signed_packet': 10.581, 'packet': 10.093, 'signed_packet_chain': 11.564}
COMPLETE 197 {'signed_packet': 10.678, 'signed_packet_chain': 11.543, 'packet': 10.356}
COMPLETE 198 {'signed_packet': 11.296, 'packet': 10.792, 'signed_packet_chain': 10.874}
COMPLETE 199 {'signed_packet': 10.68, 'signed_packet_chain': 11.106, 'packet': 12.506}
COMPLETE 200 {'signed_packet': 10.94, 'signed_packet_chain': 11.953, 'packet': 10.681}
COMPLETE 201 {'signed_packet': 11.591, 'packet': 10.443, 'signed_packet_chain': 11.018}
COMPLETE 202 {'signed_packet': 10.726, 'packet': 10.578, 'signed_packet_chain': 11.347}
COMPLETE 203 {'signed_packet': 16.086, 'packet': 15.113, 'signed_packet_chain': 16.48}
COMPLETE 204 {'signed_packet': 15.209, 'signed_packet_chain': 16.03, 'packet': 16.952}
COMPLETE 205 {'signed_packet': 15.485, 'signed_packet_chain': 16.649, 'packet': 15.15}
COMPLETE 206 {'signed_packet': 15.885, 'packet': 16.242, 'signed_packet_chain': 16.805}
COMPLETE 207 {'signed_packet': 16.206, 'packet': 15.261, 'signed_packet_chain': 16.163}
COMPLETE 208 {'signed_packet': 12.874, 'packet': 11.778, 'signed_packet_chain': 11.91}
COMPLETE 209 {'signed_packet': 11.751, 'signed_packet_chain': 12.224, 'packet': 12.024}
COMPLETE 210 {'signed_packet': 11.697, 'signed_packet_chain': 12.856, 'packet': 11.381}
COMPLETE 211 {'packet': 11.375, 'signed_packet': 13.815, 'signed_packet_chain': 12.262}
COMPLETE 212 {'signed_packet': 13.208, 'signed_packet_chain': 12.39, 'packet': 11.894}
COMPLETE 213 {'packet': 13.329, 'signed_packet': 13.945, 'signed_packet_chain': 12.472}
COMPLETE 214 {'signed_packet': 12.68, 'signed_packet_chain': 12.353, 'packet': 13.576}
COMPLETE 215 {'signed_packet': 12.15, 'signed_packet_chain': 13.366, 'packet': 12.198}
COMPLETE 216 {'signed_packet_chain': 12.701, 'signed_packet': 12.792, 'packet': 12.475}
COMPLETE 217 {'packet': 11.912, 'signed_packet': 12.879, 'signed_packet_chain': 12.53}
COMPLETE 218 {'signed_packet': 12.807, 'signed_packet_chain': 12.507, 'packet': 12.34}
COMPLETE 219 {'signed_packet': 12.538, 'signed_packet_chain': 12.418, 'packet': 14.48}
COMPLETE 220 {'signed_packet': 18.074, 'signed_packet_chain': 18.638, 'packet': 17.593}
COMPLETE 221 {'packet': 12.564, 'signed_packet': 12.688, 'signed_packet_chain': 12.785}
COMPLETE 222 {'signed_packet': 12.304, 'signed_packet_chain': 12.694, 'packet': 12.944}
COMPLETE 223 {'signed_packet': 12.53, 'signed_packet_chain': 13.088, 'packet': 12.634}
COMPLETE 224 {'signed_packet': 13.025, 'packet': 12.5, 'signed_packet_chain': 13.898}
COMPLETE 225 {'signed_packet': 12.566, 'signed_packet_chain': 13.394, 'packet': 13.817}
COMPLETE 226 {'packet': 16.646, 'signed_packet': 17.783, 'signed_packet_chain': 18.135}
COMPLETE 227 {'signed_packet': 20.86, 'packet': 24.488, 'signed_packet_chain': 14.168}
COMPLETE 228 {'signed_packet': 12.906, 'signed_packet_chain': 13.721, 'packet': 14.58}
COMPLETE 229 {'signed_packet': 12.869, 'signed_packet_chain': 14.099, 'packet': 12.583}
COMPLETE 230 {'signed_packet_chain': 13.467, 'packet': 12.795, 'signed_packet': 13.878}
COMPLETE 231 {'signed_packet': 13.643, 'signed_packet_chain': 14.611, 'packet': 13.176}
COMPLETE 232 {'packet': 12.949, 'signed_packet_chain': 13.368, 'signed_packet': 14.021}
COMPLETE 233 {'signed_packet_chain': 14.34, 'packet': 13.182, 'signed_packet': 13.326}
COMPLETE 234 {'signed_packet': 14.314, 'packet': 13.972, 'signed_packet_chain': 14.083}
COMPLETE 235 {'signed_packet': 13.926, 'packet': 13.816, 'signed_packet_chain': 14.505}
COMPLETE 236 {'signed_packet': 14.221, 'signed_packet_chain': 16.108, 'packet': 13.725}
COMPLETE 237 {'signed_packet': 13.796, 'signed_packet_chain': 14.062, 'packet': 16.028}
COMPLETE 238 {'signed_packet': 14.875, 'packet': 14.884, 'signed_packet_chain': 15.13}
COMPLETE 239 {'signed_packet': 14.704, 'packet': 13.423, 'signed_packet_chain': 16.195}
COMPLETE 240 {'signed_packet': 14.846, 'signed_packet_chain': 14.979, 'packet': 14.357}
COMPLETE 241 {'packet': 13.668, 'signed_packet': 14.387, 'signed_packet_chain': 15.371}
COMPLETE 242 {'signed_packet': 19.699, 'packet': 19.055, 'signed_packet_chain': 20.712}
COMPLETE 243 {'signed_packet': 19.65, 'signed_packet_chain': 21.469, 'packet': 18.972}
COMPLETE 244 {'signed_packet': 20.421, 'signed_packet_chain': 20.89, 'packet': 19.015}
COMPLETE 245 {'signed_packet_chain': 14.805, 'signed_packet': 14.845, 'packet': 13.973}
COMPLETE 246 {'signed_packet': 15.307, 'signed_packet_chain': 15.711, 'packet': 13.923}
COMPLETE 247 {'signed_packet': 14.636, 'signed_packet_chain': 15.093, 'packet': 17.51}
COMPLETE 248 {'signed_packet': 14.708, 'packet': 14.952, 'signed_packet_chain': 15.782}
COMPLETE 249 {'signed_packet': 15.085, 'packet': 14.625, 'signed_packet_chain': 17.404}
COMPLETE 250 {'signed_packet': 14.845, 'signed_packet_chain': 16.071, 'packet': 15.078}
COMPLETE 251 {'signed_packet': 15.467, 'packet': 15.02, 'signed_packet_chain': 16.028}
COMPLETE 252 {'signed_packet': 14.811, 'packet': 14.576, 'signed_packet_chain': 15.999}
COMPLETE 253 {'signed_packet': 20.839, 'packet': 21.304, 'signed_packet_chain': 24.225}
COMPLETE 254 {'signed_packet': 21.601, 'packet': 20.184, 'signed_packet_chain': 22.11}
COMPLETE 255 {'signed_packet': 16.074, 'signed_packet_chain': 18.016, 'packet': 16.304}
COMPLETE 256 {'signed_packet': 21.675, 'packet': 20.159, 'signed_packet_chain': 24.608}
COMPLETE 257 {'signed_packet': 21.828, 'signed_packet_chain': 22.536, 'packet': 21.449}
COMPLETE 258 {'signed_packet': 21.138, 'signed_packet_chain': 22.663, 'packet': 21.449}
COMPLETE 259 {'signed_packet': 22.553, 'signed_packet_chain': 23.764, 'packet': 23.579}
COMPLETE 260 {'signed_packet': 21.66, 'packet': 20.928, 'signed_packet_chain': 22.785}
COMPLETE 261 {'signed_packet': 23.082, 'packet': 22.782, 'signed_packet_chain': 23.875}
COMPLETE 262 {'signed_packet': 16.309, 'signed_packet_chain': 18.419, 'packet': 16.529}
COMPLETE 263 {'signed_packet': 18.703, 'signed_packet_chain': 17.164, 'packet': 17.142}
COMPLETE 264 {'signed_packet': 15.965, 'signed_packet_chain': 16.782, 'packet': 16.45}
COMPLETE 265 {'signed_packet': 17.22, 'packet': 16.399, 'signed_packet_chain': 17.382}
COMPLETE 266 {'signed_packet': 17.019, 'signed_packet_chain': 16.583, 'packet': 16.396}
COMPLETE 267 {'signed_packet': 17.414, 'packet': 16.339, 'signed_packet_chain': 17.788}
COMPLETE 268 {'signed_packet': 16.98, 'packet': 16.029, 'signed_packet_chain': 17.813}
COMPLETE 269 {'packet': 17.693, 'signed_packet': 17.209, 'signed_packet_chain': 17.631}
COMPLETE 270 {'signed_packet': 22.509, 'signed_packet_chain': 24.54, 'packet': 22.999}
COMPLETE 271 {'signed_packet': 22.896, 'signed_packet_chain': 24.349, 'packet': 22.447}
COMPLETE 272 {'signed_packet_chain': 17.058, 'signed_packet': 17.558, 'packet': 16.912}
COMPLETE 273 {'signed_packet': 16.906, 'signed_packet_chain': 18.093, 'packet': 24.065}
COMPLETE 274 {'signed_packet_chain': 17.39, 'signed_packet': 19.465, 'packet': 16.45}
COMPLETE 275 {'signed_packet': 18.127, 'signed_packet_chain': 17.473, 'packet': 18.876}
COMPLETE 276 {'signed_packet_chain': 18.015, 'signed_packet': 19.886, 'packet': 20.303}
COMPLETE 277 {'signed_packet': 18.398, 'signed_packet_chain': 18.829, 'packet': 17.929}
COMPLETE 278 {'signed_packet': 18.82, 'signed_packet_chain': 18.402, 'packet': 18.837}
COMPLETE 279 {'signed_packet': 18.096, 'signed_packet_chain': 18.639, 'packet': 17.225}
COMPLETE 280 {'signed_packet': 20.762, 'signed_packet_chain': 20.913, 'packet': 17.862}
COMPLETE 281 {'signed_packet': 18.269, 'signed_packet_chain': 18.144, 'packet': 18.257}
COMPLETE 282 {'signed_packet': 18.591, 'signed_packet_chain': 19.149, 'packet': 17.853}
COMPLETE 283 {'signed_packet': 18.482, 'packet': 17.434, 'signed_packet_chain': 18.509}
COMPLETE 284 {'signed_packet': 18.041, 'signed_packet_chain': 19.132, 'packet': 18.161}
COMPLETE 285 {'signed_packet': 18.849, 'signed_packet_chain': 19.457, 'packet': 17.96}
COMPLETE 286 {'signed_packet': 17.827, 'packet': 19.293, 'signed_packet_chain': 19.627}
COMPLETE 287 {'signed_packet_chain': 19.306, 'signed_packet': 22.093, 'packet': 20.886}
COMPLETE 288 {'signed_packet': 19.295, 'signed_packet_chain': 19.688, 'packet': 18.125}
COMPLETE 289 {'signed_packet': 21.117, 'signed_packet_chain': 18.853, 'packet': 20.631}
COMPLETE 290 {'signed_packet': 18.197, 'signed_packet_chain': 20.25, 'packet': 18.618}
COMPLETE 291 {'signed_packet': 20.102, 'signed_packet_chain': 19.829, 'packet': 19.118}
COMPLETE 292 {'signed_packet': 19.221, 'signed_packet_chain': 19.347, 'packet': 18.678}
COMPLETE 293 {'signed_packet': 20.778, 'signed_packet_chain': 19.907, 'packet': 18.693}
COMPLETE 294 {'signed_packet': 19.527, 'packet': 18.031, 'signed_packet_chain': 22.335}
COMPLETE 295 {'signed_packet': 20.044, 'signed_packet_chain': 20.573, 'packet': 20.063}
COMPLETE 296 {'signed_packet': 24.455, 'signed_packet_chain': 22.406, 'packet': 18.236}
COMPLETE 297 {'signed_packet': 20.042, 'signed_packet_chain': 19.582, 'packet': 21.877}
COMPLETE 298 {'signed_packet': 19.78, 'signed_packet_chain': 20.515, 'packet': 19.383}
COMPLETE 299 {'signed_packet': 29.497, 'packet': 25.584, 'signed_packet_chain': 28.082}
COMPLETE 300 {'signed_packet_chain': 28.287, 'signed_packet': 29.584, 'packet': 27.736}
COMPLETE 301 {'signed_packet': 28.35, 'signed_packet_chain': 30.089, 'packet': 27.549}
COMPLETE 302 {'signed_packet': 27.018, 'signed_packet_chain': 27.971, 'packet': 27.671}
COMPLETE 303 {'signed_packet': 27.479, 'signed_packet_chain': 28.784, 'packet': 27.977}
COMPLETE 304 {'signed_packet': 28.002, 'signed_packet_chain': 28.998, 'packet': 26.148}
COMPLETE 305 {'signed_packet': 20.518, 'signed_packet_chain': 19.887, 'packet': 20.958}
COMPLETE 306 {'signed_packet': 29.054, 'signed_packet_chain': 30.344, 'packet': 27.941}
COMPLETE 307 {'signed_packet_chain': 20.848, 'signed_packet': 21.929, 'packet': 20.162}
COMPLETE 308 {'signed_packet': 21.732, 'signed_packet_chain': 21.167, 'packet': 21.955}
COMPLETE 309 {'signed_packet': 20.171, 'packet': 23.064, 'signed_packet_chain': 21.668}
COMPLETE 310 {'signed_packet_chain': 21.749, 'packet': 19.236, 'signed_packet': 21.658}
COMPLETE 311 {'signed_packet_chain': 21.973, 'signed_packet': 21.87, 'packet': 23.389}
COMPLETE 312 {'signed_packet': 21.309, 'signed_packet_chain': 22.173, 'packet': 23.968}
COMPLETE 313 {'signed_packet': 29.012, 'signed_packet_chain': 31.218, 'packet': 43.287}
COMPLETE 314 {'signed_packet': 28.335, 'signed_packet_chain': 29.844, 'packet': 28.886}
COMPLETE 315 {'signed_packet_chain': 30.169, 'signed_packet': 30.57, 'packet': 27.956}
COMPLETE 316 {'signed_packet': 42.535, 'signed_packet_chain': 30.873, 'packet': 29.008}
COMPLETE 317 {'signed_packet_chain': 32.753, 'signed_packet': 29.543, 'packet': 30.978}
COMPLETE 318 {'signed_packet_chain': 23.196, 'signed_packet': 24.362, 'packet': 26.446}
COMPLETE 319 {'signed_packet': 29.568, 'signed_packet_chain': 32.299, 'packet': 28.09}
COMPLETE 320 {'signed_packet': 30.051, 'signed_packet_chain': 30.63, 'packet': 32.007}
COMPLETE 321 {'signed_packet': 23.797, 'signed_packet_chain': 23.673, 'packet': 21.777}
COMPLETE 322 {'signed_packet': 22.387, 'signed_packet_chain': 23.094, 'packet': 20.564}
COMPLETE 323 {'signed_packet': 30.902, 'signed_packet_chain': 30.972, 'packet': 31.714}
COMPLETE 324 {'signed_packet': 30.68, 'signed_packet_chain': 32.746, 'packet': 32.698}
COMPLETE 325 {'signed_packet': 23.35, 'signed_packet_chain': 23.469, 'packet': 21.841}
COMPLETE 326 {'signed_packet': 22.588, 'signed_packet_chain': 23.213, 'packet': 23.4}
COMPLETE 327 {'signed_packet_chain': 23.507, 'signed_packet': 22.52, 'packet': 24.934}
COMPLETE 328 {'signed_packet': 22.457, 'signed_packet_chain': 24.057, 'packet': 25.153}
COMPLETE 329 {'signed_packet': 23.667, 'signed_packet_chain': 24.398, 'packet': 23.02}
COMPLETE 330 {'signed_packet': 23.819, 'packet': 22.464, 'signed_packet_chain': 30.221}
COMPLETE 331 {'signed_packet': 31.184, 'signed_packet_chain': 27.042, 'packet': 26.336}
COMPLETE 332 {'signed_packet': 34.719, 'signed_packet_chain': 33.06, 'packet': 30.656}
COMPLETE 333 {'signed_packet': 31.306, 'signed_packet_chain': 32.0, 'packet': 30.716}
COMPLETE 334 {'signed_packet': 32.213, 'signed_packet_chain': 33.216, 'packet': 33.896}
COMPLETE 335 {'signed_packet': 24.181, 'signed_packet_chain': 26.368, 'packet': 24.158}
COMPLETE 336 {'signed_packet': 23.331, 'signed_packet_chain': 23.273, 'packet': 22.777}
COMPLETE 337 {'signed_packet': 23.581, 'signed_packet_chain': 25.819, 'packet': 24.04}
COMPLETE 338 {'signed_packet': 25.244, 'signed_packet_chain': 25.766, 'packet': 24.488}
COMPLETE 339 {'signed_packet': 23.108, 'signed_packet_chain': 24.649, 'packet': 24.617}
COMPLETE 340 {'signed_packet': 25.154, 'signed_packet_chain': 25.87, 'packet': 23.732}
COMPLETE 341 {'signed_packet': 27.461, 'signed_packet_chain': 25.047, 'packet': 30.903}
COMPLETE 342 {'signed_packet': 23.365, 'signed_packet_chain': 25.278, 'packet': 23.772}
COMPLETE 343 {'signed_packet': 25.733, 'signed_packet_chain': 26.607, 'packet': 24.522}
COMPLETE 344 {'signed_packet_chain': 24.918, 'signed_packet': 26.335, 'packet': 30.034}
COMPLETE 345 {'signed_packet': 24.978, 'packet': 22.966, 'signed_packet_chain': 25.872}
COMPLETE 346 {'signed_packet': 25.01, 'signed_packet_chain': 26.704, 'packet': 25.519}
COMPLETE 347 {'signed_packet': 26.179, 'signed_packet_chain': 29.095, 'packet': 24.601}
COMPLETE 348 {'signed_packet_chain': 24.966, 'signed_packet': 24.456, 'packet': 27.309}
COMPLETE 349 {'signed_packet_chain': 26.599, 'signed_packet': 26.077, 'packet': 25.584}
COMPLETE 350 {'signed_packet': 26.675, 'signed_packet_chain': 26.373, 'packet': 26.285}
COMPLETE 351 {'signed_packet': 24.262, 'signed_packet_chain': 26.26, 'packet': 25.057}
COMPLETE 352 {'signed_packet_chain': 27.422, 'signed_packet': 26.244, 'packet': 24.896}
COMPLETE 353 {'signed_packet_chain': 25.821, 'signed_packet': 26.198, 'packet': 25.475}
COMPLETE 354 {'signed_packet': 29.404, 'signed_packet_chain': 26.254, 'packet': 23.432}
COMPLETE 355 {'signed_packet': 26.946, 'signed_packet_chain': 25.751, 'packet': 26.155}
COMPLETE 356 {'signed_packet_chain': 36.715, 'signed_packet': 39.94, 'packet': 34.251}
COMPLETE 357 {'signed_packet': 35.837, 'signed_packet_chain': 39.309, 'packet': 35.124}
COMPLETE 358 {'signed_packet_chain': 35.982, 'signed_packet': 36.794, 'packet': 37.262}
COMPLETE 359 {'signed_packet': 29.382, 'signed_packet_chain': 38.405, 'packet': 29.182}
COMPLETE 360 {'signed_packet': 28.167, 'signed_packet_chain': 27.654, 'packet': 29.891}
COMPLETE 361 {'signed_packet': 25.74, 'signed_packet_chain': 27.606, 'packet': 25.699}
COMPLETE 362 {'signed_packet': 28.459, 'signed_packet_chain': 30.045, 'packet': 25.629}
COMPLETE 363 {'signed_packet_chain': 27.069, 'signed_packet': 28.285, 'packet': 27.721}
COMPLETE 364 {'signed_packet': 27.807, 'signed_packet_chain': 30.887, 'packet': 26.481}
COMPLETE 365 {'signed_packet_chain': 26.755, 'signed_packet': 26.966, 'packet': 26.71}
COMPLETE 366 {'signed_packet': 27.435, 'signed_packet_chain': 31.244, 'packet': 25.507}
COMPLETE 367 {'signed_packet': 27.488, 'signed_packet_chain': 28.531, 'packet': 29.705}
COMPLETE 368 {'signed_packet': 37.191, 'packet': 35.438, 'signed_packet_chain': 38.53}
COMPLETE 369 {'signed_packet_chain': 39.363, 'signed_packet': 36.239, 'packet': 38.314}
COMPLETE 370 {'signed_packet': 28.512, 'signed_packet_chain': 29.134, 'packet': 28.038}
COMPLETE 371 {'signed_packet_chain': 31.943, 'signed_packet': 31.128, 'packet': 26.84}
COMPLETE 372 {'signed_packet_chain': 28.012, 'packet': 28.758, 'signed_packet': 29.38}
COMPLETE 373 {'signed_packet': 30.003, 'signed_packet_chain': 29.549, 'packet': 28.922}
COMPLETE 374 {'signed_packet_chain': 28.182, 'packet': 28.133, 'signed_packet': 28.739}
COMPLETE 375 {'signed_packet': 28.851, 'signed_packet_chain': 31.624, 'packet': 27.385}
COMPLETE 376 {'signed_packet_chain': 28.228, 'signed_packet': 30.015, 'packet': 28.269}
COMPLETE 377 {'signed_packet_chain': 31.273, 'signed_packet': 29.958, 'packet': 28.614}
COMPLETE 378 {'signed_packet_chain': 27.729, 'signed_packet': 29.598, 'packet': 33.493}
COMPLETE 379 {'signed_packet': 30.522, 'packet': 28.959, 'signed_packet_chain': 31.341}
COMPLETE 380 {'signed_packet_chain': 30.415, 'signed_packet': 29.387, 'packet': 29.086}
COMPLETE 381 {'signed_packet_chain': 29.559, 'signed_packet': 30.058, 'packet': 31.632}
COMPLETE 382 {'signed_packet_chain': 31.891, 'packet': 31.613, 'signed_packet': 30.316}
COMPLETE 383 {'signed_packet_chain': 28.714, 'signed_packet': 30.727, 'packet': 28.803}
COMPLETE 384 {'signed_packet': 29.402, 'signed_packet_chain': 31.354, 'packet': 29.504}
COMPLETE 385 {'signed_packet': 31.403, 'signed_packet_chain': 30.478, 'packet': 30.352}
COMPLETE 386 {'signed_packet_chain': 33.405, 'signed_packet': 31.357, 'packet': 32.831}
COMPLETE 387 {'signed_packet': 30.672, 'signed_packet_chain': 34.355, 'packet': 29.724}
COMPLETE 388 {'signed_packet_chain': 31.078, 'signed_packet': 30.811, 'packet': 29.073}
COMPLETE 389 {'signed_packet_chain': 30.718, 'signed_packet': 32.131, 'packet': 29.789}
COMPLETE 390 {'signed_packet_chain': 32.064, 'signed_packet': 31.706, 'packet': 30.031}
COMPLETE 391 {'signed_packet_chain': 31.909, 'signed_packet': 31.303, 'packet': 30.395}
COMPLETE 392 {'signed_packet_chain': 30.934, 'packet': 29.836, 'signed_packet': 31.909}
COMPLETE 393 {'signed_packet_chain': 32.408, 'signed_packet': 34.068, 'packet': 31.411}
COMPLETE 394 {'signed_packet_chain': 31.957, 'signed_packet': 31.569, 'packet': 30.063}
COMPLETE 395 {'signed_packet_chain': 35.352, 'signed_packet': 34.162, 'packet': 33.777}
COMPLETE 396 {'signed_packet': 32.105, 'signed_packet_chain': 33.0, 'packet': 30.886}
COMPLETE 397 {'signed_packet_chain': 32.426, 'signed_packet': 32.56, 'packet': 31.065}
COMPLETE 398 {'signed_packet': 32.084, 'signed_packet_chain': 35.563, 'packet': 30.146}
COMPLETE 399 {'signed_packet_chain': 43.16, 'signed_packet': 44.512, 'packet': 43.524}
COMPLETE 400 {'signed_packet_chain': 35.983, 'signed_packet': 33.806, 'packet': 31.474}
COMPLETE 401 {'packet': 31.488, 'signed_packet_chain': 31.44, 'signed_packet': 31.44}
COMPLETE 402 {'signed_packet_chain': 36.084, 'signed_packet': 31.693, 'packet': 33.981}
COMPLETE 403 {'signed_packet_chain': 44.998, 'signed_packet': 42.252, 'packet': 45.442}
COMPLETE 404 {'signed_packet': 44.17, 'signed_packet_chain': 45.83, 'packet': 53.598}
COMPLETE 405 {'signed_packet_chain': 36.208, 'signed_packet': 34.865, 'packet': 31.329}
COMPLETE 406 {'signed_packet': 32.475, 'signed_packet_chain': 33.002, 'packet': 32.358}
COMPLETE 407 {'signed_packet': 31.207, 'packet': 35.111, 'signed_packet_chain': 34.003}
COMPLETE 408 {'signed_packet_chain': 32.602, 'packet': 31.191, 'signed_packet': 35.842}
COMPLETE 409 {'signed_packet_chain': 33.03, 'signed_packet': 33.65, 'packet': 33.079}
COMPLETE 410 {'signed_packet_chain': 37.252, 'signed_packet': 34.853, 'packet': 34.983}
COMPLETE 411 {'signed_packet_chain': 33.761, 'signed_packet': 32.245, 'packet': 40.859}
COMPLETE 412 {'signed_packet_chain': 34.569, 'signed_packet': 33.061, 'packet': 33.003}
COMPLETE 413 {'signed_packet': 33.853, 'signed_packet_chain': 37.624, 'packet': 33.233}
COMPLETE 414 {'signed_packet_chain': 34.453, 'signed_packet': 35.835, 'packet': 33.25}
COMPLETE 415 {'signed_packet_chain': 35.157, 'signed_packet': 35.971, 'packet': 34.549}
COMPLETE 416 {'signed_packet_chain': 37.909, 'signed_packet': 35.503, 'packet': 33.915}
COMPLETE 417 {'signed_packet_chain': 34.587, 'signed_packet': 35.682, 'packet': 41.577}
COMPLETE 418 {'signed_packet_chain': 35.223, 'signed_packet': 38.393, 'packet': 33.367}
COMPLETE 419 {'packet': 36.709, 'signed_packet_chain': 33.836, 'signed_packet': 37.966}
COMPLETE 420 {'signed_packet_chain': 34.901, 'signed_packet': 34.122, 'packet': 34.771}
COMPLETE 421 {'signed_packet_chain': 38.338, 'signed_packet': 34.921, 'packet': 35.099}
COMPLETE 422 {'signed_packet_chain': 35.795, 'signed_packet': 34.514, 'packet': 37.059}
COMPLETE 423 {'signed_packet_chain': 35.46, 'signed_packet': 34.535, 'packet': 34.932}
COMPLETE 424 {'signed_packet_chain': 39.161, 'signed_packet': 36.008, 'packet': 36.24}
COMPLETE 425 {'signed_packet': 37.766, 'signed_packet_chain': 36.198, 'packet': 35.088}
COMPLETE 426 {'signed_packet_chain': 35.487, 'signed_packet': 35.443, 'packet': 35.868}
COMPLETE 427 {'signed_packet_chain': 40.327, 'signed_packet': 37.783, 'packet': 34.302}
COMPLETE 428 {'signed_packet_chain': 36.346, 'signed_packet': 38.814, 'packet': 38.692}
COMPLETE 429 {'signed_packet_chain': 37.38, 'signed_packet': 36.334, 'packet': 34.458}
COMPLETE 430 {'signed_packet_chain': 35.732, 'signed_packet': 36.95, 'packet': 36.846}
COMPLETE 431 {'signed_packet_chain': 37.412, 'signed_packet': 38.466, 'packet': 34.501}
COMPLETE 432 {'signed_packet_chain': 37.93, 'packet': 36.086, 'signed_packet': 36.864}
COMPLETE 433 {'signed_packet_chain': 41.24, 'signed_packet': 38.483, 'packet': 35.652}
COMPLETE 434 {'signed_packet_chain': 38.895, 'packet': 40.383, 'signed_packet': 41.548}
COMPLETE 435 {'signed_packet': 38.079, 'signed_packet_chain': 41.679, 'packet': 35.22}
COMPLETE 436 {'signed_packet_chain': 36.17, 'packet': 36.498, 'signed_packet': 37.839}
COMPLETE 437 {'signed_packet_chain': 37.778, 'packet': 35.988, 'signed_packet': 37.399}
COMPLETE 438 {'signed_packet_chain': 36.436, 'signed_packet': 35.699, 'packet': 32.566}
COMPLETE 439 {'signed_packet_chain': 37.461, 'signed_packet': 38.233, 'packet': 36.416}
COMPLETE 440 {'signed_packet_chain': 38.365, 'signed_packet': 37.517, 'packet': 38.14}
COMPLETE 441 {'signed_packet_chain': 39.064, 'packet': 40.882, 'signed_packet': 38.472}
COMPLETE 442 {'signed_packet_chain': 38.283, 'packet': 41.908, 'signed_packet': 44.87}
COMPLETE 443 {'signed_packet_chain': 36.232, 'packet': 34.537, 'signed_packet': 41.826}
COMPLETE 444 {'signed_packet': 35.754, 'signed_packet_chain': 40.34, 'packet': 39.234}
COMPLETE 445 {'packet': 37.738, 'signed_packet': 39.238, 'signed_packet_chain': 38.752}
COMPLETE 446 {'signed_packet_chain': 40.058, 'packet': 37.319, 'signed_packet': 40.183}
COMPLETE 447 {'signed_packet_chain': 52.67, 'packet': 49.777, 'signed_packet': 52.685}
COMPLETE 448 {'signed_packet_chain': 38.078, 'packet': 38.045, 'signed_packet': 40.413}
COMPLETE 449 {'signed_packet_chain': 42.753, 'signed_packet': 41.122, 'packet': 37.628}
COMPLETE 450 {'signed_packet': 42.089, 'packet': 42.034, 'signed_packet_chain': 39.166}
COMPLETE 451 {'signed_packet_chain': 39.056, 'signed_packet': 43.161, 'packet': 41.852}
COMPLETE 452 {'signed_packet_chain': 44.216, 'signed_packet': 39.498, 'packet': 38.732}
COMPLETE 453 {'signed_packet_chain': 39.296, 'signed_packet': 40.345, 'packet': 38.789}
COMPLETE 454 {'signed_packet_chain': 40.753, 'signed_packet': 39.678, 'packet': 43.669}
COMPLETE 455 {'signed_packet_chain': 40.079, 'packet': 39.847, 'signed_packet': 39.436}
COMPLETE 456 {'signed_packet_chain': 40.219, 'signed_packet': 40.985, 'packet': 38.299}
COMPLETE 457 {'signed_packet_chain': 41.422, 'signed_packet': 41.101, 'packet': 38.643}
COMPLETE 458 {'signed_packet_chain': 41.1, 'packet': 38.882, 'signed_packet': 40.915}
COMPLETE 459 {'signed_packet': 38.373, 'packet': 45.508, 'signed_packet_chain': 42.826}
COMPLETE 460 {'signed_packet_chain': 44.21, 'signed_packet': 43.684, 'packet': 38.917}
COMPLETE 461 {'signed_packet_chain': 49.144, 'signed_packet': 46.213, 'packet': 54.229}
COMPLETE 462 {'signed_packet': 55.053, 'signed_packet_chain': 57.789, 'packet': 54.113}
COMPLETE 463 {'signed_packet_chain': 41.388, 'signed_packet': 44.735, 'packet': 39.353}
COMPLETE 464 {'signed_packet_chain': 41.239, 'signed_packet': 40.36, 'packet': 39.85}
COMPLETE 465 {'signed_packet_chain': 41.559, 'signed_packet': 40.272, 'packet': 40.533}
COMPLETE 466 {'signed_packet_chain': 41.594, 'signed_packet': 41.228, 'packet': 39.994}
COMPLETE 467 {'signed_packet_chain': 43.407, 'signed_packet': 40.213, 'packet': 42.053}
COMPLETE 468 {'signed_packet_chain': 41.241, 'packet': 43.565, 'signed_packet': 40.951}
COMPLETE 469 {'signed_packet_chain': 41.968, 'packet': 40.746, 'signed_packet': 58.638}
COMPLETE 470 {'signed_packet_chain': 45.842, 'packet': 39.534, 'signed_packet': 42.477}
COMPLETE 471 {'signed_packet_chain': 46.339, 'signed_packet': 41.56, 'packet': 43.021}
COMPLETE 472 {'signed_packet_chain': 44.165, 'packet': 44.451, 'signed_packet': 43.709}
COMPLETE 473 {'signed_packet_chain': 54.742, 'packet': 41.603, 'signed_packet': 55.693}
COMPLETE 474 {'signed_packet_chain': 46.001, 'signed_packet': 44.29, 'packet': 42.116}
COMPLETE 475 {'signed_packet_chain': 43.633, 'signed_packet': 44.23, 'packet': 44.974}
COMPLETE 476 {'signed_packet_chain': 46.999, 'signed_packet': 44.63, 'packet': 41.564}
COMPLETE 477 {'signed_packet_chain': 42.648, 'packet': 41.663, 'signed_packet': 43.084}
COMPLETE 478 {'packet': 42.976, 'signed_packet_chain': 44.506, 'signed_packet': 44.111}
COMPLETE 479 {'signed_packet_chain': 58.826, 'signed_packet': 58.245, 'packet': 59.92}
COMPLETE 480 {'signed_packet_chain': 60.199, 'signed_packet': 58.742, 'packet': 57.04}
COMPLETE 481 {'signed_packet_chain': 57.584, 'packet': 59.481, 'signed_packet': 58.373}
COMPLETE 482 {'signed_packet_chain': 45.42, 'packet': 43.087, 'signed_packet': 45.614}
COMPLETE 483 {'signed_packet_chain': 45.787, 'packet': 44.416, 'signed_packet': 43.368}
COMPLETE 484 {'signed_packet': 44.812, 'signed_packet_chain': 45.978, 'packet': 45.11}
COMPLETE 485 {'signed_packet_chain': 47.306, 'signed_packet': 43.79, 'packet': 44.784}
COMPLETE 486 {'signed_packet_chain': 46.692, 'packet': 45.641, 'signed_packet': 44.405}
COMPLETE 487 {'signed_packet_chain': 49.011, 'packet': 46.248, 'signed_packet': 44.063}
COMPLETE 488 {'signed_packet_chain': 49.914, 'signed_packet': 45.447, 'packet': 43.952}
COMPLETE 489 {'signed_packet_chain': 62.387, 'packet': 43.546, 'signed_packet': 62.407}
COMPLETE 490 {'signed_packet_chain': 63.23, 'signed_packet': 59.598, 'packet': 63.061}
COMPLETE 491 {'signed_packet_chain': 50.699, 'signed_packet': 44.508, 'packet': 44.271}
COMPLETE 492 {'signed_packet_chain': 45.283, 'signed_packet': 40.953, 'packet': 50.418}
COMPLETE 493 {'signed_packet_chain': 50.898, 'signed_packet': 44.784, 'packet': 44.087}
COMPLETE 494 {'signed_packet_chain': 62.029, 'packet': 63.992, 'signed_packet': 62.167}
COMPLETE 495 {'signed_packet_chain': 47.798, 'packet': 42.521, 'signed_packet': 47.91}
COMPLETE 496 {'packet': 41.308, 'signed_packet_chain': 51.001, 'signed_packet': 43.639}
COMPLETE 497 {'signed_packet': 49.418, 'signed_packet_chain': 46.96, 'packet': 44.227}
COMPLETE 498 {'signed_packet_chain': 50.978, 'packet': 48.538, 'signed_packet': 46.515}
COMPLETE 499 {'signed_packet_chain': 48.095, 'packet': 49.273, 'signed_packet': 47.695}
COMPLETE 500 {'signed_packet': 50.81, 'signed_packet_chain': 49.281, 'packet': 48.979}
COMPLETE 501 {'signed_packet_chain': 65.578, 'packet': 65.471, 'signed_packet': 64.284}
COMPLETE 502 {'packet': 47.524, 'signed_packet_chain': 48.466, 'signed_packet': 52.598}
COMPLETE 503 {'signed_packet_chain': 81.582, 'packet': 63.985, 'signed_packet': 76.572}
COMPLETE 504 {'signed_packet_chain': 77.837, 'signed_packet': 67.477, 'packet': 67.195}
COMPLETE 505 {'signed_packet_chain': 65.429, 'packet': 59.824, 'signed_packet': 66.04}
COMPLETE 506 {'signed_packet_chain': 68.976, 'packet': 62.316, 'signed_packet': 71.197}
COMPLETE 507 {'signed_packet_chain': 65.935, 'packet': 64.919, 'signed_packet': 68.27}
COMPLETE 508 {'signed_packet_chain': 68.849, 'packet': 62.151, 'signed_packet': 68.262}
COMPLETE 509 {'signed_packet_chain': 53.008, 'packet': 46.012, 'signed_packet': 48.862}
COMPLETE 510 {'signed_packet_chain': 49.133, 'packet': 50.468, 'signed_packet': 49.021}
COMPLETE 511 {'signed_packet_chain': 66.389, 'packet': 60.861, 'signed_packet': 67.505}
COMPLETE 512 {'signed_packet_chain': 53.182, 'packet': 46.101, 'signed_packet': 52.178}
COMPLETE 513 {'signed_packet_chain': 48.536, 'packet': 49.244, 'signed_packet': 49.293}
COMPLETE 514 {'signed_packet_chain': 50.001, 'packet': 46.089, 'signed_packet': 50.969}
COMPLETE 515 {'signed_packet_chain': 54.357, 'packet': 44.152, 'signed_packet': 44.733}
COMPLETE 516 {'signed_packet_chain': 53.53, 'packet': 51.001, 'signed_packet': 54.768}
COMPLETE 517 {'signed_packet_chain': 69.586, 'packet': 62.642, 'signed_packet': 77.712}
COMPLETE 518 {'signed_packet_chain': 70.179, 'packet': 62.427, 'signed_packet': 65.108}
COMPLETE 519 {'signed_packet': 61.738, 'signed_packet_chain': 52.563, 'packet': 53.198}
COMPLETE 520 {'signed_packet_chain': 75.203, 'packet': 68.105, 'signed_packet': 68.879}
COMPLETE 521 {'signed_packet_chain': 53.542, 'packet': 50.921, 'signed_packet': 52.91}
COMPLETE 522 {'signed_packet_chain': 53.789, 'packet': 49.307, 'signed_packet': 54.593}
COMPLETE 523 {'signed_packet_chain': 55.149, 'packet': 50.307, 'signed_packet': 53.871}
COMPLETE 524 {'signed_packet_chain': 56.351, 'packet': 50.423, 'signed_packet': 54.111}
COMPLETE 525 {'packet': 66.069, 'signed_packet_chain': 73.967, 'signed_packet': 71.587}
COMPLETE 526 {'signed_packet_chain': 72.739, 'packet': 64.923, 'signed_packet': 71.443}
COMPLETE 527 {'signed_packet': 54.801, 'signed_packet_chain': 54.539, 'packet': 51.279}
COMPLETE 528 {'signed_packet_chain': 74.31, 'packet': 70.374, 'signed_packet': 71.219}
COMPLETE 529 {'signed_packet_chain': 73.972, 'packet': 66.698, 'signed_packet': 74.205}
COMPLETE 530 {'signed_packet_chain': 78.817, 'packet': 66.153, 'signed_packet': 76.427}
COMPLETE 531 {'signed_packet_chain': 62.503, 'packet': 60.182, 'signed_packet': 55.707}
COMPLETE 532 {'signed_packet_chain': 54.532, 'packet': 54.397, 'signed_packet': 57.794}
COMPLETE 533 {'signed_packet': 76.376, 'signed_packet_chain': 69.214, 'packet': 56.514}
COMPLETE 534 {'signed_packet_chain': 74.231, 'packet': 70.079, 'signed_packet': 74.02}
COMPLETE 535 {'signed_packet_chain': 74.632, 'packet': 72.257, 'signed_packet': 79.902}
COMPLETE 536 {'signed_packet_chain': 75.849, 'packet': 70.023, 'signed_packet': 75.981}
COMPLETE 537 {'signed_packet_chain': 79.421, 'packet': 70.024, 'signed_packet': 77.39}
COMPLETE 538 {'signed_packet_chain': 78.185, 'packet': 69.72, 'signed_packet': 76.682}
COMPLETE 539 {'signed_packet': 64.676, 'signed_packet_chain': 62.614, 'packet': 74.27}
COMPLETE 540 {'packet': 51.858, 'signed_packet_chain': 56.151, 'signed_packet': 54.475}
COMPLETE 541 {'signed_packet_chain': 53.347, 'packet': 49.839, 'signed_packet': 54.989}
COMPLETE 542 {'signed_packet_chain': 58.672, 'packet': 55.56, 'signed_packet': 53.462}
COMPLETE 543 {'signed_packet_chain': 57.326, 'packet': 72.277, 'signed_packet': 56.294}
COMPLETE 544 {'signed_packet_chain': 57.874, 'packet': 53.306, 'signed_packet': 59.72}
COMPLETE 545 {'packet': 51.702, 'signed_packet_chain': 60.715, 'signed_packet': 58.828}
COMPLETE 546 {'signed_packet_chain': 62.735, 'packet': 52.06, 'signed_packet': 59.846}
COMPLETE 547 {'signed_packet_chain': 58.712, 'packet': 54.424, 'signed_packet': 59.074}
COMPLETE 548 {'signed_packet_chain': 58.493, 'packet': 53.217, 'signed_packet': 59.847}
COMPLETE 549 {'signed_packet_chain': 63.379, 'packet': 60.073, 'signed_packet': 59.538}
COMPLETE 550 {'signed_packet_chain': 80.395, 'packet': 79.861, 'signed_packet': 97.35}
COMPLETE 551 {'signed_packet_chain': 79.351, 'signed_packet': 80.212, 'packet': 81.924}
COMPLETE 552 {'signed_packet_chain': 81.12, 'packet': 77.365, 'signed_packet': 78.572}
COMPLETE 553 {'signed_packet_chain': 78.108, 'packet': 73.656, 'signed_packet': 76.962}
COMPLETE 554 {'signed_packet_chain': 56.803, 'packet': 59.049, 'signed_packet': 63.801}
COMPLETE 555 {'signed_packet_chain': 83.433, 'packet': 74.869, 'signed_packet': 76.923}
COMPLETE 556 {'signed_packet_chain': 81.815, 'packet': 78.683, 'signed_packet': 79.047}
COMPLETE 557 {'signed_packet_chain': 86.67, 'packet': 79.29, 'signed_packet': 74.425}
COMPLETE 558 {'signed_packet_chain': 79.968, 'packet': 78.636, 'signed_packet': 80.353}
COMPLETE 559 {'signed_packet_chain': 85.17, 'packet': 75.686, 'signed_packet': 81.828}
COMPLETE 560 {'signed_packet_chain': 83.058, 'packet': 77.407, 'signed_packet': 79.546}
COMPLETE 561 {'signed_packet_chain': 61.382, 'packet': 59.316, 'signed_packet': 72.369}
COMPLETE 562 {'signed_packet_chain': 80.962, 'packet': 79.181, 'signed_packet': 78.913}
COMPLETE 563 {'signed_packet_chain': 59.174, 'packet': 58.428, 'signed_packet': 58.279}
COMPLETE 564 {'signed_packet_chain': 60.79, 'packet': 58.801, 'signed_packet': 61.683}
COMPLETE 565 {'signed_packet_chain': 82.653, 'packet': 77.478, 'signed_packet': 83.185}
COMPLETE 566 {'signed_packet_chain': 84.981, 'packet': 79.338, 'signed_packet': 80.752}
COMPLETE 567 {'signed_packet_chain': 82.17, 'packet': 80.911, 'signed_packet': 85.458}
COMPLETE 568 {'signed_packet_chain': 65.627, 'packet': 57.295, 'signed_packet': 67.778}
COMPLETE 569 {'signed_packet_chain': 63.223, 'packet': 58.598, 'signed_packet': 63.788}
COMPLETE 570 {'signed_packet_chain': 62.363, 'packet': 58.411, 'signed_packet': 60.237}
COMPLETE 571 {'signed_packet_chain': 61.115, 'packet': 61.82, 'signed_packet': 58.903}
COMPLETE 572 {'signed_packet_chain': 82.808, 'packet': 76.596, 'signed_packet': 83.208}
COMPLETE 573 {'signed_packet_chain': 84.192, 'packet': 78.646, 'signed_packet': 79.167}
COMPLETE 574 {'signed_packet_chain': 81.716, 'packet': 75.273, 'signed_packet': 79.253}
COMPLETE 575 {'signed_packet_chain': 81.116, 'packet': 81.59, 'signed_packet': 80.834}
COMPLETE 576 {'signed_packet_chain': 82.742, 'packet': 78.314, 'signed_packet': 83.894}
COMPLETE 577 {'signed_packet_chain': 61.767, 'signed_packet': 60.816, 'packet': 62.767}
COMPLETE 578 {'signed_packet_chain': 66.404, 'packet': 59.552, 'signed_packet': 60.116}
COMPLETE 579 {'signed_packet_chain': 86.262, 'packet': 90.78, 'signed_packet': 80.719}
COMPLETE 580 {'signed_packet_chain': 81.493, 'packet': 84.28, 'signed_packet': 82.364}
COMPLETE 581 {'signed_packet_chain': 84.91, 'packet': 80.089, 'signed_packet': 86.675}
COMPLETE 582 {'signed_packet_chain': 63.519, 'packet': 61.842, 'signed_packet': 61.567}
COMPLETE 583 {'signed_packet_chain': 61.506, 'packet': 60.977, 'signed_packet': 62.627}
COMPLETE 584 {'signed_packet_chain': 88.454, 'packet': 81.507, 'signed_packet': 85.573}
COMPLETE 585 {'signed_packet_chain': 72.488, 'packet': 73.843, 'signed_packet': 62.229}
COMPLETE 586 {'signed_packet_chain': 62.499, 'packet': 64.261, 'signed_packet': 63.292}
COMPLETE 587 {'signed_packet_chain': 85.044, 'packet': 81.007, 'signed_packet': 85.922}
COMPLETE 588 {'signed_packet_chain': 85.545, 'packet': 82.609, 'signed_packet': 83.97}
COMPLETE 589 {'signed_packet_chain': 62.067, 'packet': 60.482, 'signed_packet': 64.62}
COMPLETE 590 {'signed_packet_chain': 88.898, 'packet': 80.91, 'signed_packet': 84.019}
COMPLETE 591 {'signed_packet_chain': 77.31, 'packet': 76.102, 'signed_packet': 63.131}
COMPLETE 592 {'signed_packet_chain': 63.422, 'packet': 65.894, 'signed_packet': 65.012}
COMPLETE 593 {'signed_packet_chain': 86.73, 'packet': 82.929, 'signed_packet': 86.379}
COMPLETE 594 {'signed_packet_chain': 64.993, 'packet': 63.496, 'signed_packet': 69.908}
COMPLETE 595 {'signed_packet_chain': 62.722, 'packet': 64.306, 'signed_packet': 67.817}
COMPLETE 596 {'signed_packet_chain': 90.384, 'packet': 81.594, 'signed_packet': 86.855}
COMPLETE 597 {'signed_packet_chain': 84.486, 'packet': 63.893, 'signed_packet': 64.385}
COMPLETE 598 {'signed_packet_chain': 64.323, 'packet': 64.514, 'signed_packet': 64.353}
COMPLETE 599 {'signed_packet_chain': 87.796, 'packet': 87.581, 'signed_packet': 86.272}
COMPLETE 600 {'signed_packet_chain': 87.825, 'packet': 83.292, 'signed_packet': 85.455}
COMPLETE 601 {'signed_packet_chain': 86.898, 'packet': 84.251, 'signed_packet': 84.061}
COMPLETE 602 {'signed_packet_chain': 65.122, 'packet': 63.155, 'signed_packet': 67.099}
COMPLETE 603 {'signed_packet_chain': 91.55, 'packet': 84.004, 'signed_packet': 104.794}
COMPLETE 604 {'signed_packet_chain': 84.274, 'packet': 63.335, 'signed_packet': 64.495}
COMPLETE 605 {'signed_packet_chain': 101.445, 'packet': 83.476, 'signed_packet': 84.725}
COMPLETE 606 {'signed_packet_chain': 91.982, 'packet': 83.216, 'signed_packet': 88.032}
COMPLETE 607 {'signed_packet_chain': 91.881, 'packet': 85.06, 'signed_packet': 87.447}
COMPLETE 608 {'signed_packet_chain': 87.55, 'packet': 101.34, 'signed_packet': 87.954}
COMPLETE 609 {'signed_packet_chain': 62.142, 'packet': 59.647, 'signed_packet': 62.102}
COMPLETE 610 {'signed_packet_chain': 90.363, 'packet': 85.332, 'signed_packet': 91.15}
COMPLETE 611 {'signed_packet_chain': 93.335, 'packet': 86.994, 'signed_packet': 91.452}
COMPLETE 612 {'signed_packet_chain': 93.307, 'packet': 86.237, 'signed_packet': 107.535}
COMPLETE 613 {'signed_packet_chain': 94.466, 'packet': 87.125, 'signed_packet': 88.954}
COMPLETE 614 {'signed_packet_chain': 87.183, 'packet': 85.318, 'signed_packet': 87.178}
COMPLETE 615 {'signed_packet_chain': 67.336, 'packet': 81.481, 'signed_packet': 66.276}
COMPLETE 616 {'signed_packet_chain': 70.993, 'packet': 64.471, 'signed_packet': 66.959}
COMPLETE 617 {'signed_packet_chain': 67.468, 'packet': 67.253, 'signed_packet': 67.116}
COMPLETE 618 {'signed_packet_chain': 68.079, 'packet': 66.009, 'signed_packet': 69.066}
COMPLETE 619 {'signed_packet_chain': 70.508, 'packet': 66.912, 'signed_packet': 67.432}
COMPLETE 620 {'signed_packet_chain': 96.238, 'packet': 87.806, 'signed_packet': 97.348}
COMPLETE 621 {'signed_packet_chain': 98.768, 'packet': 90.355, 'signed_packet': 90.568}
COMPLETE 622 {'signed_packet_chain': 96.642, 'packet': 85.944, 'signed_packet': 89.332}
COMPLETE 623 {'signed_packet_chain': 67.784, 'packet': 67.571, 'signed_packet': 68.747}
COMPLETE 624 {'signed_packet_chain': 96.815, 'packet': 89.171, 'signed_packet': 91.603}
COMPLETE 625 {'signed_packet_chain': 97.282, 'packet': 93.41, 'signed_packet': 93.527}
COMPLETE 626 {'signed_packet_chain': 68.252, 'packet': 66.278, 'signed_packet': 69.627}
COMPLETE 627 {'signed_packet_chain': 94.366, 'packet': 88.124, 'signed_packet': 92.055}
COMPLETE 628 {'signed_packet_chain': 93.59, 'packet': 92.008, 'signed_packet': 92.448}
COMPLETE 629 {'signed_packet_chain': 67.374, 'packet': 69.952, 'signed_packet': 72.652}
COMPLETE 630 {'signed_packet_chain': 93.689, 'packet': 90.497, 'signed_packet': 92.796}
COMPLETE 631 {'signed_packet_chain': 96.588, 'packet': 92.221, 'signed_packet': 92.13}
COMPLETE 632 {'signed_packet_chain': 69.109, 'packet': 67.576, 'signed_packet': 68.53}
COMPLETE 633 {'signed_packet_chain': 67.348, 'packet': 63.996, 'signed_packet': 80.276}
COMPLETE 634 {'signed_packet_chain': 68.511, 'packet': 63.846, 'signed_packet': 63.263}
COMPLETE 635 {'signed_packet_chain': 73.172, 'packet': 66.185, 'signed_packet': 70.733}
COMPLETE 636 {'signed_packet_chain': 69.965, 'packet': 72.856, 'signed_packet': 73.3}
COMPLETE 637 {'signed_packet_chain': 99.152, 'packet': 89.938, 'signed_packet': 94.949}
COMPLETE 638 {'signed_packet_chain': 90.381, 'packet': 80.257, 'signed_packet': 80.74}
COMPLETE 639 {'signed_packet_chain': 98.143, 'packet': 92.106, 'signed_packet': 93.994}
COMPLETE 640 {'signed_packet_chain': 100.601, 'packet': 95.624, 'signed_packet': 96.479}
COMPLETE 641 {'signed_packet_chain': 96.856, 'packet': 92.193, 'signed_packet': 96.672}
COMPLETE 642 {'signed_packet_chain': 96.905, 'packet': 91.075, 'signed_packet': 96.841}
COMPLETE 643 {'signed_packet_chain': 96.808, 'packet': 92.489, 'signed_packet': 99.026}
COMPLETE 644 {'signed_packet_chain': 96.53, 'packet': 93.559, 'signed_packet': 96.165}
COMPLETE 645 {'signed_packet_chain': 96.813, 'packet': 90.992, 'signed_packet': 95.027}
COMPLETE 646 {'signed_packet_chain': 96.935, 'packet': 94.794, 'signed_packet': 98.097}
COMPLETE 647 {'signed_packet_chain': 99.682, 'packet': 92.018, 'signed_packet': 99.253}
COMPLETE 648 {'signed_packet_chain': 96.323, 'packet': 88.602, 'signed_packet': 98.464}
COMPLETE 649 {'signed_packet_chain': 98.209, 'packet': 91.302, 'signed_packet': 100.29}
COMPLETE 650 {'signed_packet_chain': 98.874, 'packet': 99.709, 'signed_packet': 94.437}
COMPLETE 651 {'signed_packet_chain': 75.761, 'packet': 68.462, 'signed_packet': 75.704}
COMPLETE 652 {'signed_packet_chain': 99.76, 'packet': 94.307, 'signed_packet': 94.396}
COMPLETE 653 {'signed_packet_chain': 102.572, 'packet': 93.0, 'signed_packet': 100.305}
COMPLETE 654 {'signed_packet_chain': 97.815, 'packet': 94.668, 'signed_packet': 101.692}
COMPLETE 655 {'signed_packet_chain': 100.449, 'packet': 93.981, 'signed_packet': 100.687}
COMPLETE 656 {'signed_packet_chain': 98.313, 'packet': 93.562, 'signed_packet': 96.922}
COMPLETE 657 {'signed_packet_chain': 88.269, 'packet': 71.32, 'signed_packet': 89.896}
COMPLETE 658 {'signed_packet_chain': 72.257, 'packet': 71.62, 'signed_packet': 74.663}
COMPLETE 659 {'signed_packet_chain': 102.698, 'packet': 94.744, 'signed_packet': 96.909}
COMPLETE 660 {'signed_packet_chain': 103.125, 'packet': 96.184, 'signed_packet': 96.721}
COMPLETE 661 {'signed_packet_chain': 73.382, 'packet': 72.265, 'signed_packet': 72.573}
COMPLETE 662 {'signed_packet_chain': 103.758, 'packet': 93.625, 'signed_packet': 100.876}
COMPLETE 663 {'signed_packet_chain': 104.759, 'packet': 97.55, 'signed_packet': 97.926}
COMPLETE 664 {'signed_packet_chain': 73.676, 'packet': 72.685, 'signed_packet': 75.232}
COMPLETE 665 {'signed_packet_chain': 74.37, 'packet': 72.506, 'signed_packet': 76.985}
COMPLETE 666 {'signed_packet_chain': 107.072, 'packet': 96.627, 'signed_packet': 103.427}
COMPLETE 667 {'signed_packet_chain': 102.186, 'packet': 98.232, 'signed_packet': 99.176}
COMPLETE 668 {'signed_packet_chain': 75.636, 'packet': 71.271, 'signed_packet': 74.839}
COMPLETE 669 {'signed_packet_chain': 106.223, 'packet': 97.657, 'signed_packet': 103.902}
COMPLETE 670 {'signed_packet_chain': 76.747, 'packet': 72.714, 'signed_packet': 77.771}
COMPLETE 671 {'signed_packet_chain': 79.342, 'packet': 71.563, 'signed_packet': 77.77}
COMPLETE 672 {'signed_packet_chain': 105.797, 'packet': 100.208, 'signed_packet': 101.449}
COMPLETE 673 {'signed_packet_chain': 76.014, 'packet': 73.193, 'signed_packet': 80.044}
COMPLETE 674 {'signed_packet_chain': 80.238, 'packet': 72.905, 'signed_packet': 78.394}
COMPLETE 675 {'signed_packet_chain': 74.614, 'packet': 76.01, 'signed_packet': 78.745}
COMPLETE 676 {'signed_packet_chain': 77.699, 'packet': 73.436, 'signed_packet': 79.395}
COMPLETE 677 {'signed_packet_chain': 81.537, 'packet': 76.338, 'signed_packet': 75.412}
COMPLETE 678 {'signed_packet_chain': 77.153, 'packet': 73.812, 'signed_packet': 92.601}
COMPLETE 679 {'signed_packet_chain': 77.62, 'packet': 74.774, 'signed_packet': 75.56}
COMPLETE 680 {'signed_packet_chain': 75.193, 'packet': 77.466, 'signed_packet': 78.22}
COMPLETE 681 {'signed_packet_chain': 77.128, 'packet': 75.11, 'signed_packet': 77.192}
COMPLETE 682 {'signed_packet_chain': 76.619, 'packet': 78.135, 'signed_packet': 79.855}
COMPLETE 683 {'signed_packet_chain': 88.041, 'packet': 78.839, 'signed_packet': 79.712}
COMPLETE 684 {'signed_packet_chain': 76.92, 'packet': 76.644, 'signed_packet': 77.127}
COMPLETE 685 {'signed_packet_chain': 76.393, 'packet': 75.618, 'signed_packet': 81.706}
COMPLETE 686 {'signed_packet_chain': 79.747, 'packet': 77.435, 'signed_packet': 77.442}
COMPLETE 687 {'signed_packet_chain': 90.196, 'packet': 75.179, 'signed_packet': 78.172}
COMPLETE 688 {'signed_packet_chain': 79.46, 'packet': 78.194, 'signed_packet': 81.088}
COMPLETE 689 {'signed_packet_chain': 109.915, 'packet': 102.978, 'signed_packet': 103.983}
COMPLETE 690 {'signed_packet_chain': 81.692, 'packet': 79.191, 'signed_packet': 76.358}
COMPLETE 691 {'signed_packet_chain': 82.578, 'packet': 74.995, 'signed_packet': 82.388}
COMPLETE 692 {'signed_packet_chain': 79.465, 'packet': 76.711, 'signed_packet': 77.465}
COMPLETE 693 {'signed_packet_chain': 95.973, 'packet': 76.062, 'signed_packet': 78.829}
COMPLETE 694 {'signed_packet_chain': 85.036, 'packet': 75.692, 'signed_packet': 79.14}
COMPLETE 695 {'signed_packet_chain': 83.731, 'packet': 78.62, 'signed_packet': 77.548}
COMPLETE 696 {'signed_packet_chain': 85.225, 'packet': 77.216, 'signed_packet': 82.86}
COMPLETE 697 {'signed_packet_chain': 80.905, 'packet': 75.624, 'signed_packet': 82.606}
COMPLETE 698 {'signed_packet_chain': 83.496, 'packet': 76.58, 'signed_packet': 83.937}
COMPLETE 699 {'signed_packet_chain': 83.939, 'packet': 78.154, 'signed_packet': 82.536}
COMPLETE 700 {'signed_packet_chain': 81.162, 'packet': 81.723, 'signed_packet': 80.681}
COMPLETE 701 {'signed_packet_chain': 82.421, 'packet': 79.418, 'signed_packet': 85.265}
COMPLETE 702 {'signed_packet_chain': 78.53, 'packet': 82.311, 'signed_packet': 81.497}
COMPLETE 703 {'signed_packet_chain': 79.327, 'packet': 79.42, 'signed_packet': 83.902}
COMPLETE 704 {'signed_packet_chain': 82.579, 'packet': 78.863, 'signed_packet': 82.489}
COMPLETE 705 {'signed_packet_chain': 81.109, 'packet': 78.86, 'signed_packet': 78.155}
COMPLETE 706 {'signed_packet_chain': 84.767, 'packet': 79.473, 'signed_packet': 80.517}
COMPLETE 707 {'signed_packet_chain': 86.132, 'packet': 78.133, 'signed_packet': 80.171}
COMPLETE 708 {'signed_packet_chain': 81.112, 'packet': 79.173, 'signed_packet': 83.535}
COMPLETE 709 {'signed_packet_chain': 81.432, 'packet': 79.647, 'signed_packet': 82.232}
COMPLETE 710 {'signed_packet_chain': 85.889, 'packet': 74.126, 'signed_packet': 82.451}
COMPLETE 711 {'signed_packet_chain': 80.768, 'packet': 82.078, 'signed_packet': 84.842}
COMPLETE 712 {'signed_packet_chain': 84.101, 'packet': 84.454, 'signed_packet': 86.278}
COMPLETE 713 {'signed_packet_chain': 81.264, 'packet': 77.09, 'signed_packet': 85.999}
COMPLETE 714 {'signed_packet_chain': 83.593, 'packet': 78.741, 'signed_packet': 83.725}
COMPLETE 715 {'signed_packet_chain': 86.828, 'packet': 80.514, 'signed_packet': 84.056}
COMPLETE 716 {'signed_packet_chain': 88.472, 'packet': 79.697, 'signed_packet': 82.503}
COMPLETE 717 {'signed_packet_chain': 107.255, 'packet': 83.999, 'signed_packet': 105.104}
COMPLETE 718 {'signed_packet_chain': 83.581, 'packet': 80.752, 'signed_packet': 83.048}
COMPLETE 719 {'signed_packet_chain': 89.722, 'packet': 80.738, 'signed_packet': 89.041}
COMPLETE 720 {'signed_packet_chain': 84.523, 'packet': 82.184, 'signed_packet': 81.715}
COMPLETE 721 {'signed_packet_chain': 83.542, 'packet': 84.676, 'signed_packet': 85.267}
COMPLETE 722 {'signed_packet_chain': 86.15, 'packet': 81.985, 'signed_packet': 83.633}
COMPLETE 723 {'signed_packet_chain': 85.041, 'packet': 84.781, 'signed_packet': 82.303}
COMPLETE 724 {'signed_packet_chain': 83.331, 'packet': 85.257, 'signed_packet': 84.082}
COMPLETE 725 {'signed_packet_chain': 84.042, 'packet': 78.665, 'signed_packet': 81.9}
COMPLETE 726 {'signed_packet_chain': 89.704, 'packet': 82.114, 'signed_packet': 90.029}
COMPLETE 727 {'signed_packet_chain': 84.357, 'packet': 75.51, 'signed_packet': 80.857}
COMPLETE 728 {'signed_packet_chain': 84.995, 'packet': 82.884, 'signed_packet': 83.948}
COMPLETE 729 {'signed_packet_chain': 88.179, 'packet': 84.556, 'signed_packet': 88.944}
COMPLETE 730 {'signed_packet_chain': 85.786, 'packet': 81.261, 'signed_packet': 89.08}
COMPLETE 731 {'signed_packet_chain': 87.159, 'packet': 87.326, 'signed_packet': 83.15}
COMPLETE 732 {'signed_packet_chain': 86.226, 'packet': 86.787, 'signed_packet': 86.374}
COMPLETE 733 {'signed_packet_chain': 90.444, 'packet': 81.567, 'signed_packet': 87.353}
COMPLETE 734 {'signed_packet_chain': 92.301, 'packet': 85.653, 'signed_packet': 83.866}
COMPLETE 735 {'signed_packet_chain': 85.084, 'packet': 80.388, 'signed_packet': 86.547}
COMPLETE 736 {'signed_packet_chain': 84.474, 'packet': 80.017, 'signed_packet': 88.436}
COMPLETE 737 {'signed_packet_chain': 87.531, 'packet': 83.525, 'signed_packet': 89.136}
COMPLETE 738 {'signed_packet_chain': 87.968, 'packet': 88.062, 'signed_packet': 83.324}
COMPLETE 739 {'signed_packet_chain': 84.583, 'packet': 81.586, 'signed_packet': 83.397}
COMPLETE 740 {'signed_packet_chain': 91.809, 'packet': 83.575, 'signed_packet': 87.387}
COMPLETE 741 {'signed_packet_chain': 94.922, 'packet': 86.361, 'signed_packet': 88.402}
COMPLETE 742 {'signed_packet_chain': 87.423, 'packet': 84.518, 'signed_packet': 92.104}
COMPLETE 743 {'signed_packet_chain': 89.343, 'packet': 87.42, 'signed_packet': 90.269}
COMPLETE 744 {'signed_packet_chain': 86.272, 'packet': 89.213, 'signed_packet': 86.273}
COMPLETE 745 {'signed_packet_chain': 91.967, 'packet': 85.921, 'signed_packet': 91.697}
COMPLETE 746 {'signed_packet_chain': 92.134, 'packet': 86.436, 'signed_packet': 86.05}
COMPLETE 747 {'signed_packet_chain': 88.327, 'packet': 85.512, 'signed_packet': 92.835}
COMPLETE 748 {'signed_packet_chain': 120.323, 'packet': 114.495, 'signed_packet': 120.875}
COMPLETE 749 {'signed_packet_chain': 89.84, 'packet': 85.842, 'signed_packet': 89.464}
COMPLETE 750 {'signed_packet_chain': 119.216, 'packet': 112.763, 'signed_packet': 116.318}
COMPLETE 751 {'signed_packet_chain': 120.631, 'packet': 106.06, 'signed_packet': 113.551}
COMPLETE 752 {'signed_packet_chain': 89.231, 'packet': 86.173, 'signed_packet': 92.05}
COMPLETE 753 {'signed_packet_chain': 86.433, 'packet': 85.267, 'signed_packet': 81.03}
COMPLETE 754 {'signed_packet_chain': 90.307, 'packet': 90.72, 'signed_packet': 87.848}
COMPLETE 755 {'signed_packet_chain': 91.398, 'packet': 86.501, 'signed_packet': 89.721}
COMPLETE 756 {'signed_packet_chain': 94.197, 'packet': 91.899, 'signed_packet': 89.449}
COMPLETE 757 {'signed_packet_chain': 89.517, 'packet': 88.215, 'signed_packet': 89.793}
COMPLETE 758 {'signed_packet_chain': 98.18, 'packet': 88.797, 'signed_packet': 94.817}
COMPLETE 759 {'signed_packet_chain': 92.269, 'packet': 90.505, 'signed_packet': 89.117}
COMPLETE 760 {'signed_packet_chain': 89.17, 'packet': 91.007, 'signed_packet': 93.899}
COMPLETE 761 {'signed_packet_chain': 122.169, 'packet': 118.087, 'signed_packet': 115.467}
COMPLETE 762 {'signed_packet_chain': 123.245, 'packet': 111.38, 'signed_packet': 117.763}
COMPLETE 763 {'signed_packet_chain': 127.128, 'packet': 113.794, 'signed_packet': 119.209}
COMPLETE 764 {'signed_packet_chain': 126.654, 'packet': 116.689, 'signed_packet': 122.089}
COMPLETE 765 {'signed_packet_chain': 122.223, 'packet': 115.834, 'signed_packet': 120.65}
COMPLETE 766 {'signed_packet_chain': 91.981, 'packet': 92.479, 'signed_packet': 93.051}
COMPLETE 767 {'signed_packet_chain': 128.772, 'packet': 117.414, 'signed_packet': 123.826}
COMPLETE 768 {'signed_packet_chain': 124.846, 'packet': 119.284, 'signed_packet': 123.548}
COMPLETE 769 {'signed_packet_chain': 127.021, 'packet': 120.872, 'signed_packet': 124.728}
COMPLETE 770 {'signed_packet_chain': 124.024, 'packet': 122.71, 'signed_packet': 123.361}
COMPLETE 771 {'signed_packet_chain': 128.878, 'packet': 121.111, 'signed_packet': 123.288}
COMPLETE 772 {'signed_packet_chain': 130.605, 'packet': 121.152, 'signed_packet': 124.013}
COMPLETE 773 {'signed_packet_chain': 129.275, 'packet': 119.263, 'signed_packet': 125.448}
COMPLETE 774 {'signed_packet_chain': 123.864, 'packet': 115.529, 'signed_packet': 119.67}
COMPLETE 775 {'signed_packet_chain': 127.91, 'packet': 122.643, 'signed_packet': 124.198}
COMPLETE 776 {'signed_packet_chain': 133.003, 'packet': 123.273, 'signed_packet': 125.344}
COMPLETE 777 {'signed_packet_chain': 122.181, 'packet': 114.071, 'signed_packet': 124.117}
COMPLETE 778 {'signed_packet_chain': 94.417, 'packet': 95.119, 'signed_packet': 98.144}
COMPLETE 779 {'signed_packet_chain': 130.461, 'packet': 124.046, 'signed_packet': 129.084}
COMPLETE 780 {'signed_packet_chain': 133.476, 'packet': 125.301, 'signed_packet': 126.866}
COMPLETE 781 {'signed_packet_chain': 125.262, 'packet': 121.473, 'signed_packet': 126.562}
COMPLETE 782 {'signed_packet_chain': 129.346, 'packet': 120.603, 'signed_packet': 126.831}
COMPLETE 783 {'signed_packet_chain': 129.132, 'packet': 121.743, 'signed_packet': 126.24}
COMPLETE 784 {'signed_packet_chain': 129.334, 'packet': 122.996, 'signed_packet': 125.545}
COMPLETE 785 {'signed_packet_chain': 94.724, 'packet': 93.965, 'signed_packet': 100.819}
COMPLETE 786 {'signed_packet_chain': 98.089, 'packet': 91.558, 'signed_packet': 100.99}
COMPLETE 787 {'signed_packet_chain': 127.098, 'packet': 123.515, 'signed_packet': 126.291}
COMPLETE 788 {'signed_packet_chain': 127.59, 'packet': 123.319, 'signed_packet': 126.973}
COMPLETE 789 {'signed_packet_chain': 97.391, 'packet': 95.078, 'signed_packet': 102.187}
COMPLETE 790 {'signed_packet_chain': 130.584, 'packet': 122.826, 'signed_packet': 129.23}
COMPLETE 791 {'signed_packet_chain': 131.311, 'packet': 127.748, 'signed_packet': 129.816}
COMPLETE 792 {'signed_packet_chain': 95.833, 'packet': 97.928, 'signed_packet': 93.934}
COMPLETE 793 {'signed_packet_chain': 128.686, 'packet': 125.251, 'signed_packet': 127.923}
COMPLETE 794 {'signed_packet_chain': 133.598, 'packet': 120.332, 'signed_packet': 121.439}
COMPLETE 795 {'signed_packet_chain': 132.795, 'packet': 128.118, 'signed_packet': 128.926}
COMPLETE 796 {'signed_packet_chain': 130.394, 'packet': 124.716, 'signed_packet': 128.697}
COMPLETE 797 {'signed_packet_chain': 117.184, 'packet': 94.808, 'signed_packet': 99.793}
COMPLETE 798 {'signed_packet_chain': 133.053, 'packet': 119.464, 'signed_packet': 128.031}
COMPLETE 799 {'signed_packet_chain': 127.319, 'packet': 117.158, 'signed_packet': 126.121}
COMPLETE 800 {'signed_packet_chain': 134.457, 'packet': 124.831, 'signed_packet': 129.026}
COMPLETE 801 {'signed_packet_chain': 135.146, 'packet': 130.51, 'signed_packet': 130.605}
COMPLETE 802 {'signed_packet_chain': 96.866, 'packet': 117.141, 'signed_packet': 99.893}
COMPLETE 803 {'signed_packet_chain': 137.676, 'packet': 127.286, 'signed_packet': 132.981}
COMPLETE 804 {'packet': 109.974, 'signed_packet_chain': 135.212, 'signed_packet': 128.544}
COMPLETE 805 {'signed_packet_chain': 97.634, 'packet': 95.037, 'signed_packet': 99.014}
COMPLETE 806 {'signed_packet_chain': 99.894, 'packet': 95.47, 'signed_packet': 99.931}
COMPLETE 807 {'signed_packet_chain': 104.661, 'packet': 100.43, 'signed_packet': 99.306}
COMPLETE 808 {'signed_packet_chain': 99.443, 'packet': 100.318, 'signed_packet': 100.597}
COMPLETE 809 {'signed_packet_chain': 137.17, 'packet': 123.911, 'signed_packet': 133.665}
COMPLETE 810 {'signed_packet_chain': 133.517, 'packet': 128.238, 'signed_packet': 134.443}
COMPLETE 811 {'signed_packet_chain': 138.583, 'packet': 129.993, 'signed_packet': 133.703}
COMPLETE 812 {'signed_packet_chain': 117.742, 'packet': 100.052, 'signed_packet': 99.732}
COMPLETE 813 {'signed_packet_chain': 137.778, 'packet': 128.626, 'signed_packet': 133.604}
COMPLETE 814 {'signed_packet_chain': 141.203, 'packet': 134.109, 'signed_packet': 131.075}
COMPLETE 815 {'signed_packet_chain': 114.73, 'packet': 101.286, 'signed_packet': 101.794}
COMPLETE 816 {'signed_packet_chain': 141.574, 'packet': 128.513, 'signed_packet': 137.275}
COMPLETE 817 {'signed_packet_chain': 135.635, 'packet': 130.164, 'signed_packet': 133.798}
COMPLETE 818 {'signed_packet_chain': 132.667, 'packet': 130.89, 'signed_packet': 137.697}
COMPLETE 819 {'signed_packet_chain': 138.851, 'packet': 132.729, 'signed_packet': 132.796}
COMPLETE 820 {'signed_packet_chain': 101.334, 'packet': 99.227, 'signed_packet': 101.17}
COMPLETE 821 {'signed_packet_chain': 138.36, 'packet': 132.769, 'signed_packet': 137.835}
COMPLETE 822 {'signed_packet_chain': 135.14, 'packet': 130.699, 'signed_packet': 135.062}
COMPLETE 823 {'signed_packet_chain': 101.026, 'packet': 102.57, 'signed_packet': 103.713}
COMPLETE 824 {'signed_packet_chain': 139.672, 'packet': 133.853, 'signed_packet': 134.622}
COMPLETE 825 {'signed_packet_chain': 137.591, 'packet': 127.033, 'signed_packet': 131.786}
COMPLETE 826 {'signed_packet_chain': 102.679, 'packet': 102.673, 'signed_packet': 102.647}
COMPLETE 827 {'signed_packet_chain': 139.23, 'packet': 133.935, 'signed_packet': 136.014}
COMPLETE 828 {'signed_packet_chain': 139.863, 'packet': 134.822, 'signed_packet': 133.976}
COMPLETE 829 {'signed_packet_chain': 103.473, 'packet': 102.335, 'signed_packet': 101.83}
COMPLETE 830 {'signed_packet_chain': 138.38, 'packet': 136.467, 'signed_packet': 136.867}
COMPLETE 831 {'signed_packet_chain': 142.276, 'packet': 136.673, 'signed_packet': 137.144}
COMPLETE 832 {'signed_packet_chain': 139.424, 'packet': 134.296, 'signed_packet': 139.969}
COMPLETE 833 {'signed_packet_chain': 140.572, 'packet': 136.368, 'signed_packet': 139.185}
COMPLETE 834 {'signed_packet_chain': 141.697, 'packet': 136.959, 'signed_packet': 137.7}
COMPLETE 835 {'signed_packet_chain': 103.006, 'packet': 104.246, 'signed_packet': 104.978}
COMPLETE 836 {'signed_packet_chain': 139.708, 'packet': 137.489, 'signed_packet': 138.261}
COMPLETE 837 {'signed_packet_chain': 138.913, 'packet': 136.295, 'signed_packet': 139.297}
COMPLETE 838 {'signed_packet_chain': 139.386, 'packet': 137.103, 'signed_packet': 140.006}
COMPLETE 839 {'signed_packet_chain': 103.942, 'packet': 106.57, 'signed_packet': 104.563}
COMPLETE 840 {'signed_packet_chain': 119.649, 'packet': 105.642, 'signed_packet': 105.083}
COMPLETE 841 {'signed_packet_chain': 144.855, 'packet': 136.399, 'signed_packet': 138.591}
COMPLETE 842 {'signed_packet_chain': 144.911, 'packet': 136.579, 'signed_packet': 138.183}
COMPLETE 843 {'signed_packet_chain': 122.145, 'packet': 105.784, 'signed_packet': 116.852}
COMPLETE 844 {'signed_packet_chain': 107.172, 'packet': 101.24, 'signed_packet': 108.708}
COMPLETE 845 {'signed_packet_chain': 109.076, 'packet': 111.013, 'signed_packet': 104.006}
COMPLETE 846 {'signed_packet_chain': 106.672, 'packet': 102.984, 'signed_packet': 111.055}
COMPLETE 847 {'signed_packet_chain': 108.364, 'packet': 105.49, 'signed_packet': 107.246}
COMPLETE 848 {'signed_packet_chain': 104.889, 'packet': 104.275, 'signed_packet': 110.674}
COMPLETE 849 {'signed_packet_chain': 109.635, 'packet': 103.779, 'signed_packet': 110.966}
COMPLETE 850 {'signed_packet_chain': 146.245, 'packet': 139.988, 'signed_packet': 140.364}
COMPLETE 851 {'signed_packet_chain': 107.312, 'packet': 105.914, 'signed_packet': 110.757}
COMPLETE 852 {'signed_packet_chain': 146.368, 'packet': 140.8, 'signed_packet': 143.199}
COMPLETE 853 {'signed_packet_chain': 149.957, 'packet': 142.665, 'signed_packet': 144.19}
COMPLETE 854 {'signed_packet_chain': 143.109, 'packet': 139.861, 'signed_packet': 142.467}
COMPLETE 855 {'signed_packet_chain': 146.7, 'packet': 132.547, 'signed_packet': 142.648}
COMPLETE 856 {'signed_packet_chain': 108.247, 'packet': 106.16, 'signed_packet': 105.911}
COMPLETE 857 {'signed_packet_chain': 146.29, 'packet': 140.563, 'signed_packet': 143.397}
COMPLETE 858 {'signed_packet_chain': 147.654, 'packet': 140.696, 'signed_packet': 142.247}
COMPLETE 859 {'signed_packet_chain': 107.293, 'packet': 105.29, 'signed_packet': 106.882}
COMPLETE 860 {'signed_packet_chain': 149.992, 'packet': 141.521, 'signed_packet': 146.971}
COMPLETE 861 {'signed_packet_chain': 146.737, 'packet': 142.278, 'signed_packet': 144.34}
COMPLETE 862 {'signed_packet_chain': 108.574, 'packet': 111.625, 'signed_packet': 110.324}
COMPLETE 863 {'signed_packet_chain': 147.391, 'packet': 143.433, 'signed_packet': 145.986}
COMPLETE 864 {'signed_packet_chain': 148.877, 'packet': 143.774, 'signed_packet': 144.886}
COMPLETE 865 {'signed_packet_chain': 108.344, 'packet': 109.782, 'signed_packet': 113.504}
COMPLETE 866 {'signed_packet_chain': 115.021, 'packet': 105.567, 'signed_packet': 113.497}
COMPLETE 867 {'signed_packet_chain': 111.088, 'packet': 108.84, 'signed_packet': 108.561}
COMPLETE 868 {'signed_packet_chain': 109.093, 'packet': 108.922, 'signed_packet': 115.835}
COMPLETE 869 {'signed_packet_chain': 114.954, 'packet': 108.133, 'signed_packet': 113.773}
COMPLETE 870 {'signed_packet_chain': 111.161, 'packet': 121.205, 'signed_packet': 109.336}
COMPLETE 871 {'signed_packet_chain': 111.255, 'packet': 109.854, 'signed_packet': 111.243}
COMPLETE 872 {'signed_packet_chain': 115.418, 'packet': 108.063, 'signed_packet': 111.716}
COMPLETE 873 {'signed_packet_chain': 115.09, 'packet': 111.81, 'signed_packet': 113.531}
COMPLETE 874 {'signed_packet_chain': 108.935, 'packet': 112.396, 'signed_packet': 114.153}
COMPLETE 875 {'signed_packet_chain': 114.161, 'packet': 105.623, 'signed_packet': 114.734}
COMPLETE 876 {'signed_packet_chain': 114.942, 'packet': 112.906, 'signed_packet': 109.023}
COMPLETE 877 {'signed_packet_chain': 115.723, 'packet': 107.993, 'signed_packet': 116.336}
COMPLETE 878 {'signed_packet_chain': 117.484, 'packet': 106.502, 'signed_packet': 111.873}
COMPLETE 879 {'signed_packet_chain': 114.835, 'packet': 110.853, 'signed_packet': 110.095}
COMPLETE 880 {'signed_packet_chain': 116.857, 'packet': 108.959, 'signed_packet': 114.383}
COMPLETE 881 {'signed_packet_chain': 115.269, 'packet': 110.995, 'signed_packet': 113.839}
COMPLETE 882 {'signed_packet_chain': 148.444, 'packet': 160.867, 'signed_packet': 163.025}
COMPLETE 883 {'signed_packet_chain': 114.854, 'packet': 110.355, 'signed_packet': 118.841}
COMPLETE 884 {'signed_packet_chain': 115.467, 'packet': 111.953, 'signed_packet': 118.942}
COMPLETE 885 {'signed_packet_chain': 114.38, 'packet': 110.25, 'signed_packet': 110.134}
COMPLETE 886 {'signed_packet_chain': 111.687, 'packet': 110.954, 'signed_packet': 115.834}
COMPLETE 887 {'signed_packet_chain': 118.393, 'packet': 107.755, 'signed_packet': 116.752}
COMPLETE 888 {'signed_packet_chain': 117.633, 'packet': 113.594, 'signed_packet': 114.425}
COMPLETE 889 {'signed_packet_chain': 119.03, 'packet': 108.055, 'signed_packet': 113.704}
COMPLETE 890 {'signed_packet_chain': 119.135, 'packet': 111.381, 'signed_packet': 112.001}
COMPLETE 891 {'signed_packet_chain': 111.46, 'packet': 116.331, 'signed_packet': 118.144}
COMPLETE 892 {'signed_packet_chain': 114.245, 'packet': 114.449, 'signed_packet': 119.566}
COMPLETE 893 {'signed_packet_chain': 155.972, 'packet': 150.073, 'signed_packet': 156.92}
COMPLETE 894 {'signed_packet_chain': 115.202, 'packet': 111.83, 'signed_packet': 126.158}
COMPLETE 895 {'signed_packet_chain': 121.827, 'packet': 111.883, 'signed_packet': 117.592}
COMPLETE 896 {'signed_packet_chain': 149.863, 'packet': 150.477, 'signed_packet': 152.448}
COMPLETE 897 {'signed_packet_chain': 118.716, 'packet': 115.707, 'signed_packet': 119.043}
COMPLETE 898 {'signed_packet_chain': 115.029, 'packet': 111.575, 'signed_packet': 119.293}
COMPLETE 899 {'signed_packet_chain': 158.189, 'packet': 152.312, 'signed_packet': 158.511}
COMPLETE 900 {'signed_packet_chain': 158.451, 'packet': 150.638, 'signed_packet': 152.489}
COMPLETE 901 {'signed_packet_chain': 155.847, 'packet': 156.652, 'signed_packet': 147.086}
COMPLETE 902 {'signed_packet_chain': 140.912, 'packet': 116.484, 'signed_packet': 135.662}
COMPLETE 903 {'signed_packet_chain': 161.133, 'packet': 159.867, 'signed_packet': 154.786}
COMPLETE 904 {'signed_packet_chain': 119.175, 'packet': 109.689, 'signed_packet': 118.796}
COMPLETE 905 {'signed_packet_chain': 112.759, 'packet': 114.819, 'signed_packet': 111.39}
COMPLETE 906 {'signed_packet_chain': 114.888, 'packet': 116.842, 'signed_packet': 123.484}
COMPLETE 907 {'signed_packet_chain': 123.804, 'packet': 116.201, 'signed_packet': 122.172}
COMPLETE 908 {'signed_packet_chain': 121.948, 'packet': 118.873, 'signed_packet': 115.984}
COMPLETE 909 {'signed_packet_chain': 115.511, 'packet': 120.334, 'signed_packet': 117.982}
COMPLETE 910 {'signed_packet_chain': 161.025, 'packet': 152.916, 'signed_packet': 157.621}
COMPLETE 911 {'signed_packet_chain': 120.378, 'packet': 115.692, 'signed_packet': 118.103}
COMPLETE 912 {'signed_packet_chain': 118.748, 'packet': 118.183, 'signed_packet': 117.347}
COMPLETE 913 {'signed_packet_chain': 156.185, 'packet': 155.462, 'signed_packet': 160.028}
COMPLETE 914 {'signed_packet_chain': 117.714, 'packet': 116.752, 'signed_packet': 118.556}
COMPLETE 915 {'signed_packet_chain': 160.179, 'packet': 152.643, 'signed_packet': 159.268}
COMPLETE 916 {'signed_packet_chain': 162.929, 'packet': 156.158, 'signed_packet': 157.187}
COMPLETE 917 {'signed_packet_chain': 161.249, 'packet': 153.514, 'signed_packet': 164.751}
COMPLETE 918 {'signed_packet_chain': 114.26, 'packet': 109.853, 'signed_packet': 123.578}
COMPLETE 919 {'signed_packet_chain': 160.098, 'packet': 154.709, 'signed_packet': 157.562}
COMPLETE 920 {'signed_packet_chain': 120.198, 'packet': 120.377, 'signed_packet': 121.073}
COMPLETE 921 {'signed_packet_chain': 165.809, 'packet': 161.498, 'signed_packet': 160.615}
COMPLETE 922 {'signed_packet_chain': 157.652, 'packet': 156.198, 'signed_packet': 159.243}
COMPLETE 923 {'signed_packet_chain': 162.389, 'packet': 157.786, 'signed_packet': 159.433}
COMPLETE 924 {'signed_packet_chain': 120.298, 'packet': 118.627, 'signed_packet': 120.938}
COMPLETE 925 {'signed_packet_chain': 160.144, 'packet': 155.689, 'signed_packet': 157.49}
COMPLETE 926 {'signed_packet_chain': 165.819, 'packet': 152.238, 'signed_packet': 159.652}
COMPLETE 927 {'signed_packet_chain': 119.947, 'packet': 124.282, 'signed_packet': 121.533}
COMPLETE 928 {'signed_packet_chain': 162.568, 'packet': 156.861, 'signed_packet': 162.217}
COMPLETE 929 {'signed_packet_chain': 134.713, 'packet': 121.896, 'signed_packet': 145.462}
COMPLETE 930 {'signed_packet_chain': 165.544, 'packet': 156.943, 'signed_packet': 160.389}
COMPLETE 931 {'signed_packet_chain': 162.098, 'packet': 156.047, 'signed_packet': 153.441}
COMPLETE 932 {'signed_packet_chain': 163.457, 'packet': 159.906, 'signed_packet': 160.981}
COMPLETE 933 {'signed_packet_chain': 121.495, 'packet': 119.837, 'signed_packet': 124.341}
COMPLETE 934 {'packet': 113.205, 'signed_packet_chain': 124.67, 'signed_packet': 121.545}
COMPLETE 935 {'signed_packet_chain': 126.831, 'packet': 122.729, 'signed_packet': 122.275}
COMPLETE 936 {'signed_packet_chain': 126.922, 'packet': 118.379, 'signed_packet': 125.296}
COMPLETE 937 {'signed_packet_chain': 127.725, 'packet': 120.173, 'signed_packet': 127.322}
COMPLETE 938 {'signed_packet_chain': 127.437, 'packet': 123.434, 'signed_packet': 121.601}
COMPLETE 939 {'signed_packet_chain': 122.069, 'packet': 125.594, 'signed_packet': 126.961}
COMPLETE 940 {'signed_packet_chain': 128.324, 'packet': 120.331, 'signed_packet': 123.491}
COMPLETE 941 {'signed_packet_chain': 125.249, 'packet': 125.45, 'signed_packet': 123.01}
COMPLETE 942 {'signed_packet_chain': 121.653, 'packet': 118.369, 'signed_packet': 121.214}
COMPLETE 943 {'signed_packet_chain': 123.928, 'packet': 121.184, 'signed_packet': 126.003}
COMPLETE 944 {'signed_packet_chain': 122.863, 'packet': 124.038, 'signed_packet': 127.941}
COMPLETE 945 {'signed_packet_chain': 128.835, 'packet': 122.204, 'signed_packet': 127.229}
COMPLETE 946 {'signed_packet_chain': 129.22, 'packet': 125.069, 'signed_packet': 122.132}
COMPLETE 947 {'signed_packet_chain': 123.587, 'packet': 125.662, 'signed_packet': 128.098}
COMPLETE 948 {'signed_packet_chain': 137.313, 'packet': 146.957, 'signed_packet': 126.707}
COMPLETE 949 {'signed_packet_chain': 130.283, 'packet': 125.82, 'signed_packet': 124.586}
COMPLETE 950 {'signed_packet_chain': 132.062, 'packet': 129.003, 'signed_packet': 125.203}
COMPLETE 951 {'signed_packet_chain': 122.778, 'packet': 127.521, 'signed_packet': 131.925}
COMPLETE 952 {'signed_packet_chain': 146.338, 'packet': 123.386, 'signed_packet': 130.84}
COMPLETE 953 {'signed_packet_chain': 126.978, 'packet': 127.586, 'signed_packet': 127.399}
COMPLETE 954 {'signed_packet_chain': 121.299, 'packet': 123.141, 'signed_packet': 125.497}
COMPLETE 955 {'signed_packet_chain': 123.624, 'packet': 115.901, 'signed_packet': 125.069}
COMPLETE 956 {'signed_packet_chain': 135.192, 'packet': 122.651, 'signed_packet': 148.363}
COMPLETE 957 {'signed_packet_chain': 125.643, 'packet': 129.113, 'signed_packet': 127.2}
COMPLETE 958 {'signed_packet_chain': 127.588, 'packet': 127.083, 'signed_packet': 131.725}
COMPLETE 959 {'signed_packet_chain': 131.794, 'packet': 128.157, 'signed_packet': 125.782}
COMPLETE 960 {'signed_packet_chain': 125.969, 'packet': 127.805, 'signed_packet': 132.654}
COMPLETE 961 {'signed_packet_chain': 128.893, 'packet': 125.955, 'signed_packet': 131.147}
COMPLETE 962 {'signed_packet_chain': 132.641, 'packet': 149.988, 'signed_packet': 143.267}
COMPLETE 963 {'signed_packet_chain': 134.139, 'packet': 127.532, 'signed_packet': 130.27}
COMPLETE 964 {'signed_packet_chain': 130.796, 'packet': 129.188, 'signed_packet': 129.961}
COMPLETE 965 {'signed_packet_chain': 135.476, 'packet': 133.39, 'signed_packet': 131.575}
COMPLETE 966 {'signed_packet_chain': 132.221, 'packet': 130.973, 'signed_packet': 128.31}
COMPLETE 967 {'signed_packet_chain': 136.972, 'packet': 127.594, 'signed_packet': 128.559}
COMPLETE 968 {'signed_packet_chain': 149.467, 'packet': 130.163, 'signed_packet': 130.897}
COMPLETE 969 {'signed_packet_chain': 129.882, 'packet': 118.864, 'signed_packet': 127.678}
COMPLETE 970 {'signed_packet_chain': 142.437, 'packet': 129.543, 'signed_packet': 130.116}
COMPLETE 971 {'signed_packet_chain': 128.796, 'packet': 130.115, 'signed_packet': 128.991}
COMPLETE 972 {'signed_packet_chain': 133.316, 'packet': 128.426, 'signed_packet': 132.36}
COMPLETE 973 {'signed_packet_chain': 127.764, 'packet': 122.309, 'signed_packet': 127.189}
COMPLETE 974 {'signed_packet_chain': 183.601, 'packet': 173.76, 'signed_packet': 173.793}
COMPLETE 975 {'signed_packet_chain': 182.48, 'packet': 169.343, 'signed_packet': 174.262}
COMPLETE 976 {'signed_packet_chain': 135.822, 'packet': 127.785, 'signed_packet': 129.221}
COMPLETE 977 {'signed_packet_chain': 133.135, 'packet': 127.94, 'signed_packet': 136.354}
COMPLETE 978 {'signed_packet_chain': 135.901, 'packet': 130.03, 'signed_packet': 129.707}
COMPLETE 979 {'signed_packet_chain': 137.715, 'packet': 132.292, 'signed_packet': 129.66}
COMPLETE 980 {'packet': 129.964, 'signed_packet_chain': 140.712, 'signed_packet': 134.852}
COMPLETE 981 {'signed_packet_chain': 138.204, 'packet': 131.208, 'signed_packet': 135.183}
COMPLETE 982 {'signed_packet_chain': 136.853, 'packet': 131.68, 'signed_packet': 131.077}
COMPLETE 983 {'signed_packet_chain': 136.35, 'packet': 133.446, 'signed_packet': 131.723}
COMPLETE 984 {'packet': 119.627, 'signed_packet_chain': 135.172, 'signed_packet': 133.377}
COMPLETE 985 {'signed_packet_chain': 135.866, 'packet': 131.663, 'signed_packet': 131.004}
COMPLETE 986 {'signed_packet_chain': 143.892, 'packet': 134.507, 'signed_packet': 131.914}
COMPLETE 987 {'signed_packet_chain': 135.494, 'packet': 129.803, 'signed_packet': 131.455}
COMPLETE 988 {'signed_packet_chain': 136.327, 'packet': 126.98, 'signed_packet': 130.607}
COMPLETE 989 {'signed_packet_chain': 144.963, 'packet': 130.341, 'signed_packet': 135.714}
COMPLETE 990 {'signed_packet_chain': 149.121, 'packet': 127.926, 'signed_packet': 131.179}
COMPLETE 991 {'signed_packet_chain': 147.763, 'packet': 133.925, 'signed_packet': 160.999}
COMPLETE 992 {'signed_packet_chain': 138.593, 'packet': 136.041, 'signed_packet': 148.522}
COMPLETE 993 {'signed_packet_chain': 146.579, 'packet': 132.665, 'signed_packet': 130.314}
COMPLETE 994 {'signed_packet_chain': 138.662, 'packet': 134.404, 'signed_packet': 137.558}
COMPLETE 995 {'signed_packet_chain': 139.145, 'packet': 131.569, 'signed_packet': 138.8}
COMPLETE 996 {'signed_packet_chain': 142.09, 'packet': 132.13, 'signed_packet': 143.993}
COMPLETE 997 {'signed_packet_chain': 144.623, 'packet': 137.14, 'signed_packet': 137.817}
COMPLETE 998 {'signed_packet_chain': 139.029, 'packet': 137.25, 'signed_packet': 141.889}
COMPLETE 999 {'signed_packet_chain': 144.66, 'packet': 133.712, 'signed_packet': 161.327}
COMPLETE 1000 {'signed_packet_chain': 137.423, 'packet': 134.893, 'signed_packet': 140.004}
COMPLETE 1001 {'packet': 133.267, 'signed_packet_chain': 138.67, 'signed_packet': 145.01}
COMPLETE 1002 {'packet': 135.486, 'signed_packet_chain': 147.514, 'signed_packet': 140.085}
COMPLETE 1003 {'packet': 124.976, 'signed_packet_chain': 137.761, 'signed_packet': 141.272}
COMPLETE 1004 {'signed_packet_chain': 147.039, 'packet': 136.655, 'signed_packet': 140.451}
COMPLETE 1005 {'packet': 135.312, 'signed_packet_chain': 137.255, 'signed_packet': 138.575}
COMPLETE 1006 {'signed_packet_chain': 142.973, 'packet': 150.39, 'signed_packet': 141.386}
COMPLETE 1007 {'signed_packet_chain': 139.621, 'packet': 134.599, 'signed_packet': 139.562}
COMPLETE 1008 {'packet': 134.69, 'signed_packet_chain': 147.766, 'signed_packet': 142.572}
COMPLETE 1009 {'signed_packet_chain': 144.187, 'packet': 136.415, 'signed_packet': 146.828}
COMPLETE 1010 {'signed_packet_chain': 146.226, 'packet': 137.255, 'signed_packet': 145.112}
COMPLETE 1011 {'packet': 139.798, 'signed_packet_chain': 143.68, 'signed_packet': 158.26}
COMPLETE 1012 {'packet': 140.302, 'signed_packet_chain': 142.12, 'signed_packet': 163.149}
COMPLETE 1013 {'packet': 139.986, 'signed_packet_chain': 147.959, 'signed_packet': 143.673}
COMPLETE 1014 {'packet': 140.091, 'signed_packet_chain': 142.59, 'signed_packet': 145.932}
COMPLETE 1015 {'packet': 141.513, 'signed_packet_chain': 146.385, 'signed_packet': 145.382}
COMPLETE 1016 {'packet': 141.299, 'signed_packet_chain': 146.889, 'signed_packet': 144.859}
COMPLETE 1017 {'signed_packet_chain': 138.745, 'packet': 137.721, 'signed_packet': 147.217}
COMPLETE 1018 {'signed_packet_chain': 143.117, 'packet': 142.252, 'signed_packet': 158.038}
COMPLETE 1019 {'signed_packet_chain': 192.286, 'packet': 184.8, 'signed_packet': 194.768}
COMPLETE 1020 {'packet': 181.287, 'signed_packet_chain': 191.371, 'signed_packet': 187.319}
COMPLETE 1021 {'signed_packet_chain': 142.346, 'signed_packet': 138.298, 'packet': 129.334}
COMPLETE 1022 {'signed_packet_chain': 185.012, 'packet': 137.997, 'signed_packet': 169.858}
COMPLETE 1023 {'signed_packet_chain': 197.684, 'packet': 184.694, 'signed_packet': 189.411}
COMPLETE 1024 {'packet': 139.94, 'signed_packet_chain': 144.855, 'signed_packet': 164.974}
COMPLETE 1025 {'packet': 138.038, 'signed_packet_chain': 147.547, 'signed_packet': 146.656}
COMPLETE 1026 {'signed_packet_chain': 159.476, 'signed_packet': 171.606, 'packet': 137.303}
COMPLETE 1027 {'signed_packet_chain': 166.153, 'packet': 138.152, 'signed_packet': 146.98}
COMPLETE 1028 {'signed_packet_chain': 175.292, 'packet': 137.101, 'signed_packet': 173.357}
COMPLETE 1029 {'signed_packet_chain': 196.276, 'packet': 189.871, 'signed_packet': 194.377}
COMPLETE 1030 {'signed_packet_chain': 148.438, 'packet': 141.09, 'signed_packet': 148.355}
COMPLETE 1031 {'signed_packet_chain': 165.497, 'packet': 146.195, 'signed_packet': 161.668}
COMPLETE 1032 {'packet': 154.893, 'signed_packet_chain': 165.775, 'signed_packet': 175.981}
COMPLETE 1033 {'signed_packet_chain': 170.907, 'packet': 153.702, 'signed_packet': 168.099}
COMPLETE 1034 {'signed_packet_chain': 169.294, 'packet': 157.187, 'signed_packet': 168.896}
COMPLETE 1035 {'signed_packet_chain': 219.957, 'packet': 199.126, 'signed_packet': 214.294}
COMPLETE 1036 {'signed_packet_chain': 191.947, 'packet': 152.506, 'signed_packet': 180.314}
COMPLETE 1037 {'signed_packet_chain': 165.68, 'packet': 152.756, 'signed_packet': 175.647}
COMPLETE 1038 {'signed_packet_chain': 174.223, 'packet': 156.519, 'signed_packet': 177.977}
COMPLETE 1039 {'signed_packet_chain': 172.296, 'packet': 157.026, 'signed_packet': 170.033}
COMPLETE 1040 {'signed_packet_chain': 171.668, 'packet': 153.999, 'signed_packet': 176.454}
COMPLETE 1041 {'signed_packet_chain': 166.082, 'packet': 152.065, 'signed_packet': 168.797}
COMPLETE 1042 {'signed_packet_chain': 174.848, 'packet': 153.407, 'signed_packet': 171.121}
COMPLETE 1043 {'signed_packet_chain': 168.832, 'packet': 155.127, 'signed_packet': 173.826}
COMPLETE 1044 {'signed_packet_chain': 186.745, 'packet': 153.495, 'signed_packet': 179.423}
COMPLETE 1045 {'signed_packet_chain': 169.769, 'packet': 160.82, 'signed_packet': 170.335}
COMPLETE 1046 {'packet': 152.6, 'signed_packet_chain': 173.669, 'signed_packet': 193.099}
COMPLETE 1047 {'signed_packet_chain': 174.074, 'packet': 170.338, 'signed_packet': 179.758}
COMPLETE 1048 {'signed_packet_chain': 174.88, 'packet': 154.856, 'signed_packet': 174.756}
COMPLETE 1049 {'signed_packet_chain': 173.129, 'packet': 161.274, 'signed_packet': 169.235}
COMPLETE 1050 {'signed_packet_chain': 171.946, 'packet': 155.49, 'signed_packet': 172.137}
COMPLETE 1051 {'signed_packet_chain': 175.739, 'packet': 154.882, 'signed_packet': 166.626}
COMPLETE 1052 {'signed_packet_chain': 169.866, 'packet': 155.748, 'signed_packet': 167.741}
COMPLETE 1053 {'signed_packet_chain': 179.719, 'packet': 154.423, 'signed_packet': 186.902}
COMPLETE 1054 {'signed_packet_chain': 170.525, 'packet': 160.872, 'signed_packet': 174.347}
COMPLETE 1055 {'signed_packet_chain': 170.05, 'packet': 161.327, 'signed_packet': 190.109}
COMPLETE 1056 {'signed_packet_chain': 173.018, 'packet': 161.046, 'signed_packet': 168.942}
COMPLETE 1057 {'signed_packet_chain': 169.865, 'packet': 153.726, 'signed_packet': 169.616}
COMPLETE 1058 {'signed_packet_chain': 171.161, 'packet': 158.061, 'signed_packet': 174.487}
COMPLETE 1059 {'signed_packet_chain': 189.389, 'packet': 163.366, 'signed_packet': 175.996}
COMPLETE 1060 {'signed_packet_chain': 189.965, 'packet': 162.767, 'signed_packet': 185.002}
COMPLETE 1061 {'signed_packet_chain': 232.099, 'packet': 206.915, 'signed_packet': 231.481}
COMPLETE 1062 {'signed_packet_chain': 172.333, 'packet': 159.499, 'signed_packet': 173.379}
COMPLETE 1063 {'signed_packet_chain': 166.403, 'packet': 161.721, 'signed_packet': 209.405}
COMPLETE 1064 {'signed_packet_chain': 178.325, 'packet': 157.947, 'signed_packet': 174.301}
COMPLETE 1065 {'signed_packet_chain': 177.524, 'packet': 165.716, 'signed_packet': 172.045}
COMPLETE 1066 {'signed_packet_chain': 171.01, 'packet': 163.311, 'signed_packet': 172.374}
COMPLETE 1067 {'signed_packet_chain': 171.108, 'packet': 161.971, 'signed_packet': 176.252}
COMPLETE 1068 {'signed_packet_chain': 228.157, 'packet': 186.276, 'signed_packet': 187.2}
COMPLETE 1069 {'packet': 210.663, 'signed_packet_chain': 241.387, 'signed_packet': 230.758}
COMPLETE 1070 {'signed_packet_chain': 237.168, 'packet': 214.111, 'signed_packet': 238.37}
COMPLETE 1071 {'signed_packet_chain': 176.56, 'packet': 158.759, 'signed_packet': 179.683}
COMPLETE 1072 {'signed_packet_chain': 174.82, 'signed_packet': 176.584, 'packet': 178.701}
COMPLETE 1073 {'signed_packet_chain': 196.392, 'packet': 164.523, 'signed_packet': 177.099}
COMPLETE 1074 {'signed_packet_chain': 179.268, 'packet': 165.012, 'signed_packet': 187.894}
COMPLETE 1075 {'signed_packet_chain': 182.023, 'packet': 159.283, 'signed_packet': 176.822}
COMPLETE 1076 {'signed_packet_chain': 173.72, 'packet': 152.518, 'signed_packet': 192.471}
COMPLETE 1077 {'packet': 203.378, 'signed_packet_chain': 230.125, 'signed_packet': 235.126}
COMPLETE 1078 {'signed_packet_chain': 182.192, 'packet': 163.918, 'signed_packet': 174.774}
COMPLETE 1079 {'signed_packet_chain': 238.634, 'packet': 204.512, 'signed_packet': 239.21}
COMPLETE 1080 {'signed_packet_chain': 181.301, 'packet': 160.008, 'signed_packet': 175.19}
COMPLETE 1081 {'signed_packet_chain': 175.66, 'packet': 179.443, 'signed_packet': 183.144}
COMPLETE 1082 {'signed_packet_chain': 244.753, 'packet': 218.546, 'signed_packet': 241.865}
COMPLETE 1083 {'signed_packet_chain': 211.825, 'packet': 160.756, 'signed_packet': 201.06}
COMPLETE 1084 {'signed_packet_chain': 187.425, 'packet': 162.741, 'signed_packet': 194.343}
COMPLETE 1085 {'signed_packet_chain': 178.076, 'packet': 164.767, 'signed_packet': 183.03}
COMPLETE 1086 {'signed_packet_chain': 247.607, 'packet': 220.391, 'signed_packet': 241.035}
COMPLETE 1087 {'signed_packet_chain': 179.602, 'packet': 165.953, 'signed_packet': 182.865}
COMPLETE 1088 {'signed_packet_chain': 179.557, 'packet': 167.475, 'signed_packet': 202.317}
COMPLETE 1089 {'signed_packet_chain': 179.381, 'packet': 168.694, 'signed_packet': 188.358}
COMPLETE 1090 {'signed_packet_chain': 179.94, 'packet': 168.574, 'signed_packet': 188.583}
COMPLETE 1091 {'signed_packet_chain': 177.726, 'packet': 160.665, 'signed_packet': 196.75}
COMPLETE 1092 {'signed_packet_chain': 181.919, 'packet': 164.3, 'signed_packet': 201.595}
COMPLETE 1093 {'signed_packet_chain': 180.774, 'packet': 170.959, 'signed_packet': 180.424}
COMPLETE 1094 {'signed_packet_chain': 183.462, 'packet': 169.652, 'signed_packet': 188.502}
COMPLETE 1095 {'signed_packet_chain': 186.971, 'packet': 168.596, 'signed_packet': 185.473}
COMPLETE 1096 {'signed_packet_chain': 177.19, 'packet': 162.174, 'signed_packet': 184.35}
COMPLETE 1097 {'signed_packet_chain': 183.044, 'packet': 163.126, 'signed_packet': 180.936}
COMPLETE 1098 {'signed_packet_chain': 179.979, 'packet': 163.985, 'signed_packet': 188.215}
COMPLETE 1099 {'signed_packet_chain': 182.253, 'packet': 177.793, 'signed_packet': 187.367}
COMPLETE 1100 {'signed_packet_chain': 185.591, 'packet': 180.623, 'signed_packet': 202.346}
COMPLETE 1101 {'signed_packet_chain': 180.187, 'packet': 176.575, 'signed_packet': 198.283}
COMPLETE 1102 {'signed_packet_chain': 240.012, 'packet': 240.025, 'signed_packet': 245.323}
COMPLETE 1103 {'signed_packet_chain': 196.236, 'packet': 185.667, 'signed_packet': 204.48}
COMPLETE 1104 {'signed_packet_chain': 182.74, 'packet': 184.126, 'signed_packet': 195.013}
COMPLETE 1105 {'signed_packet_chain': 197.737, 'packet': 182.809, 'signed_packet': 191.284}
COMPLETE 1106 {'signed_packet_chain': 200.732, 'packet': 180.314, 'signed_packet': 189.044}
COMPLETE 1107 {'signed_packet_chain': 183.529, 'packet': 180.667, 'signed_packet': 186.978}
COMPLETE 1108 {'signed_packet_chain': 230.194, 'packet': 228.677, 'signed_packet': 239.083}
COMPLETE 1109 {'signed_packet_chain': 182.841, 'packet': 193.156, 'signed_packet': 189.488}
COMPLETE 1110 {'signed_packet_chain': 188.743, 'packet': 192.229, 'signed_packet': 189.898}
COMPLETE 1111 {'signed_packet_chain': 183.13, 'packet': 184.343, 'signed_packet': 193.336}
COMPLETE 1112 {'signed_packet_chain': 182.974, 'packet': 180.853, 'signed_packet': 186.434}
COMPLETE 1113 {'signed_packet_chain': 201.591, 'packet': 182.879, 'signed_packet': 197.153}
COMPLETE 1114 {'signed_packet_chain': 254.21, 'packet': 258.551, 'signed_packet': 261.131}
COMPLETE 1115 {'signed_packet_chain': 241.821, 'packet': 229.369, 'signed_packet': 238.778}
COMPLETE 1116 {'signed_packet_chain': 184.451, 'packet': 187.931, 'signed_packet': 186.669}
COMPLETE 1117 {'signed_packet_chain': 184.769, 'packet': 189.048, 'signed_packet': 188.411}
COMPLETE 1118 {'signed_packet_chain': 190.455, 'packet': 188.15, 'signed_packet': 184.93}
COMPLETE 1119 {'signed_packet_chain': 187.01, 'packet': 181.108, 'signed_packet': 185.516}
COMPLETE 1120 {'signed_packet_chain': 202.212, 'packet': 201.193, 'signed_packet': 192.152}
COMPLETE 1121 {'signed_packet_chain': 201.863, 'packet': 199.829, 'signed_packet': 193.786}
COMPLETE 1122 {'signed_packet_chain': 190.337, 'packet': 185.343, 'signed_packet': 185.352}
COMPLETE 1123 {'signed_packet_chain': 186.311, 'packet': 187.655, 'signed_packet': 192.103}
COMPLETE 1124 {'signed_packet_chain': 179.039, 'packet': 182.841, 'signed_packet': 209.318}
COMPLETE 1125 {'signed_packet_chain': 195.998, 'packet': 198.149, 'signed_packet': 199.666}
COMPLETE 1126 {'signed_packet_chain': 191.935, 'packet': 183.709, 'signed_packet': 185.441}
COMPLETE 1127 {'signed_packet_chain': 190.357, 'packet': 200.931, 'signed_packet': 201.552}
COMPLETE 1128 {'signed_packet_chain': 186.239, 'packet': 196.108, 'signed_packet': 185.615}
COMPLETE 1129 {'signed_packet_chain': 184.857, 'packet': 180.173, 'signed_packet': 190.009}
COMPLETE 1130 {'signed_packet_chain': 194.608, 'packet': 182.738, 'signed_packet': 184.102}
COMPLETE 1131 {'signed_packet_chain': 222.788, 'packet': 235.167, 'signed_packet': 231.385}
COMPLETE 1132 {'signed_packet_chain': 188.117, 'packet': 184.277, 'signed_packet': 194.984}
COMPLETE 1133 {'signed_packet_chain': 192.581, 'packet': 180.381, 'signed_packet': 191.081}
COMPLETE 1134 {'signed_packet_chain': 204.588, 'packet': 185.095, 'signed_packet': 211.268}
COMPLETE 1135 {'signed_packet_chain': 187.427, 'packet': 190.804, 'signed_packet': 194.758}
COMPLETE 1136 {'signed_packet_chain': 194.62, 'packet': 186.015, 'signed_packet': 193.217}
COMPLETE 1137 {'signed_packet_chain': 209.364, 'packet': 187.923, 'signed_packet': 211.971}
COMPLETE 1138 {'signed_packet_chain': 190.001, 'packet': 189.739, 'signed_packet': 207.828}
COMPLETE 1139 {'signed_packet_chain': 193.966, 'packet': 210.403, 'signed_packet': 205.027}
COMPLETE 1140 {'signed_packet_chain': 211.403, 'packet': 186.534, 'signed_packet': 187.06}
COMPLETE 1141 {'signed_packet_chain': 196.196, 'packet': 185.177, 'signed_packet': 201.721}
COMPLETE 1142 {'signed_packet_chain': 193.294, 'packet': 187.109, 'signed_packet': 188.311}
COMPLETE 1143 {'signed_packet_chain': 189.702, 'packet': 186.503, 'signed_packet': 185.246}
COMPLETE 1144 {'signed_packet_chain': 199.779, 'packet': 186.527, 'signed_packet': 205.699}
COMPLETE 1145 {'signed_packet_chain': 197.942, 'packet': 190.952, 'signed_packet': 196.975}
COMPLETE 1146 {'signed_packet_chain': 192.799, 'packet': 188.569, 'signed_packet': 195.909}
COMPLETE 1147 {'signed_packet_chain': 197.049, 'packet': 190.534, 'signed_packet': 211.631}
COMPLETE 1148 {'signed_packet_chain': 197.813, 'packet': 187.697, 'signed_packet': 196.511}
COMPLETE 1149 {'signed_packet_chain': 191.839, 'packet': 189.524, 'signed_packet': 199.989}
COMPLETE 1150 {'signed_packet_chain': 193.633, 'packet': 191.054, 'signed_packet': 210.589}
COMPLETE 1151 {'signed_packet_chain': 199.937, 'packet': 201.545, 'signed_packet': 204.751}
COMPLETE 1152 {'signed_packet_chain': 212.512, 'packet': 180.793, 'signed_packet': 210.518}
COMPLETE 1153 {'signed_packet_chain': 197.885, 'packet': 191.223, 'signed_packet': 208.873}
COMPLETE 1154 {'signed_packet_chain': 199.056, 'packet': 187.11, 'signed_packet': 198.544}
COMPLETE 1155 {'signed_packet_chain': 211.776, 'packet': 188.701, 'signed_packet': 207.304}
COMPLETE 1156 {'signed_packet_chain': 204.082, 'packet': 191.91, 'signed_packet': 197.796}
COMPLETE 1157 {'signed_packet_chain': 195.28, 'packet': 189.271, 'signed_packet': 193.542}
COMPLETE 1158 {'signed_packet_chain': 216.36, 'packet': 209.536, 'signed_packet': 197.526}
COMPLETE 1159 {'signed_packet_chain': 201.033, 'packet': 189.988, 'signed_packet': 196.439}
COMPLETE 1160 {'signed_packet_chain': 193.921, 'packet': 208.169, 'signed_packet': 186.418}
COMPLETE 1161 {'signed_packet_chain': 194.131, 'packet': 203.104, 'signed_packet': 206.207}
COMPLETE 1162 {'signed_packet_chain': 202.053, 'packet': 192.769, 'signed_packet': 204.704}
COMPLETE 1163 {'signed_packet_chain': 197.304, 'packet': 204.007, 'signed_packet': 214.482}
COMPLETE 1164 {'signed_packet_chain': 191.888, 'packet': 191.752, 'signed_packet': 200.886}
COMPLETE 1165 {'signed_packet_chain': 201.849, 'packet': 193.09, 'signed_packet': 206.131}
COMPLETE 1166 {'signed_packet_chain': 216.558, 'packet': 198.012, 'signed_packet': 202.715}
COMPLETE 1167 {'signed_packet_chain': 197.286, 'packet': 192.755, 'signed_packet': 208.918}
COMPLETE 1168 {'signed_packet_chain': 216.098, 'packet': 208.494, 'signed_packet': 211.758}
COMPLETE 1169 {'signed_packet_chain': 209.755, 'signed_packet': 208.721, 'packet': 197.897}
COMPLETE 1170 {'signed_packet_chain': 210.419, 'signed_packet': 198.102, 'packet': 196.441}
COMPLETE 1171 {'signed_packet_chain': 221.327, 'signed_packet': 207.76, 'packet': 192.893}
COMPLETE 1172 {'signed_packet_chain': 197.094, 'packet': 194.54, 'signed_packet': 197.127}
COMPLETE 1173 {'signed_packet_chain': 190.503, 'signed_packet': 189.999, 'packet': 194.969}
COMPLETE 1174 {'signed_packet_chain': 236.124, 'signed_packet': 194.531, 'packet': 194.685}
COMPLETE 1175 {'signed_packet_chain': 199.88, 'signed_packet': 203.069, 'packet': 291.68}
COMPLETE 1176 {'signed_packet_chain': 198.041, 'packet': 191.763, 'signed_packet': 212.202}
COMPLETE 1177 {'signed_packet_chain': 207.557, 'packet': 262.111, 'signed_packet': 208.8}
COMPLETE 1178 {'signed_packet_chain': 238.72, 'packet': 222.53, 'signed_packet': 258.655}
COMPLETE 1179 {'packet': 192.529, 'signed_packet_chain': 198.104, 'signed_packet': 198.904}
COMPLETE 1180 {'signed_packet_chain': 207.181, 'packet': 194.765, 'signed_packet': 289.547}
COMPLETE 1181 {'signed_packet_chain': 275.475, 'packet': 213.152, 'signed_packet': 207.66}
COMPLETE 1182 {'signed_packet_chain': 204.606, 'packet': 269.034, 'signed_packet': 197.752}
COMPLETE 1183 {'signed_packet_chain': 210.06, 'packet': 205.588, 'signed_packet': 268.913}
COMPLETE 1184 {'packet': 198.871, 'signed_packet_chain': 275.024, 'signed_packet': 205.039}
COMPLETE 1185 {'signed_packet_chain': 223.986, 'packet': 186.889, 'signed_packet': 234.035}
COMPLETE 1186 {'signed_packet_chain': 193.514, 'packet': 189.674, 'signed_packet': 201.153}
COMPLETE 1187 {'signed_packet_chain': 207.581, 'packet': 184.165, 'signed_packet': 194.954}
COMPLETE 1188 {'signed_packet_chain': 270.575, 'packet': 270.684, 'signed_packet': 261.333}
COMPLETE 1189 {'signed_packet_chain': 201.365, 'packet': 190.181, 'signed_packet': 201.221}
COMPLETE 1190 {'signed_packet_chain': 224.899, 'packet': 206.557, 'signed_packet': 201.599}
COMPLETE 1191 {'signed_packet_chain': 203.273, 'packet': 197.768, 'signed_packet': 272.477}
COMPLETE 1192 {'signed_packet_chain': 202.514, 'packet': 188.867, 'signed_packet': 194.888}
COMPLETE 1193 {'signed_packet_chain': 195.302, 'packet': 213.848, 'signed_packet': 197.06}
COMPLETE 1194 {'signed_packet_chain': 221.739, 'packet': 191.995, 'signed_packet': 195.381}
COMPLETE 1195 {'signed_packet_chain': 215.551, 'packet': 213.094, 'signed_packet': 213.932}
COMPLETE 1196 {'signed_packet_chain': 195.426, 'packet': 191.329, 'signed_packet': 211.568}
COMPLETE 1197 {'signed_packet_chain': 203.47, 'packet': 195.492, 'signed_packet': 196.049}
COMPLETE 1198 {'signed_packet_chain': 204.152, 'packet': 213.524, 'signed_packet': 197.882}
COMPLETE 1199 {'signed_packet_chain': 200.509, 'packet': 206.873, 'signed_packet': 210.366}
COMPLETE 1200 {'signed_packet_chain': 223.485, 'packet': 191.795, 'signed_packet': 193.322}
COMPLETE 1201 {'signed_packet_chain': 198.517, 'packet': 200.26, 'signed_packet': 199.46}
COMPLETE 1202 {'signed_packet_chain': 198.434, 'packet': 190.869, 'signed_packet': 221.615}
COMPLETE 1203 {'signed_packet_chain': 208.224, 'packet': 195.452, 'signed_packet': 196.997}
{
  "status": "RESOURCE_GATE",
  "pid": 5851,
  "start_utc": "2026-09-26T21:16:38.055395+00:00",
  "deadline_utc": "2026-09-27T05:16:38.055379+00:00",
  "last_completed_N": 1203,
  "next_N": 1204,
  "completed_source_cases": 3249,
  "workers": 3,
  "project_path": "/opt/gen4-spin-continuation1/project",
  "mirror": "/workspace/gen4/runs/frustrated-spin-packet-continuation1",
  "safe_stop": "touch /opt/gen4-spin-continuation1/project/STOP",
  "stop_signal": "kill -TERM 5851",
  "fresh_window": true,
  "resumed_after_N": 122,
  "current_N": 1203,
  "last_heartbeat_utc": "2026-09-26T22:19:28.730000+00:00",
  "disk_free_bytes": 4259019395072,
  "memory_available_bytes": 1568272384,
  "last_completed_utc": "2026-09-26T22:19:17.804020+00:00",
  "finished_utc": "2026-09-26T22:19:28.729956+00:00"
}
