MATTER_SEARCH Domain, SLC-GEN4-P1 — verified; CE: SLC-GEN4-CE-P1; domain engine: GEN3-R4; Chalkboard: OFF (owner-suspended) worker 5370
MATTER_SEARCH Domain, SLC-GEN4-P1 — verified; CE: SLC-GEN4-CE-P1; domain engine: GEN3-R4; Chalkboard: OFF (owner-suspended) worker 5373
MATTER_SEARCH Domain, SLC-GEN4-P1 — verified; CE: SLC-GEN4-CE-P1; domain engine: GEN3-R4; Chalkboard: OFF (owner-suspended) worker 5374
COMPLETE 121 {'packet': 5.467, 'signed_packet': 5.569, 'signed_packet_chain': 5.68}
COMPLETE 122 {'packet': 5.219, 'signed_packet': 5.303, 'signed_packet_chain': 5.31}
{
  "status": "BOUNDED_CYCLE_COMPLETE",
  "pid": 5323,
  "start_utc": "2026-09-26T21:14:52.409729+00:00",
  "deadline_utc": "2026-09-26T22:14:52.409719+00:00",
  "last_completed_N": 122,
  "next_N": 123,
  "completed_source_cases": 6,
  "workers": 3,
  "project_path": "/opt/gen4-spin-continuation1/project",
  "mirror": "/workspace/gen4/runs/frustrated-spin-packet-continuation1",
  "safe_stop": "touch /opt/gen4-spin-continuation1/project/STOP",
  "stop_signal": "kill -TERM 5323",
  "fresh_window": true,
  "resumed_after_N": 120,
  "current_N": 122,
  "last_heartbeat_utc": "2026-09-26T21:15:13.446500+00:00",
  "disk_free_bytes": 4293522194432,
  "memory_available_bytes": 36688236544,
  "last_completed_utc": "2026-09-26T21:15:13.382226+00:00",
  "finished_utc": "2026-09-26T21:15:13.446493+00:00"
}
