MATTER_SEARCH Domain, SLC-GEN4-P1 — verified; CE: SLC-GEN4-CE-P1; domain engine: GEN3-R4; Chalkboard: OFF (owner-suspended) worker 13160
MATTER_SEARCH Domain, SLC-GEN4-P1 — verified; CE: SLC-GEN4-CE-P1; domain engine: GEN3-R4; Chalkboard: OFF (owner-suspended) worker 13163
COMPLETE_DENSE 1 six graphs 0.012 seconds
COMPLETE_DENSE 2 six graphs 0.01 seconds
COMPLETE_DENSE 12 six graphs 0.01 seconds
COMPLETE_DENSE 120 six graphs 0.028 seconds
COMPLETE_DENSE 121 six graphs 0.019 seconds
COMPLETE_DENSE 300 six graphs 0.055 seconds
{
  "status": "QUALIFIED",
  "pid": 13142,
  "start_utc": "2026-09-26T21:42:26.998950+00:00",
  "last_contiguous_N": 2,
  "completed_N_count": 6,
  "generated_graphs": 36,
  "producer_last_completed_N": 887,
  "workers": 2,
  "deadline_utc": "2026-09-27T05:21:38.055379+00:00",
  "safe_stop": "touch /opt/gen4-spin-dense-follower1/project/STOP",
  "project_path": "/opt/gen4-spin-dense-follower1/project",
  "full_DOS_solves": 0,
  "resumed_after_N": 0,
  "backlog_N": 885,
  "in_flight": [],
  "last_heartbeat_utc": "2026-09-26T21:42:27.915052+00:00",
  "disk_free_bytes": 4279511388160,
  "memory_headroom_bytes": 22193184768,
  "finished_utc": "2026-09-26T21:42:27.954257+00:00"
}
