concurrent.futures.process._RemoteTraceback: 
"""
Traceback (most recent call last):
  File "/usr/lib/python3.12/concurrent/futures/process.py", line 263, in _process_worker
    r = call_item.fn(*call_item.args, **call_item.kwargs)
        ^^^^^^^^^^^^^^^^^^^^^^^^^^^^^^^^^^^^^^^^^^^^^^^^^
  File "/usr/lib/python3.12/concurrent/futures/process.py", line 212, in _process_chunk
    return [fn(*args) for args in chunk]
            ^^^^^^^^^
  File "/opt/gen4/spin-n120-frontier1/concurrency.py", line 16, in scan
    assert np.all(a[1:,0]>=a[:-1,1]),'Overlapping worker intervals require union reduction'
           ^^^^^^^^^^^^^^^^^^^^^^^^^
AssertionError: Overlapping worker intervals require union reduction
"""

The above exception was the direct cause of the following exception:

Traceback (most recent call last):
  File "/opt/gen4/spin-n120-frontier1/concurrency.py", line 35, in <module>
    with concurrent.futures.ProcessPoolExecutor(max_workers=4) as pool:raw=list(pool.map(scan,[(f,lo,hi) for f in p.glob('GPU*_KERNELS.csv')]))
                                                                           ^^^^^^^^^^^^^^^^^^^^^^^^^^^^^^^^^^^^^^^^^^^^^^^^^^^^^^^^^^^^^^^^^^^^
  File "/usr/lib/python3.12/concurrent/futures/process.py", line 642, in _chain_from_iterable_of_lists
    for element in iterable:
  File "/usr/lib/python3.12/concurrent/futures/_base.py", line 619, in result_iterator
    yield _result_or_cancel(fs.pop())
          ^^^^^^^^^^^^^^^^^^^^^^^^^^^
  File "/usr/lib/python3.12/concurrent/futures/_base.py", line 317, in _result_or_cancel
    return fut.result(timeout)
           ^^^^^^^^^^^^^^^^^^^
  File "/usr/lib/python3.12/concurrent/futures/_base.py", line 456, in result
    return self.__get_result()
           ^^^^^^^^^^^^^^^^^^^
  File "/usr/lib/python3.12/concurrent/futures/_base.py", line 401, in __get_result
    raise self._exception
AssertionError: Overlapping worker intervals require union reduction
