MATTER_SEARCH Domain, SLC-GEN4-P1 — verified; CE: SLC-GEN4-CE-P1; domain engine: GEN3-R4; Chalkboard: OFF (owner-suspended)
[
  {
    "key": "packet_N300_fill_plus",
    "status": "SOURCE_GENERATED_NOT_DOS_SOLVED",
    "N": 300,
    "edges": 44850,
    "inherited_edges": 800,
    "added_edges": 44050,
    "correction_edges": 0,
    "fill_coupling": 1,
    "source_hash": "65ac96eec8fe6c01202e359fc41523298836bf5d545e61654ef3c09c3b7e0685",
    "artifact": "sources/packet_N300_fill_plus.json",
    "artifact_sha256": "cc8fa7cd74b3d546eb8b0a81c90df60485fecfc1712a98ccfd62a3d2fcd3251a",
    "preserved_every_parent_coupling": true,
    "identity_checks": 16,
    "full_DOS_solved": false
  },
  {
    "key": "packet_N300_fill_minus",
    "status": "SOURCE_GENERATED_NOT_DOS_SOLVED",
    "N": 300,
    "edges": 44850,
    "inherited_edges": 800,
    "added_edges": 44050,
    "correction_edges": 800,
    "fill_coupling": -1,
    "source_hash": "86c97898d7a1f577f2f990ed37ddce66d260481fec9576cdef4f162d67d8304a",
    "artifact": "sources/packet_N300_fill_minus.json",
    "artifact_sha256": "cd10fe3ee42cc30db18466ee600d6adeb8180ffe080a351fcb0d0ca2032a7a5d",
    "preserved_every_parent_coupling": true,
    "identity_checks": 16,
    "full_DOS_solved": false
  },
  {
    "key": "signed_packet_N300_fill_plus",
    "status": "SOURCE_GENERATED_NOT_DOS_SOLVED",
    "N": 300,
    "edges": 44850,
    "inherited_edges": 800,
    "added_edges": 44050,
    "correction_edges": 60,
    "fill_coupling": 1,
    "source_hash": "7419e607f5a0c6792283ee916616f9fd1542e697c6e838b27016ed34d5e9a32d",
    "artifact": "sources/signed_packet_N300_fill_plus.json",
    "artifact_sha256": "53261775fbb1045b78b9f4630aee3e27f3e49c0c9624ea36f7d3e9828e443c27",
    "preserved_every_parent_coupling": true,
    "identity_checks": 16,
    "full_DOS_solved": false
  },
  {
    "key": "signed_packet_N300_fill_minus",
    "status": "SOURCE_GENERATED_NOT_DOS_SOLVED",
    "N": 300,
    "edges": 44850,
    "inherited_edges": 800,
    "added_edges": 44050,
    "correction_edges": 740,
    "fill_coupling": -1,
    "source_hash": "9d3a7f515a7b4d2b6d8333103893862d8d0cc415c38e3e047d611bb7ee2d5018",
    "artifact": "sources/signed_packet_N300_fill_minus.json",
    "artifact_sha256": "0486569f4bf7b0a8a8842a5b10634ce27f5d3a347f91f5249d2ab788e940c37d",
    "preserved_every_parent_coupling": true,
    "identity_checks": 16,
    "full_DOS_solved": false
  },
  {
    "key": "signed_packet_chain_N300_fill_plus",
    "status": "SOURCE_GENERATED_NOT_DOS_SOLVED",
    "N": 300,
    "edges": 44850,
    "inherited_edges": 819,
    "added_edges": 44031,
    "correction_edges": 69,
    "fill_coupling": 1,
    "source_hash": "4de83eacc7ce4db2528e2604866d12210752f942ba121d07f89d14b3e0c93b15",
    "artifact": "sources/signed_packet_chain_N300_fill_plus.json",
    "artifact_sha256": "ae0b83d2800217fc6d709cfd6bbcbf14814c27fec4798c10b3b00641ea8e0691",
    "preserved_every_parent_coupling": true,
    "identity_checks": 16,
    "full_DOS_solved": false
  },
  {
    "key": "signed_packet_chain_N300_fill_minus",
    "status": "SOURCE_GENERATED_NOT_DOS_SOLVED",
    "N": 300,
    "edges": 44850,
    "inherited_edges": 819,
    "added_edges": 44031,
    "correction_edges": 750,
    "fill_coupling": -1,
    "source_hash": "a968c7419cccc91f1f3270dda0412a5a0cde7616efc379079defed77efd79f45",
    "artifact": "sources/signed_packet_chain_N300_fill_minus.json",
    "artifact_sha256": "41d459b4c5b2feb5abd9911db15bed22962aacad8fbc842b2afae0bb56ab1bdb",
    "preserved_every_parent_coupling": true,
    "identity_checks": 16,
    "full_DOS_solved": false
  }
]
