MATTER_SEARCH Domain, SLC-GEN4-P1 — verified; CE: SLC-GEN4-CE-P1; domain engine: GEN3-R4; Chalkboard: OFF (owner-suspended) worker 1954741
MATTER_SEARCH Domain, SLC-GEN4-P1 — verified; CE: SLC-GEN4-CE-P1; domain engine: GEN3-R4; Chalkboard: OFF (owner-suspended) worker 1954738
MATTER_SEARCH Domain, SLC-GEN4-P1 — verified; CE: SLC-GEN4-CE-P1; domain engine: GEN3-R4; Chalkboard: OFF (owner-suspended) worker 1954742
COMPLETE 1401 {'signed_packet_chain': 302.507, 'packet': 295.694, 'signed_packet': 307.739}
COMPLETE 1402 {'signed_packet_chain': 305.999, 'packet': 287.248, 'signed_packet': 310.977}
COMPLETE 1403 {'signed_packet_chain': 295.298, 'packet': 281.596, 'signed_packet': 292.867}
COMPLETE 1404 {'signed_packet_chain': 297.355, 'packet': 280.221, 'signed_packet': 295.165}
COMPLETE 1405 {'signed_packet_chain': 293.511, 'packet': 287.225, 'signed_packet': 291.603}
COMPLETE 1406 {'signed_packet_chain': 295.653, 'packet': 284.763, 'signed_packet': 297.375}
COMPLETE 1407 {'signed_packet_chain': 300.118, 'packet': 288.51, 'signed_packet': 291.274}
COMPLETE 1408 {'signed_packet_chain': 291.237, 'packet': 278.224, 'signed_packet': 283.406}
{
  "status": "BOUNDED_CYCLE_COMPLETE",
  "pid": 1954735,
  "start_utc": "2026-09-26T23:47:19.481534+00:00",
  "deadline_utc": "2026-09-27T00:47:19.481518+00:00",
  "last_completed_N": 1408,
  "next_N": 1409,
  "completed_source_cases": 3864,
  "workers": 3,
  "project_path": "/home/sam/PycharmProjects/SAM_Research_Project/GEN4/frustrated_spin_workstation1/packet",
  "mirror": "/home/sam/PycharmProjects/SAM_Research_Project/GEN4/frustrated_spin_workstation1/packet/persistent/run",
  "safe_stop": "touch /home/sam/PycharmProjects/SAM_Research_Project/GEN4/frustrated_spin_workstation1/packet/STOP",
  "stop_signal": "kill -TERM 1954735",
  "fresh_window": true,
  "resumed_after_N": 1400,
  "current_N": 1408,
  "last_heartbeat_utc": "2026-09-26T23:48:31.226327+00:00",
  "disk_free_bytes": 90533437440,
  "memory_available_bytes": 12230983680,
  "last_completed_utc": "2026-09-26T23:48:31.153381+00:00",
  "finished_utc": "2026-09-26T23:48:31.226315+00:00"
}
