MATTER_SEARCH Domain, SLC-GEN4-P1 — verified; CE: SLC-GEN4-CE-P1; domain engine: GEN3-R4; Chalkboard: OFF (owner-suspended) /opt/gen4/spin-tools-install1/qualification-gen4-exact/sessions/MATTER_SEARCH_64edffdaa3544d71a69bee98aeb4e132
MATTER_SEARCH Domain, SLC-GEN4-P1 — verified; CE: SLC-GEN4-CE-P1; domain engine: GEN3-R4; Chalkboard: OFF (owner-suspended) /opt/gen4/spin-tools-install1/qualification-gen4-exact/sessions/MATTER_SEARCH_64edffdaa3544d71a69bee98aeb4e132
{
  "status": "PASS",
  "checks": {
    "complete_coefficients_agree_0": true,
    "fresh_receipts_0": true,
    "complete_coefficients_agree_1": true,
    "fresh_receipts_1": true,
    "connected_N30_exact_binomial_spectrum": true,
    "signed_nonbinary_coefficients": true,
    "signed_cancellation_with_isolated_ternary_variable": true,
    "isolated_domain_cardinality": true,
    "conditioned_count": true,
    "rational_cancellation_and_undefined_normalization": true,
    "component_limit_rejected": true,
    "factor_work_limit_rejected": true,
    "duplicate_relation_rejected": true,
    "wrong_source_recovery_rejected": true,
    "checkpoint_recovery": true,
    "readout_dependency_recovery": true
  },
  "check_count": 16,
  "session": "/opt/gen4/spin-tools-install1/qualification-gen4-exact/sessions/MATTER_SEARCH_64edffdaa3544d71a69bee98aeb4e132",
  "domain": "MATTER_SEARCH",
  "source_binding": {
    "campaign": "GEN4_SPIN_TOOLS_EXACT_QUALIFICATION_V1",
    "qualification_sha256": "0feeb16f07c14e3ec6cca9ae06e205ab8bdc579bff60883a5942b8d341faef38",
    "installed_spin_exact_sha256": "ebe36d01c9e641ea54698d16eb60990ffe5d22207207872ceccc3b7b02cd1550",
    "scope": "Independent tiny native checks, installed production calls and checkpoint recovery"
  },
  "installed_module": "/opt/gen4/vol-i-ruler-clock1/source/CURRENT_REVISION/engines/SLC/gen3/spin_exact.py",
  "scope": "Installed production operations; reference arithmetic executed separately through DomainSession"
}
