Traceback (most recent call last):
  File "/home/sam/PycharmProjects/SAM_Research_Project/GEN4/frustrated_spin_learning1/worker.py", line 12, in <module>
    value=s.execute('GEN4_FRUSTRATED_LEARN1',dict(code_sha256=sha(P/'research.py'),question=q),purpose=q['question'])
          ^^^^^^^^^^^^^^^^^^^^^^^^^^^^^^^^^^^^^^^^^^^^^^^^^^^^^^^^^^^^^^^^^^^^^^^^^^^^^^^^^^^^^^^^^^^^^^^^^^^^^^^^^^^
  File "/home/sam/PycharmProjects/SAM_Research_Project/GEN4/frustrated_spin_learning1/runtime/SAM_PROJECT/session.py", line 201, in execute
    return self._call(operation, payload,
           ^^^^^^^^^^^^^^^^^^^^^^^^^^^^^^
  File "/home/sam/PycharmProjects/SAM_Research_Project/GEN4/frustrated_spin_learning1/runtime/SAM_PROJECT/session.py", line 174, in _call
    result = action()
             ^^^^^^^^
  File "/home/sam/PycharmProjects/SAM_Research_Project/GEN4/frustrated_spin_learning1/runtime/SAM_PROJECT/session.py", line 202, in <lambda>
    lambda: self.consumer.execute(operation, payload), purpose=purpose)
            ^^^^^^^^^^^^^^^^^^^^^^^^^^^^^^^^^^^^^^^^^
  File "/home/sam/PycharmProjects/SAM_Research_Project/GEN4/frustrated_spin_learning1/research.py", line 154, in execute
    else:r=solve_plan(s,q['plan'])
           ^^^^^^^^^^^^^^^^^^^^^^^
  File "/home/sam/PycharmProjects/SAM_Research_Project/GEN4/frustrated_spin_learning1/research.py", line 117, in solve_plan
    r=exact.solve_cpu(reduced,ports=[mp[v] for v in ports],options=dict(method='variable_elimination',elimination_order=[mp[v] for v in plan['selected']['order']],max_seconds=max(1,int(seconds-(time.monotonic()-t))),max_factor_work=2000000,max_intermediate_entries=65536))
      ^^^^^^^^^^^^^^^^^^^^^^^^^^^^^^^^^^^^^^^^^^^^^^^^^^^^^^^^^^^^^^^^^^^^^^^^^^^^^^^^^^^^^^^^^^^^^^^^^^^^^^^^^^^^^^^^^^^^^^^^^^^^^^^^^^^^^^^^^^^^^^^^^^^^^^^^^^^^^^^^^^^^^^^^^^^^^^^^^^^^^^^^^^^^^^^^^^^^^^^^^^^^^^^^^^^^^^^^^^^^^^^^^^^^^^^^^^^^^^^^^^^^^^^^^^^^^^^^^^^^^^^^^^
  File "/home/sam/PycharmProjects/SAM_Research_Project/GEN4/frustrated_spin_learning1/vendor/spin_exact.py", line 397, in solve_cpu
    source = validate_source(source)
             ^^^^^^^^^^^^^^^^^^^^^^^
  File "/home/sam/PycharmProjects/SAM_Research_Project/GEN4/frustrated_spin_learning1/vendor/spin_exact.py", line 119, in validate_source
    return normalize(source)
           ^^^^^^^^^^^^^^^^^
  File "/home/sam/PycharmProjects/SAM_Research_Project/GEN4/frustrated_spin_learning1/vendor/spin_catalog.py", line 42, in validate_source
    if raw.get('source_sha256',source['source_sha256'])!=source['source_sha256']:raise ValueError('Source hash differs from supplied graph')
                                                                                 ^^^^^^^^^^^^^^^^^^^^^^^^^^^^^^^^^^^^^^^^^^^^^^^^^^^^^^^^^^^
ValueError: Source hash differs from supplied graph
