MATTER_SEARCH Domain, SLC-GEN4-P1 — verified; CE: SLC-GEN4-CE-P1; domain engine: GEN3-R4; Chalkboard: OFF (owner-suspended)
COMPLETE 10 packet_N010
COMPLETE 20 packet_N020
COMPLETE 30 packet_N030
COMPLETE 40 packet_N040
COMPLETE 50 packet_N050
COMPLETE 60 packet_N060
COMPLETE 70 packet_N070
COMPLETE 80 packet_N080
COMPLETE 90 packet_N090
COMPLETE 100 packet_N100
COMPLETE 110 packet_N110
COMPLETE 120 packet_N120
COMPLETE 130 signed_packet_N010
COMPLETE 140 signed_packet_N020
COMPLETE 150 signed_packet_N030
COMPLETE 160 signed_packet_N040
COMPLETE 170 signed_packet_N050
COMPLETE 180 signed_packet_N060
COMPLETE 190 signed_packet_N070
COMPLETE 200 signed_packet_N080
COMPLETE 210 signed_packet_N090
COMPLETE 220 signed_packet_N100
COMPLETE 230 signed_packet_N110
COMPLETE 240 signed_packet_N120
COMPLETE 250 signed_packet_chain_N010
COMPLETE 260 signed_packet_chain_N020
COMPLETE 270 signed_packet_chain_N030
COMPLETE 280 signed_packet_chain_N040
COMPLETE 290 signed_packet_chain_N050
COMPLETE 300 signed_packet_chain_N060
COMPLETE 310 signed_packet_chain_N070
COMPLETE 320 signed_packet_chain_N080
COMPLETE 330 signed_packet_chain_N090
COMPLETE 340 signed_packet_chain_N100
COMPLETE 350 signed_packet_chain_N110
COMPLETE 360 signed_packet_chain_N120
COMPLETE 360
