{
  "full_result_file": "/home/sam/PycharmProjects/SAM_Research_Project/GEN4/spin_tools_install1/CLI_GEN3.json",
  "operation": "GEN3_SPIN_SOURCE",
  "result": {
    "N": 120,
    "configuration_count": "1329227995784915872903807060280344576",
    "edges": 300,
    "family": "N120_FIVE_REGULAR_DEGREE_PRESERVING_N96_EXTENSION_V1",
    "ground_degeneracy": "8",
    "ground_energy": -434,
    "occupied_bins": 435,
    "output_availability": {
      "closed_port_rows": true,
      "open_y_operator": true,
      "scalar_dos": true
    },
    "recomputed": false,
    "result_ref": "cbe7e2d9820d8ddfe83d186546efff3f96e9716dea8b632ab305e0127361236c",
    "source_sha256": "bed8dbc542412f88a76795573e157e369710a0bcf8d2b7358e10a159d98df1f4"
  },
  "session": "/home/sam/PycharmProjects/SAM_Research_Project/SAM_RUNTIME/SPIN_TOOLS/MATTER_SEARCH_fcdce6a1f158428eb92dc463c6a5d77e"
}
