MATTER_SEARCH Domain, SLC-GEN4-P1 — verified; CE: SLC-GEN4-CE-P1; domain engine: GEN3-R4; Chalkboard: OFF (owner-suspended) worker 1935667
MATTER_SEARCH Domain, SLC-GEN4-P1 — verified; CE: SLC-GEN4-CE-P1; domain engine: GEN3-R4; Chalkboard: OFF (owner-suspended) worker 1935670
MATTER_SEARCH Domain, SLC-GEN4-P1 — verified; CE: SLC-GEN4-CE-P1; domain engine: GEN3-R4; Chalkboard: OFF (owner-suspended) worker 1935671
COMPLETE 1351 {'signed_packet_chain': 298.545, 'packet': 277.213, 'signed_packet': 294.076}
COMPLETE 1352 {'signed_packet_chain': 287.369, 'packet': 267.711, 'signed_packet': 275.421}
COMPLETE 1353 {'signed_packet_chain': 305.335, 'packet': 290.804, 'signed_packet': 288.51}
COMPLETE 1354 {'signed_packet_chain': 311.344, 'packet': 287.241, 'signed_packet': 310.565}
COMPLETE 1355 {'signed_packet_chain': 296.329, 'packet': 281.237, 'signed_packet': 286.895}
COMPLETE 1356 {'signed_packet_chain': 282.466, 'packet': 265.998, 'signed_packet': 273.858}
COMPLETE 1357 {'signed_packet_chain': 293.1, 'packet': 268.865, 'signed_packet': 292.999}
COMPLETE 1358 {'signed_packet_chain': 339.4, 'packet': 319.578, 'signed_packet': 336.765}
COMPLETE 1359 {'signed_packet_chain': 305.754, 'packet': 305.236, 'signed_packet': 316.859}
COMPLETE 1360 {'signed_packet_chain': 292.56, 'packet': 281.489, 'signed_packet': 286.085}
COMPLETE 1361 {'signed_packet_chain': 289.248, 'packet': 270.356, 'signed_packet': 277.632}
COMPLETE 1362 {'signed_packet_chain': 297.977, 'packet': 286.481, 'signed_packet': 288.889}
COMPLETE 1363 {'signed_packet_chain': 296.21, 'packet': 274.956, 'signed_packet': 287.491}
COMPLETE 1364 {'signed_packet_chain': 300.066, 'packet': 277.241, 'signed_packet': 289.968}
COMPLETE 1365 {'signed_packet_chain': 299.076, 'packet': 288.533, 'signed_packet': 295.23}
COMPLETE 1366 {'signed_packet_chain': 286.613, 'packet': 269.309, 'signed_packet': 274.438}
COMPLETE 1367 {'signed_packet_chain': 298.291, 'packet': 274.752, 'signed_packet': 289.828}
COMPLETE 1368 {'signed_packet_chain': 299.044, 'packet': 281.332, 'signed_packet': 292.417}
COMPLETE 1369 {'signed_packet_chain': 354.781, 'packet': 319.765, 'signed_packet': 341.045}
COMPLETE 1370 {'signed_packet_chain': 284.589, 'packet': 275.579, 'signed_packet': 283.21}
COMPLETE 1371 {'signed_packet_chain': 453.944, 'packet': 426.081, 'signed_packet': 437.455}
COMPLETE 1372 {'signed_packet_chain': 408.322, 'packet': 377.744, 'signed_packet': 400.969}
COMPLETE 1373 {'signed_packet_chain': 409.271, 'packet': 368.1, 'signed_packet': 380.593}
COMPLETE 1374 {'signed_packet_chain': 341.313, 'packet': 331.435, 'signed_packet': 333.468}
COMPLETE 1375 {'signed_packet_chain': 317.269, 'packet': 319.243, 'signed_packet': 318.484}
COMPLETE 1376 {'signed_packet_chain': 308.546, 'packet': 302.684, 'signed_packet': 305.127}
COMPLETE 1377 {'signed_packet_chain': 388.654, 'packet': 361.784, 'signed_packet': 371.264}
COMPLETE 1378 {'signed_packet_chain': 342.049, 'packet': 335.896, 'signed_packet': 338.181}
COMPLETE 1379 {'signed_packet_chain': 294.854, 'packet': 279.639, 'signed_packet': 286.679}
COMPLETE 1380 {'signed_packet_chain': 294.998, 'packet': 273.439, 'signed_packet': 290.302}
COMPLETE 1381 {'signed_packet_chain': 253.403, 'packet': 239.36, 'signed_packet': 247.947}
COMPLETE 1382 {'signed_packet_chain': 290.684, 'packet': 266.523, 'signed_packet': 276.322}
COMPLETE 1383 {'signed_packet_chain': 307.008, 'packet': 307.73, 'signed_packet': 291.31}
COMPLETE 1384 {'signed_packet_chain': 405.419, 'packet': 374.091, 'signed_packet': 394.134}
COMPLETE 1385 {'signed_packet_chain': 317.901, 'packet': 299.375, 'signed_packet': 310.252}
COMPLETE 1386 {'signed_packet_chain': 329.19, 'packet': 306.989, 'signed_packet': 315.178}
COMPLETE 1387 {'signed_packet_chain': 248.904, 'packet': 235.087, 'signed_packet': 245.57}
COMPLETE 1388 {'signed_packet_chain': 263.093, 'packet': 247.071, 'signed_packet': 252.917}
COMPLETE 1389 {'signed_packet_chain': 279.232, 'packet': 277.259, 'signed_packet': 278.028}
COMPLETE 1390 {'signed_packet_chain': 241.87, 'packet': 229.419, 'signed_packet': 240.493}
COMPLETE 1391 {'signed_packet_chain': 260.196, 'packet': 245.027, 'signed_packet': 253.708}
COMPLETE 1392 {'signed_packet_chain': 251.876, 'packet': 247.067, 'signed_packet': 247.525}
COMPLETE 1393 {'signed_packet_chain': 250.395, 'packet': 237.804, 'signed_packet': 250.439}
COMPLETE 1394 {'signed_packet_chain': 269.842, 'packet': 254.036, 'signed_packet': 261.901}
COMPLETE 1395 {'signed_packet_chain': 260.202, 'packet': 246.702, 'signed_packet': 257.78}
COMPLETE 1396 {'signed_packet_chain': 268.638, 'packet': 249.721, 'signed_packet': 258.705}
COMPLETE 1397 {'signed_packet_chain': 269.906, 'packet': 260.428, 'signed_packet': 265.648}
COMPLETE 1398 {'signed_packet_chain': 256.396, 'packet': 244.618, 'signed_packet': 247.29}
COMPLETE 1399 {'signed_packet_chain': 255.385, 'packet': 236.523, 'signed_packet': 248.591}
COMPLETE 1400 {'signed_packet_chain': 256.204, 'packet': 241.683, 'signed_packet': 246.549}
{
  "status": "BOUNDED_CYCLE_COMPLETE",
  "pid": 1935663,
  "start_utc": "2026-09-26T23:15:53.880097+00:00",
  "deadline_utc": "2026-09-27T01:15:53.880080+00:00",
  "last_completed_N": 1400,
  "next_N": 1401,
  "completed_source_cases": 3840,
  "workers": 3,
  "project_path": "/home/sam/PycharmProjects/SAM_Research_Project/GEN4/frustrated_spin_workstation1/packet",
  "mirror": "/home/sam/PycharmProjects/SAM_Research_Project/GEN4/frustrated_spin_workstation1/packet/persistent/run",
  "safe_stop": "touch /home/sam/PycharmProjects/SAM_Research_Project/GEN4/frustrated_spin_workstation1/packet/STOP",
  "stop_signal": "kill -TERM 1935663",
  "fresh_window": true,
  "resumed_after_N": 1350,
  "current_N": 1400,
  "last_heartbeat_utc": "2026-09-26T23:23:04.530481+00:00",
  "disk_free_bytes": 95495147520,
  "memory_available_bytes": 12721627136,
  "last_completed_utc": "2026-09-26T23:23:04.486984+00:00",
  "finished_utc": "2026-09-26T23:23:04.530470+00:00"
}
